<?xml version="1.0"?>
<link_info>
   <banner>TMS320C55x Linker PC v4.4.1</banner>
   <copyright>Copyright (c) 1996-2012 Texas Instruments Incorporated</copyright>
   <link_time>0x693f3fca</link_time>
   <output_file>Final_Project.out</output_file>
   <entry_point>
      <name>_c_int00</name>
      <address>0x49c6</address>
   </entry_point>
   <input_file_list>
      <input_file id="fl-2">
         <path>.\</path>
         <kind>object</kind>
         <file>ezdsp5502.obj</file>
         <name>ezdsp5502.obj</name>
      </input_file>
      <input_file id="fl-3">
         <path>.\</path>
         <kind>object</kind>
         <file>ezdsp5502_gpio.obj</file>
         <name>ezdsp5502_gpio.obj</name>
      </input_file>
      <input_file id="fl-4">
         <path>.\</path>
         <kind>object</kind>
         <file>ezdsp5502_i2c.obj</file>
         <name>ezdsp5502_i2c.obj</name>
      </input_file>
      <input_file id="fl-5">
         <path>.\</path>
         <kind>object</kind>
         <file>ezdsp5502_i2cgpio.obj</file>
         <name>ezdsp5502_i2cgpio.obj</name>
      </input_file>
      <input_file id="fl-6">
         <path>.\</path>
         <kind>object</kind>
         <file>ezdsp5502_mcbsp.obj</file>
         <name>ezdsp5502_mcbsp.obj</name>
      </input_file>
      <input_file id="fl-7">
         <path>.\src\</path>
         <kind>object</kind>
         <file>aic3204.obj</file>
         <name>aic3204.obj</name>
      </input_file>
      <input_file id="fl-8">
         <path>.\src\</path>
         <kind>object</kind>
         <file>dma.obj</file>
         <name>dma.obj</name>
      </input_file>
      <input_file id="fl-9">
         <path>.\src\</path>
         <kind>object</kind>
         <file>effects_controller.obj</file>
         <name>effects_controller.obj</name>
      </input_file>
      <input_file id="fl-a">
         <path>.\src\</path>
         <kind>object</kind>
         <file>flanger.obj</file>
         <name>flanger.obj</name>
      </input_file>
      <input_file id="fl-b">
         <path>.\src\</path>
         <kind>object</kind>
         <file>i2cgpio.obj</file>
         <name>i2cgpio.obj</name>
      </input_file>
      <input_file id="fl-c">
         <path>.\src\</path>
         <kind>object</kind>
         <file>lcd.obj</file>
         <name>lcd.obj</name>
      </input_file>
      <input_file id="fl-d">
         <path>.\src\</path>
         <kind>object</kind>
         <file>main.obj</file>
         <name>main.obj</name>
      </input_file>
      <input_file id="fl-e">
         <path>.\src\</path>
         <kind>object</kind>
         <file>oled.obj</file>
         <name>oled.obj</name>
      </input_file>
      <input_file id="fl-f">
         <path>.\src\</path>
         <kind>object</kind>
         <file>pitch_shift.obj</file>
         <name>pitch_shift.obj</name>
      </input_file>
      <input_file id="fl-10">
         <path>.\src\</path>
         <kind>object</kind>
         <file>pll.obj</file>
         <name>pll.obj</name>
      </input_file>
      <input_file id="fl-11">
         <path>.\src\</path>
         <kind>object</kind>
         <file>reverb.obj</file>
         <name>reverb.obj</name>
      </input_file>
      <input_file id="fl-12">
         <path>.\src\</path>
         <kind>object</kind>
         <file>timer.obj</file>
         <name>timer.obj</name>
      </input_file>
      <input_file id="fl-13">
         <path>.\src\</path>
         <kind>object</kind>
         <file>tremolo.obj</file>
         <name>tremolo.obj</name>
      </input_file>
      <input_file id="fl-14">
         <path>.\src\</path>
         <kind>object</kind>
         <file>vector.obj</file>
         <name>vector.obj</name>
      </input_file>
      <input_file id="fl-2c">
         <path>C:\ti\ccs1250\ccs\tools\compiler\c5500_4.4.1\lib\</path>
         <kind>archive</kind>
         <file>rts55x.lib</file>
         <name>boot.obj</name>
      </input_file>
      <input_file id="fl-2d">
         <path>C:\ti\ccs1250\ccs\tools\compiler\c5500_4.4.1\lib\</path>
         <kind>archive</kind>
         <file>rts55x.lib</file>
         <name>cmpd.obj</name>
      </input_file>
      <input_file id="fl-2e">
         <path>C:\ti\ccs1250\ccs\tools\compiler\c5500_4.4.1\lib\</path>
         <kind>archive</kind>
         <file>rts55x.lib</file>
         <name>divd.obj</name>
      </input_file>
      <input_file id="fl-2f">
         <path>C:\ti\ccs1250\ccs\tools\compiler\c5500_4.4.1\lib\</path>
         <kind>archive</kind>
         <file>rts55x.lib</file>
         <name>exit.obj</name>
      </input_file>
      <input_file id="fl-30">
         <path>C:\ti\ccs1250\ccs\tools\compiler\c5500_4.4.1\lib\</path>
         <kind>archive</kind>
         <file>rts55x.lib</file>
         <name>fixdi.obj</name>
      </input_file>
      <input_file id="fl-31">
         <path>C:\ti\ccs1250\ccs\tools\compiler\c5500_4.4.1\lib\</path>
         <kind>archive</kind>
         <file>rts55x.lib</file>
         <name>fixdli.obj</name>
      </input_file>
      <input_file id="fl-32">
         <path>C:\ti\ccs1250\ccs\tools\compiler\c5500_4.4.1\lib\</path>
         <kind>archive</kind>
         <file>rts55x.lib</file>
         <name>fixdu.obj</name>
      </input_file>
      <input_file id="fl-33">
         <path>C:\ti\ccs1250\ccs\tools\compiler\c5500_4.4.1\lib\</path>
         <kind>archive</kind>
         <file>rts55x.lib</file>
         <name>fixdul.obj</name>
      </input_file>
      <input_file id="fl-34">
         <path>C:\ti\ccs1250\ccs\tools\compiler\c5500_4.4.1\lib\</path>
         <kind>archive</kind>
         <file>rts55x.lib</file>
         <name>fltid.obj</name>
      </input_file>
      <input_file id="fl-35">
         <path>C:\ti\ccs1250\ccs\tools\compiler\c5500_4.4.1\lib\</path>
         <kind>archive</kind>
         <file>rts55x.lib</file>
         <name>fltlid.obj</name>
      </input_file>
      <input_file id="fl-36">
         <path>C:\ti\ccs1250\ccs\tools\compiler\c5500_4.4.1\lib\</path>
         <kind>archive</kind>
         <file>rts55x.lib</file>
         <name>frcmpyd_div.obj</name>
      </input_file>
      <input_file id="fl-37">
         <path>C:\ti\ccs1250\ccs\tools\compiler\c5500_4.4.1\lib\</path>
         <kind>archive</kind>
         <file>rts55x.lib</file>
         <name>lmpy.obj</name>
      </input_file>
      <input_file id="fl-38">
         <path>C:\ti\ccs1250\ccs\tools\compiler\c5500_4.4.1\lib\</path>
         <kind>archive</kind>
         <file>rts55x.lib</file>
         <name>mpyd.obj</name>
      </input_file>
      <input_file id="fl-39">
         <path>C:\ti\ccs1250\ccs\tools\compiler\c5500_4.4.1\lib\</path>
         <kind>archive</kind>
         <file>rts55x.lib</file>
         <name>sin.obj</name>
      </input_file>
      <input_file id="fl-3a">
         <path>C:\ti\ccs1250\ccs\tools\compiler\c5500_4.4.1\lib\</path>
         <kind>archive</kind>
         <file>rts55x.lib</file>
         <name>subd.obj</name>
      </input_file>
      <input_file id="fl-3b">
         <path>C:\ti\ccs1250\ccs\tools\compiler\c5500_4.4.1\lib\</path>
         <kind>archive</kind>
         <file>rts55x.lib</file>
         <name>trunc.obj</name>
      </input_file>
      <input_file id="fl-3c">
         <path>C:\ti\ccs1250\ccs\tools\compiler\c5500_4.4.1\lib\</path>
         <kind>archive</kind>
         <file>rts55x.lib</file>
         <name>vectors.obj</name>
      </input_file>
      <input_file id="fl-3d">
         <path>C:\ti\ccs1250\ccs\tools\compiler\c5500_4.4.1\lib\</path>
         <kind>archive</kind>
         <file>rts55x.lib</file>
         <name>_lock.obj</name>
      </input_file>
      <input_file id="fl-3e">
         <path>C:\ti\ccs1250\ccs\tools\compiler\c5500_4.4.1\lib\</path>
         <kind>archive</kind>
         <file>rts55x.lib</file>
         <name>addd.obj</name>
      </input_file>
      <input_file id="fl-3f">
         <path>C:\ti\ccs1250\ccs\tools\compiler\c5500_4.4.1\lib\</path>
         <kind>archive</kind>
         <file>rts55x.lib</file>
         <name>args_main.obj</name>
      </input_file>
      <input_file id="fl-40">
         <path>C:\ti\ccs1250\ccs\tools\compiler\c5500_4.4.1\lib\</path>
         <kind>archive</kind>
         <file>rts55x.lib</file>
         <name>autoinit.obj</name>
      </input_file>
      <input_file id="fl-41">
         <path>C:\ti\ccs1250\ccs\tools\compiler\c5500_4.4.1\lib\</path>
         <kind>archive</kind>
         <file>rts55x.lib</file>
         <name>frcmpyd.obj</name>
      </input_file>
      <input_file id="fl-42">
         <path>C:\ti\ccs1250\ccs\tools\compiler\c5500_4.4.1\lib\</path>
         <kind>archive</kind>
         <file>rts55x.lib</file>
         <name>modf.obj</name>
      </input_file>
      <input_file id="fl-43">
         <path>C:\ti\ccs1250\ccs\tools\compiler\c5500_4.4.1\lib\</path>
         <kind>archive</kind>
         <file>rts55x.lib</file>
         <name>negd.obj</name>
      </input_file>
      <input_file id="fl-44">
         <path>C:\ti\ccs1250\ccs\tools\compiler\c5500_4.4.1\lib\</path>
         <kind>archive</kind>
         <file>rts55x.lib</file>
         <name>round.obj</name>
      </input_file>
      <input_file id="fl-45">
         <path>C:\Users\eduar\Downloads\ezdsp5502_BSL_RevC\ezdsp5502_v1\C55xxCSL\lib\</path>
         <kind>archive</kind>
         <file>csl5502x.lib</file>
         <name>_csl_init.obj</name>
      </input_file>
      <input_file id="fl-46">
         <path>C:\Users\eduar\Downloads\ezdsp5502_BSL_RevC\ezdsp5502_v1\C55xxCSL\lib\</path>
         <kind>archive</kind>
         <file>csl5502x.lib</file>
         <name>csl.obj</name>
      </input_file>
      <input_file id="fl-47">
         <path>C:\Users\eduar\Downloads\ezdsp5502_BSL_RevC\ezdsp5502_v1\C55xxCSL\lib\</path>
         <kind>archive</kind>
         <file>csl5502x.lib</file>
         <name>csl_csldat.obj</name>
      </input_file>
      <input_file id="fl-48">
         <path>C:\Users\eduar\Downloads\ezdsp5502_BSL_RevC\ezdsp5502_v1\C55xxCSL\lib\</path>
         <kind>archive</kind>
         <file>csl5502x.lib</file>
         <name>csl_gpiodat.obj</name>
      </input_file>
      <input_file id="fl-49">
         <path>C:\Users\eduar\Downloads\ezdsp5502_BSL_RevC\ezdsp5502_v1\C55xxCSL\lib\</path>
         <kind>archive</kind>
         <file>csl5502x.lib</file>
         <name>dma_cfg.obj</name>
      </input_file>
      <input_file id="fl-4a">
         <path>C:\Users\eduar\Downloads\ezdsp5502_BSL_RevC\ezdsp5502_v1\C55xxCSL\lib\</path>
         <kind>archive</kind>
         <file>csl5502x.lib</file>
         <name>dma_open.obj</name>
      </input_file>
      <input_file id="fl-4b">
         <path>C:\Users\eduar\Downloads\ezdsp5502_BSL_RevC\ezdsp5502_v1\C55xxCSL\lib\</path>
         <kind>archive</kind>
         <file>csl5502x.lib</file>
         <name>dma_reset.obj</name>
      </input_file>
      <input_file id="fl-4c">
         <path>C:\Users\eduar\Downloads\ezdsp5502_BSL_RevC\ezdsp5502_v1\C55xxCSL\lib\</path>
         <kind>archive</kind>
         <file>csl5502x.lib</file>
         <name>gpt_cfg.obj</name>
      </input_file>
      <input_file id="fl-4d">
         <path>C:\Users\eduar\Downloads\ezdsp5502_BSL_RevC\ezdsp5502_v1\C55xxCSL\lib\</path>
         <kind>archive</kind>
         <file>csl5502x.lib</file>
         <name>gpt_open.obj</name>
      </input_file>
      <input_file id="fl-4e">
         <path>C:\Users\eduar\Downloads\ezdsp5502_BSL_RevC\ezdsp5502_v1\C55xxCSL\lib\</path>
         <kind>archive</kind>
         <file>csl5502x.lib</file>
         <name>gpt_rstt.obj</name>
      </input_file>
      <input_file id="fl-4f">
         <path>C:\Users\eduar\Downloads\ezdsp5502_BSL_RevC\ezdsp5502_v1\C55xxCSL\lib\</path>
         <kind>archive</kind>
         <file>csl5502x.lib</file>
         <name>i2c_read.obj</name>
      </input_file>
      <input_file id="fl-50">
         <path>C:\Users\eduar\Downloads\ezdsp5502_BSL_RevC\ezdsp5502_v1\C55xxCSL\lib\</path>
         <kind>archive</kind>
         <file>csl5502x.lib</file>
         <name>i2c_write.obj</name>
      </input_file>
      <input_file id="fl-51">
         <path>C:\Users\eduar\Downloads\ezdsp5502_BSL_RevC\ezdsp5502_v1\C55xxCSL\lib\</path>
         <kind>archive</kind>
         <file>csl5502x.lib</file>
         <name>irq_gdisab.obj</name>
      </input_file>
      <input_file id="fl-52">
         <path>C:\Users\eduar\Downloads\ezdsp5502_BSL_RevC\ezdsp5502_v1\C55xxCSL\lib\</path>
         <kind>archive</kind>
         <file>csl5502x.lib</file>
         <name>irq_genab.obj</name>
      </input_file>
      <input_file id="fl-53">
         <path>C:\Users\eduar\Downloads\ezdsp5502_BSL_RevC\ezdsp5502_v1\C55xxCSL\lib\</path>
         <kind>archive</kind>
         <file>csl5502x.lib</file>
         <name>irq_grest.obj</name>
      </input_file>
      <input_file id="fl-54">
         <path>C:\Users\eduar\Downloads\ezdsp5502_BSL_RevC\ezdsp5502_v1\C55xxCSL\lib\</path>
         <kind>archive</kind>
         <file>csl5502x.lib</file>
         <name>irq_pluga.obj</name>
      </input_file>
      <input_file id="fl-55">
         <path>C:\Users\eduar\Downloads\ezdsp5502_BSL_RevC\ezdsp5502_v1\C55xxCSL\lib\</path>
         <kind>archive</kind>
         <file>csl5502x.lib</file>
         <name>mcbsp_cfg.obj</name>
      </input_file>
      <input_file id="fl-56">
         <path>C:\Users\eduar\Downloads\ezdsp5502_BSL_RevC\ezdsp5502_v1\C55xxCSL\lib\</path>
         <kind>archive</kind>
         <file>csl5502x.lib</file>
         <name>mcbsp_cls.obj</name>
      </input_file>
      <input_file id="fl-57">
         <path>C:\Users\eduar\Downloads\ezdsp5502_BSL_RevC\ezdsp5502_v1\C55xxCSL\lib\</path>
         <kind>archive</kind>
         <file>csl5502x.lib</file>
         <name>mcbsp_open.obj</name>
      </input_file>
      <input_file id="fl-58">
         <path>C:\Users\eduar\Downloads\ezdsp5502_BSL_RevC\ezdsp5502_v1\C55xxCSL\lib\</path>
         <kind>archive</kind>
         <file>csl5502x.lib</file>
         <name>mcbsp_rst.obj</name>
      </input_file>
      <input_file id="fl-59">
         <path>C:\Users\eduar\Downloads\ezdsp5502_BSL_RevC\ezdsp5502_v1\C55xxCSL\lib\</path>
         <kind>archive</kind>
         <file>csl5502x.lib</file>
         <name>mcbsp_start.obj</name>
      </input_file>
      <input_file id="fl-5a">
         <path>C:\Users\eduar\Downloads\ezdsp5502_BSL_RevC\ezdsp5502_v1\C55xxCSL\lib\</path>
         <kind>archive</kind>
         <file>csl5502x.lib</file>
         <name>pll_cfg.obj</name>
      </input_file>
      <input_file id="fl-5b">
         <path>C:\Users\eduar\Downloads\ezdsp5502_BSL_RevC\ezdsp5502_v1\C55xxCSL\lib\</path>
         <kind>archive</kind>
         <file>csl5502x.lib</file>
         <name>pll_setfrq.obj</name>
      </input_file>
      <input_file id="fl-5c">
         <path>C:\Users\eduar\Downloads\ezdsp5502_BSL_RevC\ezdsp5502_v1\C55xxCSL\lib\</path>
         <kind>archive</kind>
         <file>csl5502x.lib</file>
         <name>csl_dmadat.obj</name>
      </input_file>
      <input_file id="fl-5d">
         <path>C:\Users\eduar\Downloads\ezdsp5502_BSL_RevC\ezdsp5502_v1\C55xxCSL\lib\</path>
         <kind>archive</kind>
         <file>csl5502x.lib</file>
         <name>csl_gptdat.obj</name>
      </input_file>
      <input_file id="fl-5e">
         <path>C:\Users\eduar\Downloads\ezdsp5502_BSL_RevC\ezdsp5502_v1\C55xxCSL\lib\</path>
         <kind>archive</kind>
         <file>csl5502x.lib</file>
         <name>csl_mcbspdat.obj</name>
      </input_file>
   </input_file_list>
   <object_component_list>
      <object_component id="oc-62">
         <name>.text</name>
         <load_address>0x300</load_address>
         <run_address>0x300</run_address>
         <size>0x5e7</size>
         <input_file_ref idref="fl-e"/>
      </object_component>
      <object_component id="oc-31">
         <name>.text</name>
         <load_address>0x8e7</load_address>
         <run_address>0x8e7</run_address>
         <size>0x4e8</size>
         <input_file_ref idref="fl-7"/>
      </object_component>
      <object_component id="oc-76">
         <name>.text</name>
         <load_address>0xdcf</load_address>
         <run_address>0xdcf</run_address>
         <size>0x4a8</size>
         <input_file_ref idref="fl-11"/>
      </object_component>
      <object_component id="oc-9b">
         <name>.text</name>
         <load_address>0x1277</load_address>
         <run_address>0x1277</run_address>
         <size>0x3cc</size>
         <input_file_ref idref="fl-2e"/>
      </object_component>
      <object_component id="oc-1b">
         <name>.text</name>
         <load_address>0x1643</load_address>
         <run_address>0x1643</run_address>
         <size>0x3af</size>
         <input_file_ref idref="fl-3"/>
      </object_component>
      <object_component id="oc-5a">
         <name>.text</name>
         <load_address>0x19f2</load_address>
         <run_address>0x19f2</run_address>
         <size>0x2f8</size>
         <input_file_ref idref="fl-d"/>
      </object_component>
      <object_component id="oc-36">
         <name>.text</name>
         <load_address>0x1cea</load_address>
         <run_address>0x1cea</run_address>
         <size>0x286</size>
         <input_file_ref idref="fl-8"/>
      </object_component>
      <object_component id="oc-119">
         <name>.text:MCBSP_reset</name>
         <load_address>0x1f70</load_address>
         <run_address>0x1f70</run_address>
         <size>0x261</size>
         <input_file_ref idref="fl-58"/>
      </object_component>
      <object_component id="oc-e5">
         <name>.text</name>
         <load_address>0x21d1</load_address>
         <run_address>0x21d1</run_address>
         <size>0x25a</size>
         <input_file_ref idref="fl-3e"/>
      </object_component>
      <object_component id="oc-55">
         <name>.text</name>
         <load_address>0x242b</load_address>
         <run_address>0x242b</run_address>
         <size>0x224</size>
         <input_file_ref idref="fl-c"/>
      </object_component>
      <object_component id="oc-7f">
         <name>.text</name>
         <load_address>0x264f</load_address>
         <run_address>0x264f</run_address>
         <size>0x20e</size>
         <input_file_ref idref="fl-12"/>
      </object_component>
      <object_component id="oc-cb">
         <name>.text</name>
         <load_address>0x285d</load_address>
         <run_address>0x285d</run_address>
         <size>0x1f2</size>
         <input_file_ref idref="fl-39"/>
      </object_component>
      <object_component id="oc-97">
         <name>.text</name>
         <load_address>0x2a4f</load_address>
         <run_address>0x2a4f</run_address>
         <size>0x1ea</size>
         <input_file_ref idref="fl-2d"/>
      </object_component>
      <object_component id="oc-3b">
         <name>.text:retain</name>
         <load_address>0x2c39</load_address>
         <run_address>0x2c39</run_address>
         <size>0x1e3</size>
         <input_file_ref idref="fl-8"/>
      </object_component>
      <object_component id="oc-10c">
         <name>.text:DMA_reset</name>
         <load_address>0x2e1c</load_address>
         <run_address>0x2e1c</run_address>
         <size>0x1ca</size>
         <input_file_ref idref="fl-4b"/>
      </object_component>
      <object_component id="oc-3f">
         <name>.text</name>
         <load_address>0x2fe6</load_address>
         <run_address>0x2fe6</run_address>
         <size>0x1ad</size>
         <input_file_ref idref="fl-9"/>
      </object_component>
      <object_component id="oc-68">
         <name>.text</name>
         <load_address>0x3193</load_address>
         <run_address>0x3193</run_address>
         <size>0x1a6</size>
         <input_file_ref idref="fl-f"/>
      </object_component>
      <object_component id="oc-db">
         <name>.text</name>
         <load_address>0x3339</load_address>
         <run_address>0x3339</run_address>
         <size>0x2</size>
         <input_file_ref idref="fl-3c"/>
      </object_component>
      <object_component id="oc-111">
         <name>.text:I2C_write</name>
         <load_address>0x333c</load_address>
         <run_address>0x333c</run_address>
         <size>0x18e</size>
         <input_file_ref idref="fl-50"/>
      </object_component>
      <object_component id="oc-47">
         <name>.text</name>
         <load_address>0x34ca</load_address>
         <run_address>0x34ca</run_address>
         <size>0x17f</size>
         <input_file_ref idref="fl-a"/>
      </object_component>
      <object_component id="oc-8e">
         <name>.text</name>
         <load_address>0x3649</load_address>
         <run_address>0x3649</run_address>
         <size>0x2</size>
         <input_file_ref idref="fl-14"/>
      </object_component>
      <object_component id="oc-110">
         <name>.text:I2C_read</name>
         <load_address>0x364c</load_address>
         <run_address>0x364c</run_address>
         <size>0x15d</size>
         <input_file_ref idref="fl-4f"/>
      </object_component>
      <object_component id="oc-26">
         <name>.text</name>
         <load_address>0x37a9</load_address>
         <run_address>0x37a9</run_address>
         <size>0x14e</size>
         <input_file_ref idref="fl-5"/>
      </object_component>
      <object_component id="oc-c7">
         <name>.text</name>
         <load_address>0x38f7</load_address>
         <run_address>0x38f7</run_address>
         <size>0x14c</size>
         <input_file_ref idref="fl-38"/>
      </object_component>
      <object_component id="oc-116">
         <name>.text:MCBSP_config</name>
         <load_address>0x3a44</load_address>
         <run_address>0x3a44</run_address>
         <size>0x130</size>
         <input_file_ref idref="fl-55"/>
      </object_component>
      <object_component id="oc-10a">
         <name>.text:DMA_config</name>
         <load_address>0x3b74</load_address>
         <run_address>0x3b74</run_address>
         <size>0x10e</size>
         <input_file_ref idref="fl-49"/>
      </object_component>
      <object_component id="oc-118">
         <name>.text:MCBSP_open</name>
         <load_address>0x3c84</load_address>
         <run_address>0x3c84</run_address>
         <size>0xee</size>
         <input_file_ref idref="fl-57"/>
      </object_component>
      <object_component id="oc-10f">
         <name>.text:GPT_reset</name>
         <load_address>0x3d74</load_address>
         <run_address>0x3d74</run_address>
         <size>0xd5</size>
         <input_file_ref idref="fl-4e"/>
      </object_component>
      <object_component id="oc-10b">
         <name>.text:DMA_open</name>
         <load_address>0x3e4c</load_address>
         <run_address>0x3e4c</run_address>
         <size>0xcb</size>
         <input_file_ref idref="fl-4a"/>
      </object_component>
      <object_component id="oc-10e">
         <name>.text:GPT_open</name>
         <load_address>0x3f18</load_address>
         <run_address>0x3f18</run_address>
         <size>0xc3</size>
         <input_file_ref idref="fl-4d"/>
      </object_component>
      <object_component id="oc-f5">
         <name>.text</name>
         <load_address>0x3fdb</load_address>
         <run_address>0x3fdb</run_address>
         <size>0xbf</size>
         <input_file_ref idref="fl-42"/>
      </object_component>
      <object_component id="oc-11b">
         <name>.text:PLL_config</name>
         <load_address>0x409c</load_address>
         <run_address>0x409c</run_address>
         <size>0xae</size>
         <input_file_ref idref="fl-5a"/>
      </object_component>
      <object_component id="oc-2b">
         <name>.text</name>
         <load_address>0x414a</load_address>
         <run_address>0x414a</run_address>
         <size>0xab</size>
         <input_file_ref idref="fl-6"/>
      </object_component>
      <object_component id="oc-11c">
         <name>.text</name>
         <load_address>0x41f8</load_address>
         <run_address>0x41f8</run_address>
         <size>0xa8</size>
         <input_file_ref idref="fl-5b"/>
      </object_component>
      <object_component id="oc-21">
         <name>.text</name>
         <load_address>0x42a0</load_address>
         <run_address>0x42a0</run_address>
         <size>0x92</size>
         <input_file_ref idref="fl-4"/>
      </object_component>
      <object_component id="oc-115">
         <name>.text</name>
         <load_address>0x4332</load_address>
         <run_address>0x4332</run_address>
         <size>0x89</size>
         <input_file_ref idref="fl-54"/>
      </object_component>
      <object_component id="oc-11a">
         <name>.text:MCBSP_start</name>
         <load_address>0x43bc</load_address>
         <run_address>0x43bc</run_address>
         <size>0x82</size>
         <input_file_ref idref="fl-59"/>
      </object_component>
      <object_component id="oc-87">
         <name>.text</name>
         <load_address>0x443e</load_address>
         <run_address>0x443e</run_address>
         <size>0x7c</size>
         <input_file_ref idref="fl-13"/>
      </object_component>
      <object_component id="oc-10d">
         <name>.text:GPT_config</name>
         <load_address>0x44bc</load_address>
         <run_address>0x44bc</run_address>
         <size>0x7b</size>
         <input_file_ref idref="fl-4c"/>
      </object_component>
      <object_component id="oc-b2">
         <name>.text</name>
         <load_address>0x4537</load_address>
         <run_address>0x4537</run_address>
         <size>0x77</size>
         <input_file_ref idref="fl-33"/>
      </object_component>
      <object_component id="oc-f1">
         <name>.text</name>
         <load_address>0x45ae</load_address>
         <run_address>0x45ae</run_address>
         <size>0x76</size>
         <input_file_ref idref="fl-41"/>
      </object_component>
      <object_component id="oc-bf">
         <name>.text</name>
         <load_address>0x4624</load_address>
         <run_address>0x4624</run_address>
         <size>0x73</size>
         <input_file_ref idref="fl-36"/>
      </object_component>
      <object_component id="oc-aa">
         <name>.text</name>
         <load_address>0x4697</load_address>
         <run_address>0x4697</run_address>
         <size>0x6f</size>
         <input_file_ref idref="fl-31"/>
      </object_component>
      <object_component id="oc-ba">
         <name>.text</name>
         <load_address>0x4706</load_address>
         <run_address>0x4706</run_address>
         <size>0x67</size>
         <input_file_ref idref="fl-35"/>
      </object_component>
      <object_component id="oc-fe">
         <name>.text</name>
         <load_address>0x476d</load_address>
         <run_address>0x476d</run_address>
         <size>0x5f</size>
         <input_file_ref idref="fl-44"/>
      </object_component>
      <object_component id="oc-16">
         <name>.text</name>
         <load_address>0x47cc</load_address>
         <run_address>0x47cc</run_address>
         <size>0x57</size>
         <input_file_ref idref="fl-2"/>
      </object_component>
      <object_component id="oc-50">
         <name>.text</name>
         <load_address>0x4823</load_address>
         <run_address>0x4823</run_address>
         <size>0x56</size>
         <input_file_ref idref="fl-b"/>
      </object_component>
      <object_component id="oc-ed">
         <name>.text</name>
         <load_address>0x4879</load_address>
         <run_address>0x4879</run_address>
         <size>0x4d</size>
         <input_file_ref idref="fl-40"/>
      </object_component>
      <object_component id="oc-e9">
         <name>.text</name>
         <load_address>0x48c6</load_address>
         <run_address>0x48c6</run_address>
         <size>0x4b</size>
         <input_file_ref idref="fl-3f"/>
      </object_component>
      <object_component id="oc-d6">
         <name>.text</name>
         <load_address>0x4911</load_address>
         <run_address>0x4911</run_address>
         <size>0x41</size>
         <input_file_ref idref="fl-3b"/>
      </object_component>
      <object_component id="oc-9f">
         <name>.text</name>
         <load_address>0x4952</load_address>
         <run_address>0x4952</run_address>
         <size>0x3e</size>
         <input_file_ref idref="fl-2f"/>
      </object_component>
      <object_component id="oc-117">
         <name>.text:MCBSP_close</name>
         <load_address>0x4990</load_address>
         <run_address>0x4990</run_address>
         <size>0x36</size>
         <input_file_ref idref="fl-56"/>
      </object_component>
      <object_component id="oc-14">
         <name>.text</name>
         <load_address>0x49c6</load_address>
         <run_address>0x49c6</run_address>
         <size>0x34</size>
         <input_file_ref idref="fl-2c"/>
      </object_component>
      <object_component id="oc-a6">
         <name>.text</name>
         <load_address>0x49fa</load_address>
         <run_address>0x49fa</run_address>
         <size>0x2a</size>
         <input_file_ref idref="fl-30"/>
      </object_component>
      <object_component id="oc-6f">
         <name>.text</name>
         <load_address>0x4a24</load_address>
         <run_address>0x4a24</run_address>
         <size>0x22</size>
         <input_file_ref idref="fl-10"/>
      </object_component>
      <object_component id="oc-83">
         <name>.text:retain</name>
         <load_address>0x4a46</load_address>
         <run_address>0x4a46</run_address>
         <size>0x22</size>
         <input_file_ref idref="fl-12"/>
      </object_component>
      <object_component id="oc-ae">
         <name>.text</name>
         <load_address>0x4a68</load_address>
         <run_address>0x4a68</run_address>
         <size>0x1b</size>
         <input_file_ref idref="fl-32"/>
      </object_component>
      <object_component id="oc-d2">
         <name>.text</name>
         <load_address>0x4a83</load_address>
         <run_address>0x4a83</run_address>
         <size>0x14</size>
         <input_file_ref idref="fl-3a"/>
      </object_component>
      <object_component id="oc-c3">
         <name>.text</name>
         <load_address>0x4a97</load_address>
         <run_address>0x4a97</run_address>
         <size>0x13</size>
         <input_file_ref idref="fl-37"/>
      </object_component>
      <object_component id="oc-df">
         <name>.text</name>
         <load_address>0x4aaa</load_address>
         <run_address>0x4aaa</run_address>
         <size>0x12</size>
         <input_file_ref idref="fl-3d"/>
      </object_component>
      <object_component id="oc-fa">
         <name>.text</name>
         <load_address>0x4abc</load_address>
         <run_address>0x4abc</run_address>
         <size>0x10</size>
         <input_file_ref idref="fl-43"/>
      </object_component>
      <object_component id="oc-112">
         <name>.text:IRQ_globalDisable</name>
         <load_address>0x4acc</load_address>
         <run_address>0x4acc</run_address>
         <size>0xf</size>
         <input_file_ref idref="fl-51"/>
      </object_component>
      <object_component id="oc-113">
         <name>.text:IRQ_globalEnable</name>
         <load_address>0x4adc</load_address>
         <run_address>0x4adc</run_address>
         <size>0xf</size>
         <input_file_ref idref="fl-52"/>
      </object_component>
      <object_component id="oc-103">
         <name>.text:_CSL_init</name>
         <load_address>0x4aec</load_address>
         <run_address>0x4aec</run_address>
         <size>0xd</size>
         <input_file_ref idref="fl-45"/>
      </object_component>
      <object_component id="oc-105">
         <name>.text:CSL_init</name>
         <load_address>0x4afc</load_address>
         <run_address>0x4afc</run_address>
         <size>0xc</size>
         <input_file_ref idref="fl-46"/>
      </object_component>
      <object_component id="oc-114">
         <name>.text:IRQ_globalRestore</name>
         <load_address>0x4b08</load_address>
         <run_address>0x4b08</run_address>
         <size>0xc</size>
         <input_file_ref idref="fl-53"/>
      </object_component>
      <object_component id="oc-b6">
         <name>.text</name>
         <load_address>0x4b14</load_address>
         <run_address>0x4b14</run_address>
         <size>0xc</size>
         <input_file_ref idref="fl-34"/>
      </object_component>
      <object_component id="oc-a3">
         <name>.text:CIO_breakpoint</name>
         <load_address>0x4b20</load_address>
         <run_address>0x4b20</run_address>
         <size>0x7</size>
         <input_file_ref idref="fl-2f"/>
      </object_component>
      <object_component id="oc-104">
         <name>.text</name>
         <load_address>0x4b28</load_address>
         <run_address>0x4b28</run_address>
         <size>0x2</size>
         <input_file_ref idref="fl-46"/>
      </object_component>
      <object_component id="oc-93">
         <name>.stack</name>
         <load_address>0x4b40</load_address>
         <run_address>0x4b40</run_address>
         <size>0x0</size>
         <input_file_ref idref="fl-2c"/>
      </object_component>
      <object_component id="oc-147">
         <name>.stack</name>
         <load_address>0x4b40</load_address>
         <run_address>0x4b40</run_address>
         <size>0x0</size>
      </object_component>
      <object_component id="oc-123">
         <name>.sysstack</name>
         <load_address>0x5340</load_address>
         <run_address>0x5340</run_address>
         <size>0x0</size>
         <input_file_ref idref="fl-2c"/>
      </object_component>
      <object_component id="oc-148">
         <name>.sysstack</name>
         <load_address>0x5340</load_address>
         <run_address>0x5340</run_address>
         <size>0x0</size>
      </object_component>
      <object_component id="oc-11e">
         <name>.csldata:DMA_data</name>
         <load_address>0xaf00</load_address>
         <run_address>0xaf00</run_address>
         <size>0xfc</size>
         <input_file_ref idref="fl-5c"/>
      </object_component>
      <object_component id="oc-122">
         <name>.csldata:MCBSP_data</name>
         <load_address>0xaffc</load_address>
         <run_address>0xaffc</run_address>
         <size>0xcc</size>
         <input_file_ref idref="fl-5e"/>
      </object_component>
      <object_component id="oc-107">
         <name>.csldata:SYS_data</name>
         <load_address>0xb0c8</load_address>
         <run_address>0xb0c8</run_address>
         <size>0x44</size>
         <input_file_ref idref="fl-47"/>
      </object_component>
      <object_component id="oc-109">
         <name>.csldata:GPIO_data</name>
         <load_address>0xb10c</load_address>
         <run_address>0xb10c</run_address>
         <size>0x40</size>
         <input_file_ref idref="fl-48"/>
      </object_component>
      <object_component id="oc-120">
         <name>.csldata:GPT_data</name>
         <load_address>0xb14c</load_address>
         <run_address>0xb14c</run_address>
         <size>0x10</size>
         <input_file_ref idref="fl-5d"/>
      </object_component>
      <object_component id="oc-69">
         <name>.bss</name>
         <load_address>0x8800</load_address>
         <run_address>0x8800</run_address>
         <size>0x2014</size>
         <input_file_ref idref="fl-f"/>
      </object_component>
      <object_component id="oc-77">
         <name>.bss</name>
         <load_address>0xa814</load_address>
         <run_address>0xa814</run_address>
         <size>0xba</size>
         <input_file_ref idref="fl-11"/>
      </object_component>
      <object_component id="oc-37">
         <name>.bss</name>
         <load_address>0xa8d0</load_address>
         <run_address>0xa8d0</run_address>
         <size>0x54</size>
         <input_file_ref idref="fl-8"/>
      </object_component>
      <object_component id="oc-40">
         <name>.bss</name>
         <load_address>0xa924</load_address>
         <run_address>0xa924</run_address>
         <size>0x36</size>
         <input_file_ref idref="fl-9"/>
      </object_component>
      <object_component id="oc-80">
         <name>.bss</name>
         <load_address>0xa95c</load_address>
         <run_address>0xa95c</run_address>
         <size>0x24</size>
         <input_file_ref idref="fl-12"/>
      </object_component>
      <object_component id="oc-70">
         <name>.bss</name>
         <load_address>0xa980</load_address>
         <run_address>0xa980</run_address>
         <size>0x14</size>
         <input_file_ref idref="fl-10"/>
      </object_component>
      <object_component id="oc-1c">
         <name>.bss</name>
         <load_address>0xa994</load_address>
         <run_address>0xa994</run_address>
         <size>0x10</size>
         <input_file_ref idref="fl-3"/>
      </object_component>
      <object_component id="oc-cc">
         <name>.bss</name>
         <load_address>0xa9a4</load_address>
         <run_address>0xa9a4</run_address>
         <size>0x10</size>
         <input_file_ref idref="fl-39"/>
      </object_component>
      <object_component id="oc-48">
         <name>.bss</name>
         <load_address>0xa9b4</load_address>
         <run_address>0xa9b4</run_address>
         <size>0xc</size>
         <input_file_ref idref="fl-a"/>
      </object_component>
      <object_component id="oc-88">
         <name>.bss</name>
         <load_address>0xa9c0</load_address>
         <run_address>0xa9c0</run_address>
         <size>0xc</size>
         <input_file_ref idref="fl-13"/>
      </object_component>
      <object_component id="oc-5b">
         <name>.bss</name>
         <load_address>0xa9cc</load_address>
         <run_address>0xa9cc</run_address>
         <size>0x8</size>
         <input_file_ref idref="fl-d"/>
      </object_component>
      <object_component id="oc-e0">
         <name>.bss</name>
         <load_address>0xa9d4</load_address>
         <run_address>0xa9d4</run_address>
         <size>0x8</size>
         <input_file_ref idref="fl-3d"/>
      </object_component>
      <object_component id="oc-a0">
         <name>.bss</name>
         <load_address>0xa9dc</load_address>
         <run_address>0xa9dc</run_address>
         <size>0x8</size>
         <input_file_ref idref="fl-2f"/>
      </object_component>
      <object_component id="oc-2c">
         <name>.bss</name>
         <load_address>0xa9e4</load_address>
         <run_address>0xa9e4</run_address>
         <size>0x4</size>
         <input_file_ref idref="fl-6"/>
      </object_component>
      <object_component id="oc-8a">
         <name>.const</name>
         <load_address>0xaa00</load_address>
         <run_address>0xaa00</run_address>
         <size>0x200</size>
         <input_file_ref idref="fl-13"/>
      </object_component>
      <object_component id="oc-64">
         <name>.const:.string</name>
         <load_address>0xac00</load_address>
         <run_address>0xac00</run_address>
         <size>0xd8</size>
         <input_file_ref idref="fl-e"/>
      </object_component>
      <object_component id="oc-129">
         <name>.const:_REVERB_PRESETS</name>
         <load_address>0xacd8</load_address>
         <run_address>0xacd8</run_address>
         <size>0xb4</size>
         <input_file_ref idref="fl-11"/>
      </object_component>
      <object_component id="oc-43">
         <name>.const:.string</name>
         <load_address>0xad8c</load_address>
         <run_address>0xad8c</run_address>
         <size>0x60</size>
         <input_file_ref idref="fl-9"/>
      </object_component>
      <object_component id="oc-125">
         <name>.const:_$P$T0$1</name>
         <load_address>0xadec</load_address>
         <run_address>0xadec</run_address>
         <size>0x36</size>
         <input_file_ref idref="fl-6"/>
      </object_component>
      <object_component id="oc-cf">
         <name>.const</name>
         <load_address>0xae24</load_address>
         <run_address>0xae24</run_address>
         <size>0x28</size>
         <input_file_ref idref="fl-39"/>
      </object_component>
      <object_component id="oc-124">
         <name>.const:_$P$T0$1</name>
         <load_address>0xae4c</load_address>
         <run_address>0xae4c</run_address>
         <size>0x14</size>
         <input_file_ref idref="fl-4"/>
      </object_component>
      <object_component id="oc-12a">
         <name>.const:_initial_approx$1</name>
         <load_address>0xae60</load_address>
         <run_address>0xae60</run_address>
         <size>0x10</size>
         <input_file_ref idref="fl-2e"/>
      </object_component>
      <object_component id="oc-5e">
         <name>.const</name>
         <load_address>0xae70</load_address>
         <run_address>0xae70</run_address>
         <size>0x10</size>
         <input_file_ref idref="fl-d"/>
      </object_component>
      <object_component id="oc-6b">
         <name>.const</name>
         <load_address>0xae80</load_address>
         <run_address>0xae80</run_address>
         <size>0x10</size>
         <input_file_ref idref="fl-f"/>
      </object_component>
      <object_component id="oc-7b">
         <name>.const</name>
         <load_address>0xae90</load_address>
         <run_address>0xae90</run_address>
         <size>0x10</size>
         <input_file_ref idref="fl-11"/>
      </object_component>
      <object_component id="oc-100">
         <name>.const</name>
         <load_address>0xaea0</load_address>
         <run_address>0xaea0</run_address>
         <size>0x10</size>
         <input_file_ref idref="fl-44"/>
      </object_component>
      <object_component id="oc-4c">
         <name>.const</name>
         <load_address>0xaeb0</load_address>
         <run_address>0xaeb0</run_address>
         <size>0xc</size>
         <input_file_ref idref="fl-a"/>
      </object_component>
      <object_component id="oc-f7">
         <name>.const</name>
         <load_address>0xaebc</load_address>
         <run_address>0xaebc</run_address>
         <size>0xc</size>
         <input_file_ref idref="fl-42"/>
      </object_component>
      <object_component id="oc-d8">
         <name>.const</name>
         <load_address>0xaec8</load_address>
         <run_address>0xaec8</run_address>
         <size>0x8</size>
         <input_file_ref idref="fl-3b"/>
      </object_component>
      <object_component id="oc-bc">
         <name>.const</name>
         <load_address>0xaed0</load_address>
         <run_address>0xaed0</run_address>
         <size>0x4</size>
         <input_file_ref idref="fl-35"/>
      </object_component>
      <object_component id="oc-127">
         <name>.switch:_oled_print_char</name>
         <load_address>0x5ee8</load_address>
         <run_address>0x5ee8</run_address>
         <size>0xc0</size>
         <input_file_ref idref="fl-e"/>
      </object_component>
      <object_component id="oc-126">
         <name>.switch:_checkSwitch</name>
         <load_address>0x5fa8</load_address>
         <run_address>0x5fa8</run_address>
         <size>0x24</size>
         <input_file_ref idref="fl-d"/>
      </object_component>
      <object_component id="oc-128">
         <name>.switch:_oled_show_effect_step_name</name>
         <load_address>0x5fcc</load_address>
         <run_address>0x5fcc</run_address>
         <size>0x24</size>
         <input_file_ref idref="fl-e"/>
      </object_component>
      <object_component id="oc-11d">
         <name>.cinit</name>
         <load_address>0x5b40</load_address>
         <run_address>0x5b40</run_address>
         <size>0x102</size>
         <input_file_ref idref="fl-5c"/>
      </object_component>
      <object_component id="oc-121">
         <name>.cinit</name>
         <load_address>0x5c42</load_address>
         <run_address>0x5c42</run_address>
         <size>0xd2</size>
         <input_file_ref idref="fl-5e"/>
      </object_component>
      <object_component id="oc-39">
         <name>.cinit</name>
         <load_address>0x5d14</load_address>
         <run_address>0x5d14</run_address>
         <size>0x58</size>
         <input_file_ref idref="fl-8"/>
      </object_component>
      <object_component id="oc-106">
         <name>.cinit</name>
         <load_address>0x5d6c</load_address>
         <run_address>0x5d6c</run_address>
         <size>0x4a</size>
         <input_file_ref idref="fl-47"/>
      </object_component>
      <object_component id="oc-108">
         <name>.cinit</name>
         <load_address>0x5db6</load_address>
         <run_address>0x5db6</run_address>
         <size>0x46</size>
         <input_file_ref idref="fl-48"/>
      </object_component>
      <object_component id="oc-82">
         <name>.cinit</name>
         <load_address>0x5dfc</load_address>
         <run_address>0x5dfc</run_address>
         <size>0x2e</size>
         <input_file_ref idref="fl-12"/>
      </object_component>
      <object_component id="oc-5d">
         <name>.cinit</name>
         <load_address>0x5e2a</load_address>
         <run_address>0x5e2a</run_address>
         <size>0x20</size>
         <input_file_ref idref="fl-d"/>
      </object_component>
      <object_component id="oc-4a">
         <name>.cinit</name>
         <load_address>0x5e4a</load_address>
         <run_address>0x5e4a</run_address>
         <size>0x1c</size>
         <input_file_ref idref="fl-a"/>
      </object_component>
      <object_component id="oc-72">
         <name>.cinit</name>
         <load_address>0x5e66</load_address>
         <run_address>0x5e66</run_address>
         <size>0x1a</size>
         <input_file_ref idref="fl-10"/>
      </object_component>
      <object_component id="oc-11f">
         <name>.cinit</name>
         <load_address>0x5e80</load_address>
         <run_address>0x5e80</run_address>
         <size>0x16</size>
         <input_file_ref idref="fl-5d"/>
      </object_component>
      <object_component id="oc-ce">
         <name>.cinit</name>
         <load_address>0x5e96</load_address>
         <run_address>0x5e96</run_address>
         <size>0x16</size>
         <input_file_ref idref="fl-39"/>
      </object_component>
      <object_component id="oc-e2">
         <name>.cinit</name>
         <load_address>0x5eac</load_address>
         <run_address>0x5eac</run_address>
         <size>0x14</size>
         <input_file_ref idref="fl-3d"/>
      </object_component>
      <object_component id="oc-a2">
         <name>.cinit</name>
         <load_address>0x5ec0</load_address>
         <run_address>0x5ec0</run_address>
         <size>0x14</size>
         <input_file_ref idref="fl-2f"/>
      </object_component>
      <object_component id="oc-42">
         <name>.cinit</name>
         <load_address>0x5ed4</load_address>
         <run_address>0x5ed4</run_address>
         <size>0x8</size>
         <input_file_ref idref="fl-9"/>
      </object_component>
      <object_component id="oc-79">
         <name>.cinit</name>
         <load_address>0x5edc</load_address>
         <run_address>0x5edc</run_address>
         <size>0x8</size>
         <input_file_ref idref="fl-11"/>
      </object_component>
      <object_component id="oc-3a">
         <name>dmaMem</name>
         <load_address>0x6000</load_address>
         <run_address>0x6000</run_address>
         <size>0x2800</size>
         <input_file_ref idref="fl-8"/>
      </object_component>
      <object_component id="oc-4b">
         <name>effectsMem</name>
         <uninitialized>true</uninitialized>
         <run_address>0x1fa00</run_address>
         <size>0x600</size>
         <input_file_ref idref="fl-a"/>
      </object_component>
      <object_component id="oc-7a">
         <name>effectsMem</name>
         <uninitialized>true</uninitialized>
         <run_address>0x10000</run_address>
         <size>0xfa00</size>
         <input_file_ref idref="fl-11"/>
      </object_component>
      <object_component id="oc-15">
         <name>vectors</name>
         <load_address>0xc0</load_address>
         <run_address>0xc0</run_address>
         <size>0x100</size>
         <input_file_ref idref="fl-3c"/>
      </object_component>
      <object_component id="oc-8f">
         <name>vectors</name>
         <load_address>0x1c0</load_address>
         <run_address>0x1c0</run_address>
         <size>0xc0</size>
         <input_file_ref idref="fl-14"/>
      </object_component>
      <object_component id="oc-17">
         <name>.debug_info</name>
         <load_address>0x0</load_address>
         <run_address>0x0</run_address>
         <size>0x79e</size>
         <input_file_ref idref="fl-2"/>
      </object_component>
      <object_component id="oc-1d">
         <name>.debug_info</name>
         <load_address>0x79e</load_address>
         <run_address>0x79e</run_address>
         <size>0x1114</size>
         <input_file_ref idref="fl-3"/>
      </object_component>
      <object_component id="oc-22">
         <name>.debug_info</name>
         <load_address>0x18b2</load_address>
         <run_address>0x18b2</run_address>
         <size>0x9bb</size>
         <input_file_ref idref="fl-4"/>
      </object_component>
      <object_component id="oc-27">
         <name>.debug_info</name>
         <load_address>0x226d</load_address>
         <run_address>0x226d</run_address>
         <size>0xbdc</size>
         <input_file_ref idref="fl-5"/>
      </object_component>
      <object_component id="oc-2d">
         <name>.debug_info</name>
         <load_address>0x2e49</load_address>
         <run_address>0x2e49</run_address>
         <size>0x1086</size>
         <input_file_ref idref="fl-6"/>
      </object_component>
      <object_component id="oc-32">
         <name>.debug_info</name>
         <load_address>0x3ecf</load_address>
         <run_address>0x3ecf</run_address>
         <size>0x12f2</size>
         <input_file_ref idref="fl-7"/>
      </object_component>
      <object_component id="oc-38">
         <name>.debug_info</name>
         <load_address>0x51c1</load_address>
         <run_address>0x51c1</run_address>
         <size>0x1348</size>
         <input_file_ref idref="fl-8"/>
      </object_component>
      <object_component id="oc-41">
         <name>.debug_info</name>
         <load_address>0x6509</load_address>
         <run_address>0x6509</run_address>
         <size>0xd93</size>
         <input_file_ref idref="fl-9"/>
      </object_component>
      <object_component id="oc-49">
         <name>.debug_info</name>
         <load_address>0x729c</load_address>
         <run_address>0x729c</run_address>
         <size>0x923</size>
         <input_file_ref idref="fl-a"/>
      </object_component>
      <object_component id="oc-51">
         <name>.debug_info</name>
         <load_address>0x7bbf</load_address>
         <run_address>0x7bbf</run_address>
         <size>0x6e5</size>
         <input_file_ref idref="fl-b"/>
      </object_component>
      <object_component id="oc-56">
         <name>.debug_info</name>
         <load_address>0x82a4</load_address>
         <run_address>0x82a4</run_address>
         <size>0xcb6</size>
         <input_file_ref idref="fl-c"/>
      </object_component>
      <object_component id="oc-5c">
         <name>.debug_info</name>
         <load_address>0x8f5a</load_address>
         <run_address>0x8f5a</run_address>
         <size>0x13bf</size>
         <input_file_ref idref="fl-d"/>
      </object_component>
      <object_component id="oc-63">
         <name>.debug_info</name>
         <load_address>0xa319</load_address>
         <run_address>0xa319</run_address>
         <size>0x1026</size>
         <input_file_ref idref="fl-e"/>
      </object_component>
      <object_component id="oc-6a">
         <name>.debug_info</name>
         <load_address>0xb33f</load_address>
         <run_address>0xb33f</run_address>
         <size>0xa50</size>
         <input_file_ref idref="fl-f"/>
      </object_component>
      <object_component id="oc-71">
         <name>.debug_info</name>
         <load_address>0xbd8f</load_address>
         <run_address>0xbd8f</run_address>
         <size>0x67d</size>
         <input_file_ref idref="fl-10"/>
      </object_component>
      <object_component id="oc-78">
         <name>.debug_info</name>
         <load_address>0xc40c</load_address>
         <run_address>0xc40c</run_address>
         <size>0x13e1</size>
         <input_file_ref idref="fl-11"/>
      </object_component>
      <object_component id="oc-81">
         <name>.debug_info</name>
         <load_address>0xd7ed</load_address>
         <run_address>0xd7ed</run_address>
         <size>0xe01</size>
         <input_file_ref idref="fl-12"/>
      </object_component>
      <object_component id="oc-89">
         <name>.debug_info</name>
         <load_address>0xe5ee</load_address>
         <run_address>0xe5ee</run_address>
         <size>0x721</size>
         <input_file_ref idref="fl-13"/>
      </object_component>
      <object_component id="oc-90">
         <name>.debug_info</name>
         <load_address>0xed0f</load_address>
         <run_address>0xed0f</run_address>
         <size>0xd3</size>
         <input_file_ref idref="fl-14"/>
      </object_component>
      <object_component id="oc-94">
         <name>.debug_info</name>
         <load_address>0xede2</load_address>
         <run_address>0xede2</run_address>
         <size>0xe8</size>
         <input_file_ref idref="fl-2c"/>
      </object_component>
      <object_component id="oc-98">
         <name>.debug_info</name>
         <load_address>0xeeca</load_address>
         <run_address>0xeeca</run_address>
         <size>0x81f</size>
         <input_file_ref idref="fl-2d"/>
      </object_component>
      <object_component id="oc-9c">
         <name>.debug_info</name>
         <load_address>0xf6e9</load_address>
         <run_address>0xf6e9</run_address>
         <size>0x7e8</size>
         <input_file_ref idref="fl-2e"/>
      </object_component>
      <object_component id="oc-a1">
         <name>.debug_info</name>
         <load_address>0xfed1</load_address>
         <run_address>0xfed1</run_address>
         <size>0x5fb</size>
         <input_file_ref idref="fl-2f"/>
      </object_component>
      <object_component id="oc-a7">
         <name>.debug_info</name>
         <load_address>0x104cc</load_address>
         <run_address>0x104cc</run_address>
         <size>0x4cf</size>
         <input_file_ref idref="fl-30"/>
      </object_component>
      <object_component id="oc-ab">
         <name>.debug_info</name>
         <load_address>0x1099b</load_address>
         <run_address>0x1099b</run_address>
         <size>0x534</size>
         <input_file_ref idref="fl-31"/>
      </object_component>
      <object_component id="oc-af">
         <name>.debug_info</name>
         <load_address>0x10ecf</load_address>
         <run_address>0x10ecf</run_address>
         <size>0x4cf</size>
         <input_file_ref idref="fl-32"/>
      </object_component>
      <object_component id="oc-b3">
         <name>.debug_info</name>
         <load_address>0x1139e</load_address>
         <run_address>0x1139e</run_address>
         <size>0x534</size>
         <input_file_ref idref="fl-33"/>
      </object_component>
      <object_component id="oc-b7">
         <name>.debug_info</name>
         <load_address>0x118d2</load_address>
         <run_address>0x118d2</run_address>
         <size>0x4cf</size>
         <input_file_ref idref="fl-34"/>
      </object_component>
      <object_component id="oc-bb">
         <name>.debug_info</name>
         <load_address>0x11da1</load_address>
         <run_address>0x11da1</run_address>
         <size>0x549</size>
         <input_file_ref idref="fl-35"/>
      </object_component>
      <object_component id="oc-c0">
         <name>.debug_info</name>
         <load_address>0x122ea</load_address>
         <run_address>0x122ea</run_address>
         <size>0x53e</size>
         <input_file_ref idref="fl-36"/>
      </object_component>
      <object_component id="oc-c4">
         <name>.debug_info</name>
         <load_address>0x12828</load_address>
         <run_address>0x12828</run_address>
         <size>0xbd</size>
         <input_file_ref idref="fl-37"/>
      </object_component>
      <object_component id="oc-c8">
         <name>.debug_info</name>
         <load_address>0x128e5</load_address>
         <run_address>0x128e5</run_address>
         <size>0x55b</size>
         <input_file_ref idref="fl-38"/>
      </object_component>
      <object_component id="oc-cd">
         <name>.debug_info</name>
         <load_address>0x12e40</load_address>
         <run_address>0x12e40</run_address>
         <size>0x6ef</size>
         <input_file_ref idref="fl-39"/>
      </object_component>
      <object_component id="oc-d3">
         <name>.debug_info</name>
         <load_address>0x1352f</load_address>
         <run_address>0x1352f</run_address>
         <size>0x4de</size>
         <input_file_ref idref="fl-3a"/>
      </object_component>
      <object_component id="oc-d7">
         <name>.debug_info</name>
         <load_address>0x13a0d</load_address>
         <run_address>0x13a0d</run_address>
         <size>0x521</size>
         <input_file_ref idref="fl-3b"/>
      </object_component>
      <object_component id="oc-dc">
         <name>.debug_info</name>
         <load_address>0x13f2e</load_address>
         <run_address>0x13f2e</run_address>
         <size>0xbc</size>
         <input_file_ref idref="fl-3c"/>
      </object_component>
      <object_component id="oc-e1">
         <name>.debug_info</name>
         <load_address>0x13fea</load_address>
         <run_address>0x13fea</run_address>
         <size>0x5bc</size>
         <input_file_ref idref="fl-3d"/>
      </object_component>
      <object_component id="oc-e6">
         <name>.debug_info</name>
         <load_address>0x145a6</load_address>
         <run_address>0x145a6</run_address>
         <size>0x5ab</size>
         <input_file_ref idref="fl-3e"/>
      </object_component>
      <object_component id="oc-ea">
         <name>.debug_info</name>
         <load_address>0x14b51</load_address>
         <run_address>0x14b51</run_address>
         <size>0x586</size>
         <input_file_ref idref="fl-3f"/>
      </object_component>
      <object_component id="oc-ee">
         <name>.debug_info</name>
         <load_address>0x150d7</load_address>
         <run_address>0x150d7</run_address>
         <size>0xcd</size>
         <input_file_ref idref="fl-40"/>
      </object_component>
      <object_component id="oc-f2">
         <name>.debug_info</name>
         <load_address>0x151a4</load_address>
         <run_address>0x151a4</run_address>
         <size>0x4d2</size>
         <input_file_ref idref="fl-41"/>
      </object_component>
      <object_component id="oc-f6">
         <name>.debug_info</name>
         <load_address>0x15676</load_address>
         <run_address>0x15676</run_address>
         <size>0x50c</size>
         <input_file_ref idref="fl-42"/>
      </object_component>
      <object_component id="oc-fb">
         <name>.debug_info</name>
         <load_address>0x15b82</load_address>
         <run_address>0x15b82</run_address>
         <size>0x4b7</size>
         <input_file_ref idref="fl-43"/>
      </object_component>
      <object_component id="oc-ff">
         <name>.debug_info</name>
         <load_address>0x16039</load_address>
         <run_address>0x16039</run_address>
         <size>0x52e</size>
         <input_file_ref idref="fl-44"/>
      </object_component>
      <object_component id="oc-14a">
         <name>.debug_info</name>
         <load_address>0x16567</load_address>
         <run_address>0x16567</run_address>
         <size>0x6e</size>
      </object_component>
      <object_component id="oc-18">
         <name>.debug_frame</name>
         <load_address>0x0</load_address>
         <run_address>0x0</run_address>
         <size>0x11c</size>
         <input_file_ref idref="fl-2"/>
      </object_component>
      <object_component id="oc-1e">
         <name>.debug_frame</name>
         <load_address>0x11c</load_address>
         <run_address>0x11c</run_address>
         <size>0x133</size>
         <input_file_ref idref="fl-3"/>
      </object_component>
      <object_component id="oc-23">
         <name>.debug_frame</name>
         <load_address>0x24f</load_address>
         <run_address>0x24f</run_address>
         <size>0x132</size>
         <input_file_ref idref="fl-4"/>
      </object_component>
      <object_component id="oc-28">
         <name>.debug_frame</name>
         <load_address>0x381</load_address>
         <run_address>0x381</run_address>
         <size>0x1a7</size>
         <input_file_ref idref="fl-5"/>
      </object_component>
      <object_component id="oc-2e">
         <name>.debug_frame</name>
         <load_address>0x528</load_address>
         <run_address>0x528</run_address>
         <size>0x12d</size>
         <input_file_ref idref="fl-6"/>
      </object_component>
      <object_component id="oc-33">
         <name>.debug_frame</name>
         <load_address>0x655</load_address>
         <run_address>0x655</run_address>
         <size>0x102</size>
         <input_file_ref idref="fl-7"/>
      </object_component>
      <object_component id="oc-3c">
         <name>.debug_frame</name>
         <load_address>0x757</load_address>
         <run_address>0x757</run_address>
         <size>0x318</size>
         <input_file_ref idref="fl-8"/>
      </object_component>
      <object_component id="oc-44">
         <name>.debug_frame</name>
         <load_address>0xa6f</load_address>
         <run_address>0xa6f</run_address>
         <size>0x1d4</size>
         <input_file_ref idref="fl-9"/>
      </object_component>
      <object_component id="oc-4d">
         <name>.debug_frame</name>
         <load_address>0xc43</load_address>
         <run_address>0xc43</run_address>
         <size>0x12e</size>
         <input_file_ref idref="fl-a"/>
      </object_component>
      <object_component id="oc-52">
         <name>.debug_frame</name>
         <load_address>0xd71</load_address>
         <run_address>0xd71</run_address>
         <size>0xe4</size>
         <input_file_ref idref="fl-b"/>
      </object_component>
      <object_component id="oc-57">
         <name>.debug_frame</name>
         <load_address>0xe55</load_address>
         <run_address>0xe55</run_address>
         <size>0x156</size>
         <input_file_ref idref="fl-c"/>
      </object_component>
      <object_component id="oc-5f">
         <name>.debug_frame</name>
         <load_address>0xfab</load_address>
         <run_address>0xfab</run_address>
         <size>0x16e</size>
         <input_file_ref idref="fl-d"/>
      </object_component>
      <object_component id="oc-65">
         <name>.debug_frame</name>
         <load_address>0x1119</load_address>
         <run_address>0x1119</run_address>
         <size>0x1aa</size>
         <input_file_ref idref="fl-e"/>
      </object_component>
      <object_component id="oc-6c">
         <name>.debug_frame</name>
         <load_address>0x12c3</load_address>
         <run_address>0x12c3</run_address>
         <size>0x156</size>
         <input_file_ref idref="fl-f"/>
      </object_component>
      <object_component id="oc-73">
         <name>.debug_frame</name>
         <load_address>0x1419</load_address>
         <run_address>0x1419</run_address>
         <size>0xe4</size>
         <input_file_ref idref="fl-10"/>
      </object_component>
      <object_component id="oc-7c">
         <name>.debug_frame</name>
         <load_address>0x14fd</load_address>
         <run_address>0x14fd</run_address>
         <size>0x1ff</size>
         <input_file_ref idref="fl-11"/>
      </object_component>
      <object_component id="oc-84">
         <name>.debug_frame</name>
         <load_address>0x16fc</load_address>
         <run_address>0x16fc</run_address>
         <size>0x151</size>
         <input_file_ref idref="fl-12"/>
      </object_component>
      <object_component id="oc-8b">
         <name>.debug_frame</name>
         <load_address>0x184d</load_address>
         <run_address>0x184d</run_address>
         <size>0xf4</size>
         <input_file_ref idref="fl-13"/>
      </object_component>
      <object_component id="oc-19">
         <name>.debug_line</name>
         <load_address>0x0</load_address>
         <run_address>0x0</run_address>
         <size>0xee</size>
         <input_file_ref idref="fl-2"/>
      </object_component>
      <object_component id="oc-1f">
         <name>.debug_line</name>
         <load_address>0xee</load_address>
         <run_address>0xee</run_address>
         <size>0x2cb</size>
         <input_file_ref idref="fl-3"/>
      </object_component>
      <object_component id="oc-24">
         <name>.debug_line</name>
         <load_address>0x3b9</load_address>
         <run_address>0x3b9</run_address>
         <size>0x108</size>
         <input_file_ref idref="fl-4"/>
      </object_component>
      <object_component id="oc-29">
         <name>.debug_line</name>
         <load_address>0x4c1</load_address>
         <run_address>0x4c1</run_address>
         <size>0x143</size>
         <input_file_ref idref="fl-5"/>
      </object_component>
      <object_component id="oc-2f">
         <name>.debug_line</name>
         <load_address>0x604</load_address>
         <run_address>0x604</run_address>
         <size>0x139</size>
         <input_file_ref idref="fl-6"/>
      </object_component>
      <object_component id="oc-34">
         <name>.debug_line</name>
         <load_address>0x73d</load_address>
         <run_address>0x73d</run_address>
         <size>0x238</size>
         <input_file_ref idref="fl-7"/>
      </object_component>
      <object_component id="oc-3d">
         <name>.debug_line</name>
         <load_address>0x975</load_address>
         <run_address>0x975</run_address>
         <size>0x318</size>
         <input_file_ref idref="fl-8"/>
      </object_component>
      <object_component id="oc-45">
         <name>.debug_line</name>
         <load_address>0xc8d</load_address>
         <run_address>0xc8d</run_address>
         <size>0x181</size>
         <input_file_ref idref="fl-9"/>
      </object_component>
      <object_component id="oc-4e">
         <name>.debug_line</name>
         <load_address>0xe0e</load_address>
         <run_address>0xe0e</run_address>
         <size>0xd8</size>
         <input_file_ref idref="fl-a"/>
      </object_component>
      <object_component id="oc-53">
         <name>.debug_line</name>
         <load_address>0xee6</load_address>
         <run_address>0xee6</run_address>
         <size>0x4d</size>
         <input_file_ref idref="fl-b"/>
      </object_component>
      <object_component id="oc-58">
         <name>.debug_line</name>
         <load_address>0xf33</load_address>
         <run_address>0xf33</run_address>
         <size>0x15f</size>
         <input_file_ref idref="fl-c"/>
      </object_component>
      <object_component id="oc-60">
         <name>.debug_line</name>
         <load_address>0x1092</load_address>
         <run_address>0x1092</run_address>
         <size>0x2c9</size>
         <input_file_ref idref="fl-d"/>
      </object_component>
      <object_component id="oc-66">
         <name>.debug_line</name>
         <load_address>0x135b</load_address>
         <run_address>0x135b</run_address>
         <size>0x3ba</size>
         <input_file_ref idref="fl-e"/>
      </object_component>
      <object_component id="oc-6d">
         <name>.debug_line</name>
         <load_address>0x1715</load_address>
         <run_address>0x1715</run_address>
         <size>0x118</size>
         <input_file_ref idref="fl-f"/>
      </object_component>
      <object_component id="oc-74">
         <name>.debug_line</name>
         <load_address>0x182d</load_address>
         <run_address>0x182d</run_address>
         <size>0x44</size>
         <input_file_ref idref="fl-10"/>
      </object_component>
      <object_component id="oc-7d">
         <name>.debug_line</name>
         <load_address>0x1871</load_address>
         <run_address>0x1871</run_address>
         <size>0x313</size>
         <input_file_ref idref="fl-11"/>
      </object_component>
      <object_component id="oc-85">
         <name>.debug_line</name>
         <load_address>0x1b84</load_address>
         <run_address>0x1b84</run_address>
         <size>0x25c</size>
         <input_file_ref idref="fl-12"/>
      </object_component>
      <object_component id="oc-8c">
         <name>.debug_line</name>
         <load_address>0x1de0</load_address>
         <run_address>0x1de0</run_address>
         <size>0x75</size>
         <input_file_ref idref="fl-13"/>
      </object_component>
      <object_component id="oc-91">
         <name>.debug_line</name>
         <load_address>0x1e55</load_address>
         <run_address>0x1e55</run_address>
         <size>0x3d</size>
         <input_file_ref idref="fl-14"/>
      </object_component>
      <object_component id="oc-95">
         <name>.debug_line</name>
         <load_address>0x1e92</load_address>
         <run_address>0x1e92</run_address>
         <size>0x54</size>
         <input_file_ref idref="fl-2c"/>
      </object_component>
      <object_component id="oc-99">
         <name>.debug_line</name>
         <load_address>0x1ee6</load_address>
         <run_address>0x1ee6</run_address>
         <size>0xad</size>
         <input_file_ref idref="fl-2d"/>
      </object_component>
      <object_component id="oc-9d">
         <name>.debug_line</name>
         <load_address>0x1f93</load_address>
         <run_address>0x1f93</run_address>
         <size>0x5b</size>
         <input_file_ref idref="fl-2e"/>
      </object_component>
      <object_component id="oc-a4">
         <name>.debug_line</name>
         <load_address>0x1fee</load_address>
         <run_address>0x1fee</run_address>
         <size>0x51</size>
         <input_file_ref idref="fl-2f"/>
      </object_component>
      <object_component id="oc-a8">
         <name>.debug_line</name>
         <load_address>0x203f</load_address>
         <run_address>0x203f</run_address>
         <size>0x3d</size>
         <input_file_ref idref="fl-30"/>
      </object_component>
      <object_component id="oc-ac">
         <name>.debug_line</name>
         <load_address>0x207c</load_address>
         <run_address>0x207c</run_address>
         <size>0x3d</size>
         <input_file_ref idref="fl-31"/>
      </object_component>
      <object_component id="oc-b0">
         <name>.debug_line</name>
         <load_address>0x20b9</load_address>
         <run_address>0x20b9</run_address>
         <size>0x3d</size>
         <input_file_ref idref="fl-32"/>
      </object_component>
      <object_component id="oc-b4">
         <name>.debug_line</name>
         <load_address>0x20f6</load_address>
         <run_address>0x20f6</run_address>
         <size>0x3d</size>
         <input_file_ref idref="fl-33"/>
      </object_component>
      <object_component id="oc-b8">
         <name>.debug_line</name>
         <load_address>0x2133</load_address>
         <run_address>0x2133</run_address>
         <size>0x3d</size>
         <input_file_ref idref="fl-34"/>
      </object_component>
      <object_component id="oc-bd">
         <name>.debug_line</name>
         <load_address>0x2170</load_address>
         <run_address>0x2170</run_address>
         <size>0x44</size>
         <input_file_ref idref="fl-35"/>
      </object_component>
      <object_component id="oc-c1">
         <name>.debug_line</name>
         <load_address>0x21b4</load_address>
         <run_address>0x21b4</run_address>
         <size>0x40</size>
         <input_file_ref idref="fl-36"/>
      </object_component>
      <object_component id="oc-c5">
         <name>.debug_line</name>
         <load_address>0x21f4</load_address>
         <run_address>0x21f4</run_address>
         <size>0x3c</size>
         <input_file_ref idref="fl-37"/>
      </object_component>
      <object_component id="oc-c9">
         <name>.debug_line</name>
         <load_address>0x2230</load_address>
         <run_address>0x2230</run_address>
         <size>0x3c</size>
         <input_file_ref idref="fl-38"/>
      </object_component>
      <object_component id="oc-d0">
         <name>.debug_line</name>
         <load_address>0x226c</load_address>
         <run_address>0x226c</run_address>
         <size>0x54</size>
         <input_file_ref idref="fl-39"/>
      </object_component>
      <object_component id="oc-d4">
         <name>.debug_line</name>
         <load_address>0x22c0</load_address>
         <run_address>0x22c0</run_address>
         <size>0x37</size>
         <input_file_ref idref="fl-3a"/>
      </object_component>
      <object_component id="oc-d9">
         <name>.debug_line</name>
         <load_address>0x22f7</load_address>
         <run_address>0x22f7</run_address>
         <size>0x38</size>
         <input_file_ref idref="fl-3b"/>
      </object_component>
      <object_component id="oc-dd">
         <name>.debug_line</name>
         <load_address>0x232f</load_address>
         <run_address>0x232f</run_address>
         <size>0x37</size>
         <input_file_ref idref="fl-3c"/>
      </object_component>
      <object_component id="oc-e3">
         <name>.debug_line</name>
         <load_address>0x2366</load_address>
         <run_address>0x2366</run_address>
         <size>0x57</size>
         <input_file_ref idref="fl-3d"/>
      </object_component>
      <object_component id="oc-e7">
         <name>.debug_line</name>
         <load_address>0x23bd</load_address>
         <run_address>0x23bd</run_address>
         <size>0x5c</size>
         <input_file_ref idref="fl-3e"/>
      </object_component>
      <object_component id="oc-eb">
         <name>.debug_line</name>
         <load_address>0x2419</load_address>
         <run_address>0x2419</run_address>
         <size>0x41</size>
         <input_file_ref idref="fl-3f"/>
      </object_component>
      <object_component id="oc-ef">
         <name>.debug_line</name>
         <load_address>0x245a</load_address>
         <run_address>0x245a</run_address>
         <size>0x55</size>
         <input_file_ref idref="fl-40"/>
      </object_component>
      <object_component id="oc-f3">
         <name>.debug_line</name>
         <load_address>0x24af</load_address>
         <run_address>0x24af</run_address>
         <size>0x3a</size>
         <input_file_ref idref="fl-41"/>
      </object_component>
      <object_component id="oc-f8">
         <name>.debug_line</name>
         <load_address>0x24e9</load_address>
         <run_address>0x24e9</run_address>
         <size>0x3c</size>
         <input_file_ref idref="fl-42"/>
      </object_component>
      <object_component id="oc-fc">
         <name>.debug_line</name>
         <load_address>0x2525</load_address>
         <run_address>0x2525</run_address>
         <size>0x37</size>
         <input_file_ref idref="fl-43"/>
      </object_component>
      <object_component id="oc-101">
         <name>.debug_line</name>
         <load_address>0x255c</load_address>
         <run_address>0x255c</run_address>
         <size>0x3a</size>
         <input_file_ref idref="fl-44"/>
      </object_component>
      <object_component id="oc-1a">
         <name>.debug_abbrev</name>
         <load_address>0x0</load_address>
         <run_address>0x0</run_address>
         <size>0x13c</size>
         <input_file_ref idref="fl-2"/>
      </object_component>
      <object_component id="oc-20">
         <name>.debug_abbrev</name>
         <load_address>0x13c</load_address>
         <run_address>0x13c</run_address>
         <size>0x127</size>
         <input_file_ref idref="fl-3"/>
      </object_component>
      <object_component id="oc-25">
         <name>.debug_abbrev</name>
         <load_address>0x263</load_address>
         <run_address>0x263</run_address>
         <size>0x122</size>
         <input_file_ref idref="fl-4"/>
      </object_component>
      <object_component id="oc-2a">
         <name>.debug_abbrev</name>
         <load_address>0x385</load_address>
         <run_address>0x385</run_address>
         <size>0xf0</size>
         <input_file_ref idref="fl-5"/>
      </object_component>
      <object_component id="oc-30">
         <name>.debug_abbrev</name>
         <load_address>0x475</load_address>
         <run_address>0x475</run_address>
         <size>0x147</size>
         <input_file_ref idref="fl-6"/>
      </object_component>
      <object_component id="oc-35">
         <name>.debug_abbrev</name>
         <load_address>0x5bc</load_address>
         <run_address>0x5bc</run_address>
         <size>0x115</size>
         <input_file_ref idref="fl-7"/>
      </object_component>
      <object_component id="oc-3e">
         <name>.debug_abbrev</name>
         <load_address>0x6d1</load_address>
         <run_address>0x6d1</run_address>
         <size>0x18b</size>
         <input_file_ref idref="fl-8"/>
      </object_component>
      <object_component id="oc-46">
         <name>.debug_abbrev</name>
         <load_address>0x85c</load_address>
         <run_address>0x85c</run_address>
         <size>0x149</size>
         <input_file_ref idref="fl-9"/>
      </object_component>
      <object_component id="oc-4f">
         <name>.debug_abbrev</name>
         <load_address>0x9a5</load_address>
         <run_address>0x9a5</run_address>
         <size>0x11b</size>
         <input_file_ref idref="fl-a"/>
      </object_component>
      <object_component id="oc-54">
         <name>.debug_abbrev</name>
         <load_address>0xac0</load_address>
         <run_address>0xac0</run_address>
         <size>0x99</size>
         <input_file_ref idref="fl-b"/>
      </object_component>
      <object_component id="oc-59">
         <name>.debug_abbrev</name>
         <load_address>0xb59</load_address>
         <run_address>0xb59</run_address>
         <size>0xff</size>
         <input_file_ref idref="fl-c"/>
      </object_component>
      <object_component id="oc-61">
         <name>.debug_abbrev</name>
         <load_address>0xc58</load_address>
         <run_address>0xc58</run_address>
         <size>0x135</size>
         <input_file_ref idref="fl-d"/>
      </object_component>
      <object_component id="oc-67">
         <name>.debug_abbrev</name>
         <load_address>0xd8d</load_address>
         <run_address>0xd8d</run_address>
         <size>0x145</size>
         <input_file_ref idref="fl-e"/>
      </object_component>
      <object_component id="oc-6e">
         <name>.debug_abbrev</name>
         <load_address>0xed2</load_address>
         <run_address>0xed2</run_address>
         <size>0x124</size>
         <input_file_ref idref="fl-f"/>
      </object_component>
      <object_component id="oc-75">
         <name>.debug_abbrev</name>
         <load_address>0xff6</load_address>
         <run_address>0xff6</run_address>
         <size>0xc7</size>
         <input_file_ref idref="fl-10"/>
      </object_component>
      <object_component id="oc-7e">
         <name>.debug_abbrev</name>
         <load_address>0x10bd</load_address>
         <run_address>0x10bd</run_address>
         <size>0x1ea</size>
         <input_file_ref idref="fl-11"/>
      </object_component>
      <object_component id="oc-86">
         <name>.debug_abbrev</name>
         <load_address>0x12a7</load_address>
         <run_address>0x12a7</run_address>
         <size>0x14b</size>
         <input_file_ref idref="fl-12"/>
      </object_component>
      <object_component id="oc-8d">
         <name>.debug_abbrev</name>
         <load_address>0x13f2</load_address>
         <run_address>0x13f2</run_address>
         <size>0xff</size>
         <input_file_ref idref="fl-13"/>
      </object_component>
      <object_component id="oc-92">
         <name>.debug_abbrev</name>
         <load_address>0x14f1</load_address>
         <run_address>0x14f1</run_address>
         <size>0x20</size>
         <input_file_ref idref="fl-14"/>
      </object_component>
      <object_component id="oc-96">
[...]
         <name>_g_effectController</name>
         <value>0xa924</value>
         <object_component_ref idref="oc-40"/>
      </symbol>
      <symbol id="sm-12a">
         <name>_setEffect</name>
         <value>0x3039</value>
         <object_component_ref idref="oc-3f"/>
      </symbol>
      <symbol id="sm-12b">
         <name>_isPitchShiftEnabled</name>
         <value>0x30ba</value>
         <object_component_ref idref="oc-3f"/>
      </symbol>
      <symbol id="sm-12c">
         <name>_initEffectController</name>
         <value>0x30c1</value>
         <object_component_ref idref="oc-3f"/>
      </symbol>
      <symbol id="sm-12d">
         <name>_getNextEffect</name>
         <value>0x3137</value>
         <object_component_ref idref="oc-3f"/>
      </symbol>
      <symbol id="sm-15c">
         <name>_clearFlanger</name>
         <value>0x35d3</value>
         <object_component_ref idref="oc-47"/>
      </symbol>
      <symbol id="sm-15d">
         <name>_initFlanger</name>
         <value>0x35d3</value>
         <object_component_ref idref="oc-47"/>
      </symbol>
      <symbol id="sm-15e">
         <name>_processAudioFlanger</name>
         <value>0x34ca</value>
         <object_component_ref idref="oc-47"/>
      </symbol>
      <symbol id="sm-15f">
         <name>_g_flangerPhaseAcc</name>
         <value>0xa9b8</value>
         <object_component_ref idref="oc-48"/>
      </symbol>
      <symbol id="sm-160">
         <name>_g_lfoTable</name>
         <value>0x1fe00</value>
         <object_component_ref idref="oc-4b"/>
      </symbol>
      <symbol id="sm-161">
         <name>_g_flangerWriteIndex</name>
         <value>0xa9b4</value>
         <object_component_ref idref="oc-48"/>
      </symbol>
      <symbol id="sm-162">
         <name>_g_flangerPhaseInc</name>
         <value>0xa9bc</value>
         <object_component_ref idref="oc-48"/>
      </symbol>
      <symbol id="sm-163">
         <name>_g_flangerBuffer</name>
         <value>0x1fa00</value>
         <object_component_ref idref="oc-4b"/>
      </symbol>
      <symbol id="sm-16d">
         <name>_initLed</name>
         <value>0x4823</value>
         <object_component_ref idref="oc-50"/>
      </symbol>
      <symbol id="sm-17d">
         <name>_osd9616_init</name>
         <value>0x24ec</value>
         <object_component_ref idref="oc-55"/>
      </symbol>
      <symbol id="sm-17e">
         <name>_osd9616_multiSend</name>
         <value>0x24ba</value>
         <object_component_ref idref="oc-55"/>
      </symbol>
      <symbol id="sm-17f">
         <name>_osd9616_send</name>
         <value>0x242b</value>
         <object_component_ref idref="oc-55"/>
      </symbol>
      <symbol id="sm-180">
         <name>_printLetter</name>
         <value>0x2445</value>
         <object_component_ref idref="oc-55"/>
      </symbol>
      <symbol id="sm-1af">
         <name>_main</name>
         <value>0x1c46</value>
         <object_component_ref idref="oc-5a"/>
      </symbol>
      <symbol id="sm-1b0">
         <name>_ledNum</name>
         <value>0xa9cc</value>
         <object_component_ref idref="oc-5b"/>
      </symbol>
      <symbol id="sm-1b1">
         <name>_effectChangeFeedback</name>
         <value>0x1a86</value>
         <object_component_ref idref="oc-5a"/>
      </symbol>
      <symbol id="sm-1b2">
         <name>_sw1State</name>
         <value>0xa9ce</value>
         <object_component_ref idref="oc-5b"/>
      </symbol>
      <symbol id="sm-1b3">
         <name>_checkTimer</name>
         <value>0x1a28</value>
         <object_component_ref idref="oc-5a"/>
      </symbol>
      <symbol id="sm-1b4">
         <name>_configPort</name>
         <value>0x19f2</value>
         <object_component_ref idref="oc-5a"/>
      </symbol>
      <symbol id="sm-1b5">
         <name>_checkSwitch</name>
         <value>0x1ac6</value>
         <object_component_ref idref="oc-5a"/>
      </symbol>
      <symbol id="sm-22a">
         <name>_oled_show_effect_name</name>
         <value>0x6d7</value>
         <object_component_ref idref="oc-62"/>
      </symbol>
      <symbol id="sm-22b">
         <name>_oled_start</name>
         <value>0x78a</value>
         <object_component_ref idref="oc-62"/>
      </symbol>
      <symbol id="sm-22c">
         <name>_oled_clear_all</name>
         <value>0x882</value>
         <object_component_ref idref="oc-62"/>
      </symbol>
      <symbol id="sm-22d">
         <name>_oled_show_effect_step_name</name>
         <value>0x808</value>
         <object_component_ref idref="oc-62"/>
      </symbol>
      <symbol id="sm-259">
         <name>_setPitchFrequency</name>
         <value>0x3193</value>
         <object_component_ref idref="oc-68"/>
      </symbol>
      <symbol id="sm-25a">
         <name>_processAudioPitchShift</name>
         <value>0x31d0</value>
         <object_component_ref idref="oc-68"/>
      </symbol>
      <symbol id="sm-25b">
         <name>_initPitchShift</name>
         <value>0x3303</value>
         <object_component_ref idref="oc-68"/>
      </symbol>
      <symbol id="sm-25c">
         <name>_processPitchShiftSample</name>
         <value>0x31ce</value>
         <object_component_ref idref="oc-68"/>
      </symbol>
      <symbol id="sm-25d">
         <name>_pitchBuffer</name>
         <value>0x8800</value>
         <object_component_ref idref="oc-69"/>
      </symbol>
      <symbol id="sm-25e">
         <name>_g_pitch</name>
         <value>0xa800</value>
         <object_component_ref idref="oc-69"/>
      </symbol>
      <symbol id="sm-26c">
         <name>_myCfg</name>
         <value>0xa980</value>
         <object_component_ref idref="oc-70"/>
      </symbol>
      <symbol id="sm-26d">
         <name>_initPLL</name>
         <value>0x4a24</value>
         <object_component_ref idref="oc-6f"/>
      </symbol>
      <symbol id="sm-2f7">
         <name>_processAudioReverb</name>
         <value>0x1213</value>
         <object_component_ref idref="oc-76"/>
      </symbol>
      <symbol id="sm-2f8">
         <name>_g_reverbPreset</name>
         <value>0xa8cc</value>
         <object_component_ref idref="oc-77"/>
      </symbol>
      <symbol id="sm-2f9">
         <name>_setReverbPreset</name>
         <value>0x1080</value>
         <object_component_ref idref="oc-76"/>
      </symbol>
      <symbol id="sm-2fa">
         <name>_getReverbPreset</name>
         <value>0x1270</value>
         <object_component_ref idref="oc-76"/>
      </symbol>
      <symbol id="sm-2fb">
         <name>_g_reverb</name>
         <value>0xa814</value>
         <object_component_ref idref="oc-77"/>
      </symbol>
      <symbol id="sm-2fc">
         <name>_clearReverb</name>
         <value>0xf8f</value>
         <object_component_ref idref="oc-76"/>
      </symbol>
      <symbol id="sm-2fd">
         <name>_initReverb</name>
         <value>0xf8f</value>
         <object_component_ref idref="oc-76"/>
      </symbol>
      <symbol id="sm-30f">
         <name>_myhGpt</name>
         <value>0xa964</value>
         <object_component_ref idref="oc-80"/>
      </symbol>
      <symbol id="sm-310">
         <name>_gpt0Isr</name>
         <value>0x4a46</value>
         <object_component_ref idref="oc-83"/>
      </symbol>
      <symbol id="sm-311">
         <name>_timerState</name>
         <value>0xa95c</value>
         <object_component_ref idref="oc-80"/>
      </symbol>
      <symbol id="sm-312">
         <name>_startTimer0</name>
         <value>0x264f</value>
         <object_component_ref idref="oc-7f"/>
      </symbol>
      <symbol id="sm-313">
         <name>_initTimer0</name>
         <value>0x2663</value>
         <object_component_ref idref="oc-7f"/>
      </symbol>
      <symbol id="sm-314">
         <name>_timerFlag</name>
         <value>0xa95e</value>
         <object_component_ref idref="oc-80"/>
      </symbol>
      <symbol id="sm-315">
         <name>_changeTimer</name>
         <value>0x2737</value>
         <object_component_ref idref="oc-7f"/>
      </symbol>
      <symbol id="sm-316">
         <name>_myGptCfg</name>
         <value>0xa968</value>
         <object_component_ref idref="oc-80"/>
      </symbol>
      <symbol id="sm-317">
         <name>_gpt12Evt_Id</name>
         <value>0xa960</value>
         <object_component_ref idref="oc-80"/>
      </symbol>
      <symbol id="sm-32c">
         <name>_processAudioTremolo</name>
         <value>0x443e</value>
         <object_component_ref idref="oc-87"/>
      </symbol>
      <symbol id="sm-32d">
         <name>_initTremolo</name>
         <value>0x4495</value>
         <object_component_ref idref="oc-87"/>
      </symbol>
      <symbol id="sm-32e">
         <name>_g_tremolo</name>
         <value>0xa9c0</value>
         <object_component_ref idref="oc-88"/>
      </symbol>
      <symbol id="sm-34f">
         <name>no_isr</name>
         <value>0x3649</value>
         <object_component_ref idref="oc-8e"/>
      </symbol>
      <symbol id="sm-350">
         <name>_VECSTART</name>
         <value>0x1c0</value>
         <object_component_ref idref="oc-8f"/>
      </symbol>
      <symbol id="sm-351">
         <name>_vecs</name>
         <value>0x1c0</value>
         <object_component_ref idref="oc-8f"/>
      </symbol>
      <symbol id="sm-35d">
         <name>__sysstack</name>
         <value>0x5340</value>
         <object_component_ref idref="oc-123"/>
      </symbol>
      <symbol id="sm-35e">
         <name>_c_int00</name>
         <value>0x49c6</value>
         <object_component_ref idref="oc-14"/>
      </symbol>
      <symbol id="sm-35f">
         <name>__stack</name>
         <value>0x4b40</value>
         <object_component_ref idref="oc-93"/>
      </symbol>
      <symbol id="sm-369">
         <name>__eqld</name>
         <value>0x2bad</value>
         <object_component_ref idref="oc-97"/>
      </symbol>
      <symbol id="sm-36a">
         <name>__cmpd</name>
         <value>0x2be1</value>
         <object_component_ref idref="oc-97"/>
      </symbol>
      <symbol id="sm-36b">
         <name>__neqd</name>
         <value>0x2a4f</value>
         <object_component_ref idref="oc-97"/>
      </symbol>
      <symbol id="sm-36c">
         <name>__gtrd</name>
         <value>0x2b18</value>
         <object_component_ref idref="oc-97"/>
      </symbol>
      <symbol id="sm-36d">
         <name>__geqd</name>
         <value>0x2b63</value>
         <object_component_ref idref="oc-97"/>
      </symbol>
      <symbol id="sm-36e">
         <name>__leqd</name>
         <value>0x2acb</value>
         <object_component_ref idref="oc-97"/>
      </symbol>
      <symbol id="sm-36f">
         <name>__lssd</name>
         <value>0x2a83</value>
         <object_component_ref idref="oc-97"/>
      </symbol>
      <symbol id="sm-37b">
         <name>__divd</name>
         <value>0x1277</value>
         <object_component_ref idref="oc-9b"/>
      </symbol>
      <symbol id="sm-38b">
         <name>C$$EXIT</name>
         <value>0x4b21</value>
         <object_component_ref idref="oc-a3"/>
      </symbol>
      <symbol id="sm-38c">
         <name>_exit</name>
         <value>0x4952</value>
         <object_component_ref idref="oc-9f"/>
      </symbol>
      <symbol id="sm-38d">
         <name>_abort</name>
         <value>0x4b20</value>
         <object_component_ref idref="oc-a3"/>
      </symbol>
      <symbol id="sm-38e">
         <name>__cleanup_ptr</name>
         <value>0xa9dc</value>
         <object_component_ref idref="oc-a0"/>
      </symbol>
      <symbol id="sm-38f">
         <name>__dtors_ptr</name>
         <value>0xa9e0</value>
         <object_component_ref idref="oc-a0"/>
      </symbol>
      <symbol id="sm-399">
         <name>__fixdi</name>
         <value>0x49fa</value>
         <object_component_ref idref="oc-a6"/>
      </symbol>
      <symbol id="sm-3a3">
         <name>__fixdli</name>
         <value>0x4697</value>
         <object_component_ref idref="oc-aa"/>
      </symbol>
      <symbol id="sm-3ad">
         <name>__fixdu</name>
         <value>0x4a68</value>
         <object_component_ref idref="oc-ae"/>
      </symbol>
      <symbol id="sm-3b7">
         <name>__fixdul</name>
         <value>0x4537</value>
         <object_component_ref idref="oc-b2"/>
      </symbol>
      <symbol id="sm-3c1">
         <name>__fltid</name>
         <value>0x4b14</value>
         <object_component_ref idref="oc-b6"/>
      </symbol>
      <symbol id="sm-3cd">
         <name>__fltlid</name>
         <value>0x4706</value>
         <object_component_ref idref="oc-ba"/>
      </symbol>
      <symbol id="sm-3d7">
         <name>__frcmpyd_div</name>
         <value>0x4624</value>
         <object_component_ref idref="oc-bf"/>
      </symbol>
      <symbol id="sm-3df">
         <name>__mpyli</name>
         <value>0x4a97</value>
         <object_component_ref idref="oc-c3"/>
      </symbol>
      <symbol id="sm-3e0">
         <name>I$$LMPY</name>
         <value>0x4a97</value>
         <object_component_ref idref="oc-c3"/>
      </symbol>
      <symbol id="sm-3ea">
         <name>__mpyd</name>
         <value>0x38f7</value>
         <object_component_ref idref="oc-c7"/>
      </symbol>
      <symbol id="sm-3fb">
         <name>_sin</name>
         <value>0x285d</value>
         <object_component_ref idref="oc-cb"/>
      </symbol>
      <symbol id="sm-405">
         <name>__subd</name>
         <value>0x4a83</value>
         <object_component_ref idref="oc-d2"/>
      </symbol>
      <symbol id="sm-411">
         <name>__trunc</name>
         <value>0x4911</value>
         <object_component_ref idref="oc-d6"/>
      </symbol>
      <symbol id="sm-41b">
         <name>_Reset</name>
         <value>0xc0</value>
         <object_component_ref idref="oc-15"/>
      </symbol>
      <symbol id="sm-429">
         <name>__unlock</name>
         <value>0xa9d8</value>
         <object_component_ref idref="oc-e0"/>
      </symbol>
      <symbol id="sm-42a">
         <name>__lock</name>
         <value>0xa9d4</value>
         <object_component_ref idref="oc-e0"/>
      </symbol>
      <symbol id="sm-42b">
         <name>__register_lock</name>
         <value>0x4ab2</value>
         <object_component_ref idref="oc-df"/>
      </symbol>
      <symbol id="sm-42c">
         <name>__nop</name>
         <value>0x4aba</value>
         <object_component_ref idref="oc-df"/>
      </symbol>
      <symbol id="sm-42d">
         <name>__register_unlock</name>
         <value>0x4aaa</value>
         <object_component_ref idref="oc-df"/>
      </symbol>
      <symbol id="sm-437">
         <name>__addd</name>
         <value>0x21d1</value>
         <object_component_ref idref="oc-e5"/>
      </symbol>
      <symbol id="sm-441">
         <name>__args_main</name>
         <value>0x48c6</value>
         <object_component_ref idref="oc-e9"/>
      </symbol>
      <symbol id="sm-442">
         <name>__TI_args_main</name>
         <value>0x1</value>
      </symbol>
      <symbol id="sm-44a">
         <name>_auto_init</name>
         <value>0x4879</value>
         <object_component_ref idref="oc-ed"/>
      </symbol>
      <symbol id="sm-454">
         <name>__frcmpyd</name>
         <value>0x45ae</value>
         <object_component_ref idref="oc-f1"/>
      </symbol>
      <symbol id="sm-460">
         <name>_modf</name>
         <value>0x3fdb</value>
         <object_component_ref idref="oc-f5"/>
      </symbol>
      <symbol id="sm-46a">
         <name>__negd</name>
         <value>0x4abc</value>
         <object_component_ref idref="oc-fa"/>
      </symbol>
      <symbol id="sm-476">
         <name>__nround</name>
         <value>0x476d</value>
         <object_component_ref idref="oc-fe"/>
      </symbol>
      <symbol id="sm-47a">
         <name>__CSL_init</name>
         <value>0x4aec</value>
         <object_component_ref idref="oc-103"/>
      </symbol>
      <symbol id="sm-480">
         <name>_CSL5502_LIB_</name>
         <value>0x4b28</value>
         <object_component_ref idref="oc-104"/>
      </symbol>
      <symbol id="sm-481">
         <name>_CSL_init</name>
         <value>0x4afc</value>
         <object_component_ref idref="oc-105"/>
      </symbol>
      <symbol id="sm-487">
         <name>_CSL_SysData</name>
         <value>0xb0c8</value>
         <object_component_ref idref="oc-107"/>
      </symbol>
      <symbol id="sm-48d">
         <name>_CSL_GpioData</name>
         <value>0xb10c</value>
         <object_component_ref idref="oc-109"/>
      </symbol>
      <symbol id="sm-491">
         <name>_DMA_config</name>
         <value>0x3b74</value>
         <object_component_ref idref="oc-10a"/>
      </symbol>
      <symbol id="sm-496">
         <name>_DMA_open</name>
         <value>0x3e4c</value>
         <object_component_ref idref="oc-10b"/>
      </symbol>
      <symbol id="sm-49a">
         <name>_DMA_reset</name>
         <value>0x2e1c</value>
         <object_component_ref idref="oc-10c"/>
      </symbol>
      <symbol id="sm-49e">
         <name>_GPT_config</name>
         <value>0x44bc</value>
         <object_component_ref idref="oc-10d"/>
      </symbol>
      <symbol id="sm-4a3">
         <name>_GPT_open</name>
         <value>0x3f18</value>
         <object_component_ref idref="oc-10e"/>
      </symbol>
      <symbol id="sm-4a7">
         <name>_GPT_reset</name>
         <value>0x3d74</value>
         <object_component_ref idref="oc-10f"/>
      </symbol>
      <symbol id="sm-4af">
         <name>_I2C_read</name>
         <value>0x364c</value>
         <object_component_ref idref="oc-110"/>
      </symbol>
      <symbol id="sm-4b9">
         <name>_I2C_write</name>
         <value>0x333c</value>
         <object_component_ref idref="oc-111"/>
      </symbol>
      <symbol id="sm-4bd">
         <name>_IRQ_globalDisable</name>
         <value>0x4acc</value>
         <object_component_ref idref="oc-112"/>
      </symbol>
      <symbol id="sm-4c1">
         <name>_IRQ_globalEnable</name>
         <value>0x4adc</value>
         <object_component_ref idref="oc-113"/>
      </symbol>
      <symbol id="sm-4c5">
         <name>_IRQ_globalRestore</name>
         <value>0x4b08</value>
         <object_component_ref idref="oc-114"/>
      </symbol>
      <symbol id="sm-4c9">
         <name>_IRQ_plug</name>
         <value>0x4332</value>
         <object_component_ref idref="oc-115"/>
      </symbol>
      <symbol id="sm-4cd">
         <name>_MCBSP_config</name>
         <value>0x3a44</value>
         <object_component_ref idref="oc-116"/>
      </symbol>
      <symbol id="sm-4d1">
         <name>_MCBSP_close</name>
         <value>0x4990</value>
         <object_component_ref idref="oc-117"/>
      </symbol>
      <symbol id="sm-4d6">
         <name>_MCBSP_open</name>
         <value>0x3c84</value>
         <object_component_ref idref="oc-118"/>
      </symbol>
      <symbol id="sm-4da">
         <name>_MCBSP_reset</name>
         <value>0x1f70</value>
         <object_component_ref idref="oc-119"/>
      </symbol>
      <symbol id="sm-4de">
         <name>_MCBSP_start</name>
         <value>0x43bc</value>
         <object_component_ref idref="oc-11a"/>
      </symbol>
      <symbol id="sm-4e2">
         <name>_PLL_config</name>
         <value>0x409c</value>
         <object_component_ref idref="oc-11b"/>
      </symbol>
      <symbol id="sm-4e6">
         <name>_PLL_setFreq</name>
         <value>0x41f8</value>
         <object_component_ref idref="oc-11c"/>
      </symbol>
      <symbol id="sm-4ec">
         <name>_CSL_DmaData</name>
         <value>0xaf00</value>
         <object_component_ref idref="oc-11e"/>
      </symbol>
      <symbol id="sm-4f2">
         <name>_CSL_GptData</name>
         <value>0xb14c</value>
         <object_component_ref idref="oc-120"/>
      </symbol>
      <symbol id="sm-4f8">
         <name>_CSL_McbspData</name>
         <value>0xaffc</value>
         <object_component_ref idref="oc-122"/>
      </symbol>
   </symbol_table>
</link_info>
