<?xml version="1.0"?>
<link_info>
   <banner>TMS320C55x Linker PC v4.4.1</banner>
   <copyright>Copyright (c) 1996-2012 Texas Instruments Incorporated</copyright>
   <link_time>0x691e2824</link_time>
   <output_file>TempoReal_Tremolo_Flanger.out</output_file>
   <entry_point>
      <name>_c_int00</name>
      <address>0x6ee6</address>
   </entry_point>
   <input_file_list>
      <input_file id="fl-2">
         <path>.\</path>
         <kind>object</kind>
         <file>ezdsp5502.obj</file>
         <name>ezdsp5502.obj</name>
      </input_file>
      <input_file id="fl-3">
         <path>.\</path>
         <kind>object</kind>
         <file>ezdsp5502_gpio.obj</file>
         <name>ezdsp5502_gpio.obj</name>
      </input_file>
      <input_file id="fl-4">
         <path>.\</path>
         <kind>object</kind>
         <file>ezdsp5502_i2c.obj</file>
         <name>ezdsp5502_i2c.obj</name>
      </input_file>
      <input_file id="fl-5">
         <path>.\</path>
         <kind>object</kind>
         <file>ezdsp5502_i2cgpio.obj</file>
         <name>ezdsp5502_i2cgpio.obj</name>
      </input_file>
      <input_file id="fl-6">
         <path>.\</path>
         <kind>object</kind>
         <file>ezdsp5502_mcbsp.obj</file>
         <name>ezdsp5502_mcbsp.obj</name>
      </input_file>
      <input_file id="fl-7">
         <path>.\</path>
         <kind>object</kind>
         <file>tremolo.obj</file>
         <name>tremolo.obj</name>
      </input_file>
      <input_file id="fl-8">
         <path>.\</path>
         <kind>object</kind>
         <file>vector.obj</file>
         <name>vector.obj</name>
      </input_file>
      <input_file id="fl-9">
         <path>.\src\</path>
         <kind>object</kind>
         <file>aic3204.obj</file>
         <name>aic3204.obj</name>
      </input_file>
      <input_file id="fl-a">
         <path>.\src\</path>
         <kind>object</kind>
         <file>dma.obj</file>
         <name>dma.obj</name>
      </input_file>
      <input_file id="fl-b">
         <path>.\src\</path>
         <kind>object</kind>
         <file>effects.obj</file>
         <name>effects.obj</name>
      </input_file>
      <input_file id="fl-c">
         <path>.\src\</path>
         <kind>object</kind>
         <file>i2cgpio.obj</file>
         <name>i2cgpio.obj</name>
      </input_file>
      <input_file id="fl-d">
         <path>.\src\</path>
         <kind>object</kind>
         <file>lcd.obj</file>
         <name>lcd.obj</name>
      </input_file>
      <input_file id="fl-e">
         <path>.\src\</path>
         <kind>object</kind>
         <file>main.obj</file>
         <name>main.obj</name>
      </input_file>
      <input_file id="fl-f">
         <path>.\src\</path>
         <kind>object</kind>
         <file>oled.obj</file>
         <name>oled.obj</name>
      </input_file>
      <input_file id="fl-10">
         <path>.\src\</path>
         <kind>object</kind>
         <file>pll.obj</file>
         <name>pll.obj</name>
      </input_file>
      <input_file id="fl-11">
         <path>.\src\</path>
         <kind>object</kind>
         <file>timer.obj</file>
         <name>timer.obj</name>
      </input_file>
      <input_file id="fl-29">
         <path>C:\ti\ccs1270\ccs\tools\compiler\c5500_4.4.1\lib\</path>
         <kind>archive</kind>
         <file>rts55x.lib</file>
         <name>addd.obj</name>
      </input_file>
      <input_file id="fl-2a">
         <path>C:\ti\ccs1270\ccs\tools\compiler\c5500_4.4.1\lib\</path>
         <kind>archive</kind>
         <file>rts55x.lib</file>
         <name>boot.obj</name>
      </input_file>
      <input_file id="fl-2b">
         <path>C:\ti\ccs1270\ccs\tools\compiler\c5500_4.4.1\lib\</path>
         <kind>archive</kind>
         <file>rts55x.lib</file>
         <name>cmpd.obj</name>
      </input_file>
      <input_file id="fl-2c">
         <path>C:\ti\ccs1270\ccs\tools\compiler\c5500_4.4.1\lib\</path>
         <kind>archive</kind>
         <file>rts55x.lib</file>
         <name>divd.obj</name>
      </input_file>
      <input_file id="fl-2d">
         <path>C:\ti\ccs1270\ccs\tools\compiler\c5500_4.4.1\lib\</path>
         <kind>archive</kind>
         <file>rts55x.lib</file>
         <name>exit.obj</name>
      </input_file>
      <input_file id="fl-2e">
         <path>C:\ti\ccs1270\ccs\tools\compiler\c5500_4.4.1\lib\</path>
         <kind>archive</kind>
         <file>rts55x.lib</file>
         <name>fixdi.obj</name>
      </input_file>
      <input_file id="fl-2f">
         <path>C:\ti\ccs1270\ccs\tools\compiler\c5500_4.4.1\lib\</path>
         <kind>archive</kind>
         <file>rts55x.lib</file>
         <name>fixdli.obj</name>
      </input_file>
      <input_file id="fl-30">
         <path>C:\ti\ccs1270\ccs\tools\compiler\c5500_4.4.1\lib\</path>
         <kind>archive</kind>
         <file>rts55x.lib</file>
         <name>fltid.obj</name>
      </input_file>
      <input_file id="fl-31">
         <path>C:\ti\ccs1270\ccs\tools\compiler\c5500_4.4.1\lib\</path>
         <kind>archive</kind>
         <file>rts55x.lib</file>
         <name>fltlid.obj</name>
      </input_file>
      <input_file id="fl-32">
         <path>C:\ti\ccs1270\ccs\tools\compiler\c5500_4.4.1\lib\</path>
         <kind>archive</kind>
         <file>rts55x.lib</file>
         <name>frcmpyd_div.obj</name>
      </input_file>
      <input_file id="fl-33">
         <path>C:\ti\ccs1270\ccs\tools\compiler\c5500_4.4.1\lib\</path>
         <kind>archive</kind>
         <file>rts55x.lib</file>
         <name>lmpy.obj</name>
      </input_file>
      <input_file id="fl-34">
         <path>C:\ti\ccs1270\ccs\tools\compiler\c5500_4.4.1\lib\</path>
         <kind>archive</kind>
         <file>rts55x.lib</file>
         <name>mpyd.obj</name>
      </input_file>
      <input_file id="fl-35">
         <path>C:\ti\ccs1270\ccs\tools\compiler\c5500_4.4.1\lib\</path>
         <kind>archive</kind>
         <file>rts55x.lib</file>
         <name>printf.obj</name>
      </input_file>
      <input_file id="fl-36">
         <path>C:\ti\ccs1270\ccs\tools\compiler\c5500_4.4.1\lib\</path>
         <kind>archive</kind>
         <file>rts55x.lib</file>
         <name>sin.obj</name>
      </input_file>
      <input_file id="fl-37">
         <path>C:\ti\ccs1270\ccs\tools\compiler\c5500_4.4.1\lib\</path>
         <kind>archive</kind>
         <file>rts55x.lib</file>
         <name>subd.obj</name>
      </input_file>
      <input_file id="fl-38">
         <path>C:\ti\ccs1270\ccs\tools\compiler\c5500_4.4.1\lib\</path>
         <kind>archive</kind>
         <file>rts55x.lib</file>
         <name>trunc.obj</name>
      </input_file>
      <input_file id="fl-39">
         <path>C:\ti\ccs1270\ccs\tools\compiler\c5500_4.4.1\lib\</path>
         <kind>archive</kind>
         <file>rts55x.lib</file>
         <name>vectors.obj</name>
      </input_file>
      <input_file id="fl-3a">
         <path>C:\ti\ccs1270\ccs\tools\compiler\c5500_4.4.1\lib\</path>
         <kind>archive</kind>
         <file>rts55x.lib</file>
         <name>_lock.obj</name>
      </input_file>
      <input_file id="fl-3b">
         <path>C:\ti\ccs1270\ccs\tools\compiler\c5500_4.4.1\lib\</path>
         <kind>archive</kind>
         <file>rts55x.lib</file>
         <name>_printfi.obj</name>
      </input_file>
      <input_file id="fl-3c">
         <path>C:\ti\ccs1270\ccs\tools\compiler\c5500_4.4.1\lib\</path>
         <kind>archive</kind>
         <file>rts55x.lib</file>
         <name>args_main.obj</name>
      </input_file>
      <input_file id="fl-3d">
         <path>C:\ti\ccs1270\ccs\tools\compiler\c5500_4.4.1\lib\</path>
         <kind>archive</kind>
         <file>rts55x.lib</file>
         <name>atoi.obj</name>
      </input_file>
      <input_file id="fl-3e">
         <path>C:\ti\ccs1270\ccs\tools\compiler\c5500_4.4.1\lib\</path>
         <kind>archive</kind>
         <file>rts55x.lib</file>
         <name>autoinit.obj</name>
      </input_file>
      <input_file id="fl-3f">
         <path>C:\ti\ccs1270\ccs\tools\compiler\c5500_4.4.1\lib\</path>
         <kind>archive</kind>
         <file>rts55x.lib</file>
         <name>ctype.obj</name>
      </input_file>
      <input_file id="fl-40">
         <path>C:\ti\ccs1270\ccs\tools\compiler\c5500_4.4.1\lib\</path>
         <kind>archive</kind>
         <file>rts55x.lib</file>
         <name>defs.obj</name>
      </input_file>
      <input_file id="fl-41">
         <path>C:\ti\ccs1270\ccs\tools\compiler\c5500_4.4.1\lib\</path>
         <kind>archive</kind>
         <file>rts55x.lib</file>
         <name>divul.obj</name>
      </input_file>
      <input_file id="fl-42">
         <path>C:\ti\ccs1270\ccs\tools\compiler\c5500_4.4.1\lib\</path>
         <kind>archive</kind>
         <file>rts55x.lib</file>
         <name>fputc.obj</name>
      </input_file>
      <input_file id="fl-43">
         <path>C:\ti\ccs1270\ccs\tools\compiler\c5500_4.4.1\lib\</path>
         <kind>archive</kind>
         <file>rts55x.lib</file>
         <name>fputs.obj</name>
      </input_file>
      <input_file id="fl-44">
         <path>C:\ti\ccs1270\ccs\tools\compiler\c5500_4.4.1\lib\</path>
         <kind>archive</kind>
         <file>rts55x.lib</file>
         <name>frcmpyd.obj</name>
      </input_file>
      <input_file id="fl-45">
         <path>C:\ti\ccs1270\ccs\tools\compiler\c5500_4.4.1\lib\</path>
         <kind>archive</kind>
         <file>rts55x.lib</file>
         <name>isinf.obj</name>
      </input_file>
      <input_file id="fl-46">
         <path>C:\ti\ccs1270\ccs\tools\compiler\c5500_4.4.1\lib\</path>
         <kind>archive</kind>
         <file>rts55x.lib</file>
         <name>llmpy.obj</name>
      </input_file>
      <input_file id="fl-47">
         <path>C:\ti\ccs1270\ccs\tools\compiler\c5500_4.4.1\lib\</path>
         <kind>archive</kind>
         <file>rts55x.lib</file>
         <name>lowlev.obj</name>
      </input_file>
      <input_file id="fl-48">
         <path>C:\ti\ccs1270\ccs\tools\compiler\c5500_4.4.1\lib\</path>
         <kind>archive</kind>
         <file>rts55x.lib</file>
         <name>ltoa.obj</name>
      </input_file>
      <input_file id="fl-49">
         <path>C:\ti\ccs1270\ccs\tools\compiler\c5500_4.4.1\lib\</path>
         <kind>archive</kind>
         <file>rts55x.lib</file>
         <name>memccpy.obj</name>
      </input_file>
      <input_file id="fl-4a">
         <path>C:\ti\ccs1270\ccs\tools\compiler\c5500_4.4.1\lib\</path>
         <kind>archive</kind>
         <file>rts55x.lib</file>
         <name>memcpy.obj</name>
      </input_file>
      <input_file id="fl-4b">
         <path>C:\ti\ccs1270\ccs\tools\compiler\c5500_4.4.1\lib\</path>
         <kind>archive</kind>
         <file>rts55x.lib</file>
         <name>modf.obj</name>
      </input_file>
      <input_file id="fl-4c">
         <path>C:\ti\ccs1270\ccs\tools\compiler\c5500_4.4.1\lib\</path>
         <kind>archive</kind>
         <file>rts55x.lib</file>
         <name>negd.obj</name>
      </input_file>
      <input_file id="fl-4d">
         <path>C:\ti\ccs1270\ccs\tools\compiler\c5500_4.4.1\lib\</path>
         <kind>archive</kind>
         <file>rts55x.lib</file>
         <name>remli.obj</name>
      </input_file>
      <input_file id="fl-4e">
         <path>C:\ti\ccs1270\ccs\tools\compiler\c5500_4.4.1\lib\</path>
         <kind>archive</kind>
         <file>rts55x.lib</file>
         <name>remul.obj</name>
      </input_file>
      <input_file id="fl-4f">
         <path>C:\ti\ccs1270\ccs\tools\compiler\c5500_4.4.1\lib\</path>
         <kind>archive</kind>
         <file>rts55x.lib</file>
         <name>round.obj</name>
      </input_file>
      <input_file id="fl-50">
         <path>C:\ti\ccs1270\ccs\tools\compiler\c5500_4.4.1\lib\</path>
         <kind>archive</kind>
         <file>rts55x.lib</file>
         <name>trgdrv.obj</name>
      </input_file>
      <input_file id="fl-51">
         <path>C:\ti\ccs1270\ccs\tools\compiler\c5500_4.4.1\lib\</path>
         <kind>archive</kind>
         <file>rts55x.lib</file>
         <name>trgmsg.obj</name>
      </input_file>
      <input_file id="fl-52">
         <path>C:\ti\ccs1270\ccs\tools\compiler\c5500_4.4.1\lib\</path>
         <kind>archive</kind>
         <file>rts55x.lib</file>
         <name>udiv.obj</name>
      </input_file>
      <input_file id="fl-53">
         <path>C:\ti\ccs1270\ccs\tools\compiler\c5500_4.4.1\lib\</path>
         <kind>archive</kind>
         <file>rts55x.lib</file>
         <name>_io_perm.obj</name>
      </input_file>
      <input_file id="fl-54">
         <path>C:\ti\ccs1270\ccs\tools\compiler\c5500_4.4.1\lib\</path>
         <kind>archive</kind>
         <file>rts55x.lib</file>
         <name>divli.obj</name>
      </input_file>
      <input_file id="fl-55">
         <path>C:\ti\ccs1270\ccs\tools\compiler\c5500_4.4.1\lib\</path>
         <kind>archive</kind>
         <file>rts55x.lib</file>
         <name>fflush.obj</name>
      </input_file>
      <input_file id="fl-56">
         <path>C:\ti\ccs1270\ccs\tools\compiler\c5500_4.4.1\lib\</path>
         <kind>archive</kind>
         <file>rts55x.lib</file>
         <name>fseek.obj</name>
      </input_file>
      <input_file id="fl-57">
         <path>C:\ti\ccs1270\ccs\tools\compiler\c5500_4.4.1\lib\</path>
         <kind>archive</kind>
         <file>rts55x.lib</file>
         <name>setvbuf.obj</name>
      </input_file>
      <input_file id="fl-58">
         <path>C:\ti\ccs1270\ccs\tools\compiler\c5500_4.4.1\lib\</path>
         <kind>archive</kind>
         <file>rts55x.lib</file>
         <name>fopen.obj</name>
      </input_file>
      <input_file id="fl-59">
         <path>C:\ti\ccs1270\ccs\tools\compiler\c5500_4.4.1\lib\</path>
         <kind>archive</kind>
         <file>rts55x.lib</file>
         <name>memory.obj</name>
      </input_file>
      <input_file id="fl-5a">
         <path>C:\ti\ccs1270\ccs\tools\compiler\c5500_4.4.1\lib\</path>
         <kind>archive</kind>
         <file>rts55x.lib</file>
         <name>fclose.obj</name>
      </input_file>
      <input_file id="fl-5b">
         <path>C:\ti\ccs1270\ccs\tools\compiler\c5500_4.4.1\lib\</path>
         <kind>archive</kind>
         <file>rts55x.lib</file>
         <name>remove.obj</name>
      </input_file>
      <input_file id="fl-5c">
         <path>C:\Users\FabioM\Desktop\Faculdade UFBA\Semestre 2025.2\Laboratorio 3\ezdsp5502_v1\C55xxCSL\lib\</path>
         <kind>archive</kind>
         <file>csl5502x.lib</file>
         <name>_csl_init.obj</name>
      </input_file>
      <input_file id="fl-5d">
         <path>C:\Users\FabioM\Desktop\Faculdade UFBA\Semestre 2025.2\Laboratorio 3\ezdsp5502_v1\C55xxCSL\lib\</path>
         <kind>archive</kind>
         <file>csl5502x.lib</file>
         <name>csl.obj</name>
      </input_file>
      <input_file id="fl-5e">
         <path>C:\Users\FabioM\Desktop\Faculdade UFBA\Semestre 2025.2\Laboratorio 3\ezdsp5502_v1\C55xxCSL\lib\</path>
         <kind>archive</kind>
         <file>csl5502x.lib</file>
         <name>csl_csldat.obj</name>
      </input_file>
      <input_file id="fl-5f">
         <path>C:\Users\FabioM\Desktop\Faculdade UFBA\Semestre 2025.2\Laboratorio 3\ezdsp5502_v1\C55xxCSL\lib\</path>
         <kind>archive</kind>
         <file>csl5502x.lib</file>
         <name>dma_cfg.obj</name>
      </input_file>
      <input_file id="fl-60">
         <path>C:\Users\FabioM\Desktop\Faculdade UFBA\Semestre 2025.2\Laboratorio 3\ezdsp5502_v1\C55xxCSL\lib\</path>
         <kind>archive</kind>
         <file>csl5502x.lib</file>
         <name>dma_open.obj</name>
      </input_file>
      <input_file id="fl-61">
         <path>C:\Users\FabioM\Desktop\Faculdade UFBA\Semestre 2025.2\Laboratorio 3\ezdsp5502_v1\C55xxCSL\lib\</path>
         <kind>archive</kind>
         <file>csl5502x.lib</file>
         <name>dma_reset.obj</name>
      </input_file>
      <input_file id="fl-62">
         <path>C:\Users\FabioM\Desktop\Faculdade UFBA\Semestre 2025.2\Laboratorio 3\ezdsp5502_v1\C55xxCSL\lib\</path>
         <kind>archive</kind>
         <file>csl5502x.lib</file>
         <name>gpio_dir.obj</name>
      </input_file>
      <input_file id="fl-63">
         <path>C:\Users\FabioM\Desktop\Faculdade UFBA\Semestre 2025.2\Laboratorio 3\ezdsp5502_v1\C55xxCSL\lib\</path>
         <kind>archive</kind>
         <file>csl5502x.lib</file>
         <name>gpio_enab.obj</name>
      </input_file>
      <input_file id="fl-64">
         <path>C:\Users\FabioM\Desktop\Faculdade UFBA\Semestre 2025.2\Laboratorio 3\ezdsp5502_v1\C55xxCSL\lib\</path>
         <kind>archive</kind>
         <file>csl5502x.lib</file>
         <name>gpio_open.obj</name>
      </input_file>
      <input_file id="fl-65">
         <path>C:\Users\FabioM\Desktop\Faculdade UFBA\Semestre 2025.2\Laboratorio 3\ezdsp5502_v1\C55xxCSL\lib\</path>
         <kind>archive</kind>
         <file>csl5502x.lib</file>
         <name>gpio_read.obj</name>
      </input_file>
      <input_file id="fl-66">
         <path>C:\Users\FabioM\Desktop\Faculdade UFBA\Semestre 2025.2\Laboratorio 3\ezdsp5502_v1\C55xxCSL\lib\</path>
         <kind>archive</kind>
         <file>csl5502x.lib</file>
         <name>gpio_write.obj</name>
      </input_file>
      <input_file id="fl-67">
         <path>C:\Users\FabioM\Desktop\Faculdade UFBA\Semestre 2025.2\Laboratorio 3\ezdsp5502_v1\C55xxCSL\lib\</path>
         <kind>archive</kind>
         <file>csl5502x.lib</file>
         <name>gpt_cfg.obj</name>
      </input_file>
      <input_file id="fl-68">
         <path>C:\Users\FabioM\Desktop\Faculdade UFBA\Semestre 2025.2\Laboratorio 3\ezdsp5502_v1\C55xxCSL\lib\</path>
         <kind>archive</kind>
         <file>csl5502x.lib</file>
         <name>gpt_open.obj</name>
      </input_file>
      <input_file id="fl-69">
         <path>C:\Users\FabioM\Desktop\Faculdade UFBA\Semestre 2025.2\Laboratorio 3\ezdsp5502_v1\C55xxCSL\lib\</path>
         <kind>archive</kind>
         <file>csl5502x.lib</file>
         <name>gpt_rstt.obj</name>
      </input_file>
      <input_file id="fl-6a">
         <path>C:\Users\FabioM\Desktop\Faculdade UFBA\Semestre 2025.2\Laboratorio 3\ezdsp5502_v1\C55xxCSL\lib\</path>
         <kind>archive</kind>
         <file>csl5502x.lib</file>
         <name>gpt_start12.obj</name>
      </input_file>
      <input_file id="fl-6b">
         <path>C:\Users\FabioM\Desktop\Faculdade UFBA\Semestre 2025.2\Laboratorio 3\ezdsp5502_v1\C55xxCSL\lib\</path>
         <kind>archive</kind>
         <file>csl5502x.lib</file>
         <name>gpt_stpgp12.obj</name>
      </input_file>
      <input_file id="fl-6c">
         <path>C:\Users\FabioM\Desktop\Faculdade UFBA\Semestre 2025.2\Laboratorio 3\ezdsp5502_v1\C55xxCSL\lib\</path>
         <kind>archive</kind>
         <file>csl5502x.lib</file>
         <name>i2c_cfg.obj</name>
      </input_file>
      <input_file id="fl-6d">
         <path>C:\Users\FabioM\Desktop\Faculdade UFBA\Semestre 2025.2\Laboratorio 3\ezdsp5502_v1\C55xxCSL\lib\</path>
         <kind>archive</kind>
         <file>csl5502x.lib</file>
         <name>i2c_read.obj</name>
      </input_file>
      <input_file id="fl-6e">
         <path>C:\Users\FabioM\Desktop\Faculdade UFBA\Semestre 2025.2\Laboratorio 3\ezdsp5502_v1\C55xxCSL\lib\</path>
         <kind>archive</kind>
         <file>csl5502x.lib</file>
         <name>i2c_write.obj</name>
      </input_file>
      <input_file id="fl-6f">
         <path>C:\Users\FabioM\Desktop\Faculdade UFBA\Semestre 2025.2\Laboratorio 3\ezdsp5502_v1\C55xxCSL\lib\</path>
         <kind>archive</kind>
         <file>csl5502x.lib</file>
         <name>irq_clear.obj</name>
      </input_file>
      <input_file id="fl-70">
         <path>C:\Users\FabioM\Desktop\Faculdade UFBA\Semestre 2025.2\Laboratorio 3\ezdsp5502_v1\C55xxCSL\lib\</path>
         <kind>archive</kind>
         <file>csl5502x.lib</file>
         <name>irq_disa.obj</name>
      </input_file>
      <input_file id="fl-71">
         <path>C:\Users\FabioM\Desktop\Faculdade UFBA\Semestre 2025.2\Laboratorio 3\ezdsp5502_v1\C55xxCSL\lib\</path>
         <kind>archive</kind>
         <file>csl5502x.lib</file>
         <name>irq_enab.obj</name>
      </input_file>
      <input_file id="fl-72">
         <path>C:\Users\FabioM\Desktop\Faculdade UFBA\Semestre 2025.2\Laboratorio 3\ezdsp5502_v1\C55xxCSL\lib\</path>
         <kind>archive</kind>
         <file>csl5502x.lib</file>
         <name>irq_gdisab.obj</name>
      </input_file>
      <input_file id="fl-73">
         <path>C:\Users\FabioM\Desktop\Faculdade UFBA\Semestre 2025.2\Laboratorio 3\ezdsp5502_v1\C55xxCSL\lib\</path>
         <kind>archive</kind>
         <file>csl5502x.lib</file>
         <name>irq_genab.obj</name>
      </input_file>
      <input_file id="fl-74">
         <path>C:\Users\FabioM\Desktop\Faculdade UFBA\Semestre 2025.2\Laboratorio 3\ezdsp5502_v1\C55xxCSL\lib\</path>
         <kind>archive</kind>
         <file>csl5502x.lib</file>
         <name>irq_grest.obj</name>
      </input_file>
      <input_file id="fl-75">
         <path>C:\Users\FabioM\Desktop\Faculdade UFBA\Semestre 2025.2\Laboratorio 3\ezdsp5502_v1\C55xxCSL\lib\</path>
         <kind>archive</kind>
         <file>csl5502x.lib</file>
         <name>irq_pluga.obj</name>
      </input_file>
      <input_file id="fl-76">
         <path>C:\Users\FabioM\Desktop\Faculdade UFBA\Semestre 2025.2\Laboratorio 3\ezdsp5502_v1\C55xxCSL\lib\</path>
         <kind>archive</kind>
         <file>csl5502x.lib</file>
         <name>irq_setvecs.obj</name>
      </input_file>
      <input_file id="fl-77">
         <path>C:\Users\FabioM\Desktop\Faculdade UFBA\Semestre 2025.2\Laboratorio 3\ezdsp5502_v1\C55xxCSL\lib\</path>
         <kind>archive</kind>
         <file>csl5502x.lib</file>
         <name>mcbsp_cfg.obj</name>
      </input_file>
      <input_file id="fl-78">
         <path>C:\Users\FabioM\Desktop\Faculdade UFBA\Semestre 2025.2\Laboratorio 3\ezdsp5502_v1\C55xxCSL\lib\</path>
         <kind>archive</kind>
         <file>csl5502x.lib</file>
         <name>mcbsp_cls.obj</name>
      </input_file>
      <input_file id="fl-79">
         <path>C:\Users\FabioM\Desktop\Faculdade UFBA\Semestre 2025.2\Laboratorio 3\ezdsp5502_v1\C55xxCSL\lib\</path>
         <kind>archive</kind>
         <file>csl5502x.lib</file>
         <name>mcbsp_open.obj</name>
      </input_file>
      <input_file id="fl-7a">
         <path>C:\Users\FabioM\Desktop\Faculdade UFBA\Semestre 2025.2\Laboratorio 3\ezdsp5502_v1\C55xxCSL\lib\</path>
         <kind>archive</kind>
         <file>csl5502x.lib</file>
         <name>mcbsp_r16.obj</name>
      </input_file>
      <input_file id="fl-7b">
         <path>C:\Users\FabioM\Desktop\Faculdade UFBA\Semestre 2025.2\Laboratorio 3\ezdsp5502_v1\C55xxCSL\lib\</path>
         <kind>archive</kind>
         <file>csl5502x.lib</file>
         <name>mcbsp_rst.obj</name>
      </input_file>
      <input_file id="fl-7c">
         <path>C:\Users\FabioM\Desktop\Faculdade UFBA\Semestre 2025.2\Laboratorio 3\ezdsp5502_v1\C55xxCSL\lib\</path>
         <kind>archive</kind>
         <file>csl5502x.lib</file>
         <name>mcbsp_start.obj</name>
      </input_file>
      <input_file id="fl-7d">
         <path>C:\Users\FabioM\Desktop\Faculdade UFBA\Semestre 2025.2\Laboratorio 3\ezdsp5502_v1\C55xxCSL\lib\</path>
         <kind>archive</kind>
         <file>csl5502x.lib</file>
         <name>mcbsp_w16.obj</name>
      </input_file>
      <input_file id="fl-7e">
         <path>C:\Users\FabioM\Desktop\Faculdade UFBA\Semestre 2025.2\Laboratorio 3\ezdsp5502_v1\C55xxCSL\lib\</path>
         <kind>archive</kind>
         <file>csl5502x.lib</file>
         <name>pll_cfg.obj</name>
      </input_file>
      <input_file id="fl-7f">
         <path>C:\Users\FabioM\Desktop\Faculdade UFBA\Semestre 2025.2\Laboratorio 3\ezdsp5502_v1\C55xxCSL\lib\</path>
         <kind>archive</kind>
         <file>csl5502x.lib</file>
         <name>pll_setfrq.obj</name>
      </input_file>
      <input_file id="fl-80">
         <path>C:\Users\FabioM\Desktop\Faculdade UFBA\Semestre 2025.2\Laboratorio 3\ezdsp5502_v1\C55xxCSL\lib\</path>
         <kind>archive</kind>
         <file>csl5502x.lib</file>
         <name>csl_dmadat.obj</name>
      </input_file>
      <input_file id="fl-81">
         <path>C:\Users\FabioM\Desktop\Faculdade UFBA\Semestre 2025.2\Laboratorio 3\ezdsp5502_v1\C55xxCSL\lib\</path>
         <kind>archive</kind>
         <file>csl5502x.lib</file>
         <name>csl_gpiodat.obj</name>
      </input_file>
      <input_file id="fl-82">
         <path>C:\Users\FabioM\Desktop\Faculdade UFBA\Semestre 2025.2\Laboratorio 3\ezdsp5502_v1\C55xxCSL\lib\</path>
         <kind>archive</kind>
         <file>csl5502x.lib</file>
         <name>csl_gptdat.obj</name>
      </input_file>
      <input_file id="fl-83">
         <path>C:\Users\FabioM\Desktop\Faculdade UFBA\Semestre 2025.2\Laboratorio 3\ezdsp5502_v1\C55xxCSL\lib\</path>
         <kind>archive</kind>
         <file>csl5502x.lib</file>
         <name>csl_mcbspdat.obj</name>
      </input_file>
   </input_file_list>
   <object_component_list>
      <object_component id="oc-ca">
         <name>.text</name>
         <load_address>0x300</load_address>
         <run_address>0x300</run_address>
         <size>0x15a4</size>
         <input_file_ref idref="fl-3b"/>
      </object_component>
      <object_component id="oc-64">
         <name>.text</name>
         <load_address>0x18a4</load_address>
         <run_address>0x18a4</run_address>
         <size>0x5c7</size>
         <input_file_ref idref="fl-f"/>
      </object_component>
      <object_component id="oc-fb">
         <name>.text</name>
         <load_address>0x1e6b</load_address>
         <run_address>0x1e6b</run_address>
         <size>0x543</size>
         <input_file_ref idref="fl-47"/>
      </object_component>
      <object_component id="oc-123">
         <name>.text</name>
         <load_address>0x23ae</load_address>
         <run_address>0x23ae</run_address>
         <size>0x528</size>
         <input_file_ref idref="fl-50"/>
      </object_component>
      <object_component id="oc-14c">
         <name>.text</name>
         <load_address>0x28d6</load_address>
         <run_address>0x28d6</run_address>
         <size>0x4b5</size>
         <input_file_ref idref="fl-59"/>
      </object_component>
      <object_component id="oc-84">
         <name>.text</name>
         <load_address>0x2d8b</load_address>
         <run_address>0x2d8b</run_address>
         <size>0x3cc</size>
         <input_file_ref idref="fl-2c"/>
      </object_component>
      <object_component id="oc-146">
         <name>.text</name>
         <load_address>0x3157</load_address>
         <run_address>0x3157</run_address>
         <size>0x27f</size>
         <input_file_ref idref="fl-58"/>
      </object_component>
      <object_component id="oc-c0">
         <name>.text</name>
         <load_address>0x33d6</load_address>
         <run_address>0x33d6</run_address>
         <size>0x2</size>
         <input_file_ref idref="fl-39"/>
      </object_component>
      <object_component id="oc-17c">
         <name>.text:MCBSP_reset</name>
         <load_address>0x33d8</load_address>
         <run_address>0x33d8</run_address>
         <size>0x261</size>
         <input_file_ref idref="fl-7b"/>
      </object_component>
      <object_component id="oc-f7">
         <name>.text</name>
         <load_address>0x3639</load_address>
         <run_address>0x3639</run_address>
         <size>0x25e</size>
         <input_file_ref idref="fl-46"/>
      </object_component>
      <object_component id="oc-78">
         <name>.text</name>
         <load_address>0x3897</load_address>
         <run_address>0x3897</run_address>
         <size>0x25a</size>
         <input_file_ref idref="fl-29"/>
      </object_component>
      <object_component id="oc-4a">
         <name>.text</name>
         <load_address>0x3af1</load_address>
         <run_address>0x3af1</run_address>
         <size>0x224</size>
         <input_file_ref idref="fl-b"/>
      </object_component>
      <object_component id="oc-1a">
         <name>.text</name>
         <load_address>0x3d15</load_address>
         <run_address>0x3d15</run_address>
         <size>0x20c</size>
         <input_file_ref idref="fl-3"/>
      </object_component>
      <object_component id="oc-b0">
         <name>.text</name>
         <load_address>0x3f21</load_address>
         <run_address>0x3f21</run_address>
         <size>0x1f2</size>
         <input_file_ref idref="fl-36"/>
      </object_component>
      <object_component id="oc-80">
         <name>.text</name>
         <load_address>0x4113</load_address>
         <run_address>0x4113</run_address>
         <size>0x1ea</size>
         <input_file_ref idref="fl-2b"/>
      </object_component>
      <object_component id="oc-37">
         <name>.text</name>
         <load_address>0x42fd</load_address>
         <run_address>0x42fd</run_address>
         <size>0x2</size>
         <input_file_ref idref="fl-8"/>
      </object_component>
      <object_component id="oc-162">
         <name>.text:DMA_reset</name>
         <load_address>0x4300</load_address>
         <run_address>0x4300</run_address>
         <size>0x1ca</size>
         <input_file_ref idref="fl-61"/>
      </object_component>
      <object_component id="oc-3c">
         <name>.text</name>
         <load_address>0x44ca</load_address>
         <run_address>0x44ca</run_address>
         <size>0x1b8</size>
         <input_file_ref idref="fl-9"/>
      </object_component>
      <object_component id="oc-41">
         <name>.text</name>
         <load_address>0x4682</load_address>
         <run_address>0x4682</run_address>
         <size>0x1b5</size>
         <input_file_ref idref="fl-a"/>
      </object_component>
      <object_component id="oc-46">
         <name>.text:retain</name>
         <load_address>0x4837</load_address>
         <run_address>0x4837</run_address>
         <size>0x1b4</size>
         <input_file_ref idref="fl-a"/>
      </object_component>
      <object_component id="oc-16f">
         <name>.text:I2C_write</name>
         <load_address>0x49ec</load_address>
         <run_address>0x49ec</run_address>
         <size>0x18e</size>
         <input_file_ref idref="fl-6e"/>
      </object_component>
      <object_component id="oc-58">
         <name>.text</name>
         <load_address>0x4b7a</load_address>
         <run_address>0x4b7a</run_address>
         <size>0x18b</size>
         <input_file_ref idref="fl-d"/>
      </object_component>
      <object_component id="oc-70">
         <name>.text</name>
         <load_address>0x4d05</load_address>
         <run_address>0x4d05</run_address>
         <size>0x16e</size>
         <input_file_ref idref="fl-11"/>
      </object_component>
      <object_component id="oc-ea">
         <name>.text</name>
         <load_address>0x4e73</load_address>
         <run_address>0x4e73</run_address>
         <size>0x163</size>
         <input_file_ref idref="fl-43"/>
      </object_component>
      <object_component id="oc-16e">
         <name>.text:I2C_read</name>
         <load_address>0x4fd8</load_address>
         <run_address>0x4fd8</run_address>
         <size>0x15d</size>
         <input_file_ref idref="fl-6d"/>
      </object_component>
      <object_component id="oc-25">
         <name>.text</name>
         <load_address>0x5135</load_address>
         <run_address>0x5135</run_address>
         <size>0x14e</size>
         <input_file_ref idref="fl-5"/>
      </object_component>
      <object_component id="oc-a8">
         <name>.text</name>
         <load_address>0x5283</load_address>
         <run_address>0x5283</run_address>
         <size>0x14c</size>
         <input_file_ref idref="fl-34"/>
      </object_component>
      <object_component id="oc-5d">
         <name>.text</name>
         <load_address>0x53cf</load_address>
         <run_address>0x53cf</run_address>
         <size>0x139</size>
         <input_file_ref idref="fl-e"/>
      </object_component>
      <object_component id="oc-178">
         <name>.text:MCBSP_config</name>
         <load_address>0x5508</load_address>
         <run_address>0x5508</run_address>
         <size>0x130</size>
         <input_file_ref idref="fl-77"/>
      </object_component>
      <object_component id="oc-160">
         <name>.text:DMA_config</name>
         <load_address>0x5638</load_address>
         <run_address>0x5638</run_address>
         <size>0x10e</size>
         <input_file_ref idref="fl-5f"/>
      </object_component>
      <object_component id="oc-30">
         <name>.text</name>
         <load_address>0x5746</load_address>
         <run_address>0x5746</run_address>
         <size>0xff</size>
         <input_file_ref idref="fl-7"/>
      </object_component>
      <object_component id="oc-17a">
         <name>.text:MCBSP_open</name>
         <load_address>0x5848</load_address>
         <run_address>0x5848</run_address>
         <size>0xee</size>
         <input_file_ref idref="fl-79"/>
      </object_component>
      <object_component id="oc-142">
         <name>.text</name>
         <load_address>0x5936</load_address>
         <run_address>0x5936</run_address>
         <size>0xe6</size>
         <input_file_ref idref="fl-57"/>
      </object_component>
      <object_component id="oc-132">
         <name>.text</name>
         <load_address>0x5a1c</load_address>
         <run_address>0x5a1c</run_address>
         <size>0xdd</size>
         <input_file_ref idref="fl-53"/>
      </object_component>
      <object_component id="oc-16a">
         <name>.text:GPT_reset</name>
         <load_address>0x5afc</load_address>
         <run_address>0x5afc</run_address>
         <size>0xd5</size>
         <input_file_ref idref="fl-69"/>
      </object_component>
      <object_component id="oc-161">
         <name>.text:DMA_open</name>
         <load_address>0x5bd4</load_address>
         <run_address>0x5bd4</run_address>
         <size>0xcb</size>
         <input_file_ref idref="fl-60"/>
      </object_component>
      <object_component id="oc-169">
         <name>.text:GPT_open</name>
         <load_address>0x5ca0</load_address>
         <run_address>0x5ca0</run_address>
         <size>0xc3</size>
         <input_file_ref idref="fl-68"/>
      </object_component>
      <object_component id="oc-13a">
         <name>.text</name>
         <load_address>0x5d63</load_address>
         <run_address>0x5d63</run_address>
         <size>0xc2</size>
         <input_file_ref idref="fl-55"/>
      </object_component>
      <object_component id="oc-10d">
         <name>.text</name>
         <load_address>0x5e25</load_address>
         <run_address>0x5e25</run_address>
         <size>0xbf</size>
         <input_file_ref idref="fl-4b"/>
      </object_component>
      <object_component id="oc-12b">
         <name>.text:CIO_breakpoint</name>
         <load_address>0x5ee4</load_address>
         <run_address>0x5ee4</run_address>
         <size>0xba</size>
         <input_file_ref idref="fl-51"/>
      </object_component>
      <object_component id="oc-2a">
         <name>.text</name>
         <load_address>0x5f9e</load_address>
         <run_address>0x5f9e</run_address>
         <size>0xba</size>
         <input_file_ref idref="fl-6"/>
      </object_component>
      <object_component id="oc-17f">
         <name>.text:PLL_config</name>
         <load_address>0x6058</load_address>
         <run_address>0x6058</run_address>
         <size>0xae</size>
         <input_file_ref idref="fl-7e"/>
      </object_component>
      <object_component id="oc-180">
         <name>.text</name>
         <load_address>0x6108</load_address>
         <run_address>0x6108</run_address>
         <size>0xa8</size>
         <input_file_ref idref="fl-7f"/>
      </object_component>
      <object_component id="oc-e6">
         <name>.text</name>
         <load_address>0x61b0</load_address>
         <run_address>0x61b0</run_address>
         <size>0xa6</size>
         <input_file_ref idref="fl-42"/>
      </object_component>
      <object_component id="oc-e2">
         <name>.text</name>
         <load_address>0x6256</load_address>
         <run_address>0x6256</run_address>
         <size>0xa1</size>
         <input_file_ref idref="fl-41"/>
      </object_component>
      <object_component id="oc-176">
         <name>.text</name>
         <load_address>0x62f7</load_address>
         <run_address>0x62f7</run_address>
         <size>0x89</size>
         <input_file_ref idref="fl-75"/>
      </object_component>
      <object_component id="oc-17d">
         <name>.text:MCBSP_start</name>
         <load_address>0x6380</load_address>
         <run_address>0x6380</run_address>
         <size>0x82</size>
         <input_file_ref idref="fl-7c"/>
      </object_component>
      <object_component id="oc-101">
         <name>.text</name>
         <load_address>0x6402</load_address>
         <run_address>0x6402</run_address>
         <size>0x7d</size>
         <input_file_ref idref="fl-48"/>
      </object_component>
      <object_component id="oc-168">
         <name>.text:GPT_config</name>
         <load_address>0x6480</load_address>
         <run_address>0x6480</run_address>
         <size>0x7b</size>
         <input_file_ref idref="fl-67"/>
      </object_component>
      <object_component id="oc-153">
         <name>.text</name>
         <load_address>0x64fb</load_address>
         <run_address>0x64fb</run_address>
         <size>0x7b</size>
         <input_file_ref idref="fl-5a"/>
      </object_component>
      <object_component id="oc-ef">
         <name>.text</name>
         <load_address>0x6576</load_address>
         <run_address>0x6576</run_address>
         <size>0x76</size>
         <input_file_ref idref="fl-44"/>
      </object_component>
      <object_component id="oc-a0">
         <name>.text</name>
         <load_address>0x65ec</load_address>
         <run_address>0x65ec</run_address>
         <size>0x73</size>
         <input_file_ref idref="fl-32"/>
      </object_component>
      <object_component id="oc-16d">
         <name>.text:I2C_config</name>
         <load_address>0x6660</load_address>
         <run_address>0x6660</run_address>
         <size>0x72</size>
         <input_file_ref idref="fl-6c"/>
      </object_component>
      <object_component id="oc-11a">
         <name>.text</name>
         <load_address>0x66d2</load_address>
         <run_address>0x66d2</run_address>
         <size>0x72</size>
         <input_file_ref idref="fl-4e"/>
      </object_component>
      <object_component id="oc-171">
         <name>.text:IRQ_disable</name>
         <load_address>0x6744</load_address>
         <run_address>0x6744</run_address>
         <size>0x6f</size>
         <input_file_ref idref="fl-70"/>
      </object_component>
      <object_component id="oc-15">
         <name>.text</name>
         <load_address>0x67b3</load_address>
         <run_address>0x67b3</run_address>
         <size>0x6f</size>
         <input_file_ref idref="fl-2"/>
      </object_component>
      <object_component id="oc-93">
         <name>.text</name>
         <load_address>0x6822</load_address>
         <run_address>0x6822</run_address>
         <size>0x6f</size>
         <input_file_ref idref="fl-2f"/>
      </object_component>
      <object_component id="oc-20">
         <name>.text</name>
         <load_address>0x6891</load_address>
         <run_address>0x6891</run_address>
         <size>0x6d</size>
         <input_file_ref idref="fl-4"/>
      </object_component>
      <object_component id="oc-128">
         <name>.text</name>
         <load_address>0x68fe</load_address>
         <run_address>0x68fe</run_address>
         <size>0x6d</size>
         <input_file_ref idref="fl-51"/>
      </object_component>
      <object_component id="oc-13e">
         <name>.text</name>
         <load_address>0x696b</load_address>
         <run_address>0x696b</run_address>
         <size>0x6b</size>
         <input_file_ref idref="fl-56"/>
      </object_component>
      <object_component id="oc-172">
         <name>.text:IRQ_enable</name>
         <load_address>0x69d8</load_address>
         <run_address>0x69d8</run_address>
         <size>0x68</size>
         <input_file_ref idref="fl-71"/>
      </object_component>
      <object_component id="oc-9b">
         <name>.text</name>
         <load_address>0x6a40</load_address>
         <run_address>0x6a40</run_address>
         <size>0x67</size>
         <input_file_ref idref="fl-31"/>
      </object_component>
      <object_component id="oc-11e">
         <name>.text</name>
         <load_address>0x6aa7</load_address>
         <run_address>0x6aa7</run_address>
         <size>0x5f</size>
         <input_file_ref idref="fl-4f"/>
      </object_component>
      <object_component id="oc-d4">
         <name>.text</name>
         <load_address>0x6b06</load_address>
         <run_address>0x6b06</run_address>
         <size>0x5c</size>
         <input_file_ref idref="fl-3d"/>
      </object_component>
      <object_component id="oc-53">
         <name>.text</name>
         <load_address>0x6b62</load_address>
         <run_address>0x6b62</run_address>
         <size>0x56</size>
         <input_file_ref idref="fl-c"/>
      </object_component>
      <object_component id="oc-ac">
         <name>.text</name>
         <load_address>0x6bb8</load_address>
         <run_address>0x6bb8</run_address>
         <size>0x50</size>
         <input_file_ref idref="fl-35"/>
      </object_component>
      <object_component id="oc-165">
         <name>.text:GPIO_open</name>
         <load_address>0x6c08</load_address>
         <run_address>0x6c08</run_address>
         <size>0x4f</size>
         <input_file_ref idref="fl-64"/>
      </object_component>
      <object_component id="oc-d8">
         <name>.text</name>
         <load_address>0x6c57</load_address>
         <run_address>0x6c57</run_address>
         <size>0x4d</size>
         <input_file_ref idref="fl-3e"/>
      </object_component>
      <object_component id="oc-d0">
         <name>.text</name>
         <load_address>0x6ca4</load_address>
         <run_address>0x6ca4</run_address>
         <size>0x4b</size>
         <input_file_ref idref="fl-3c"/>
      </object_component>
      <object_component id="oc-116">
         <name>.text</name>
         <load_address>0x6cef</load_address>
         <run_address>0x6cef</run_address>
         <size>0x4b</size>
         <input_file_ref idref="fl-4d"/>
      </object_component>
      <object_component id="oc-136">
         <name>.text</name>
         <load_address>0x6d3a</load_address>
         <run_address>0x6d3a</run_address>
         <size>0x48</size>
         <input_file_ref idref="fl-54"/>
      </object_component>
      <object_component id="oc-bb">
         <name>.text</name>
         <load_address>0x6d82</load_address>
         <run_address>0x6d82</run_address>
         <size>0x41</size>
         <input_file_ref idref="fl-38"/>
      </object_component>
      <object_component id="oc-109">
         <name>.text</name>
         <load_address>0x6dc3</load_address>
         <run_address>0x6dc3</run_address>
         <size>0x3f</size>
         <input_file_ref idref="fl-4a"/>
      </object_component>
      <object_component id="oc-88">
         <name>.text</name>
         <load_address>0x6e02</load_address>
         <run_address>0x6e02</run_address>
         <size>0x3e</size>
         <input_file_ref idref="fl-2d"/>
      </object_component>
      <object_component id="oc-170">
         <name>.text:IRQ_clear</name>
         <load_address>0x6e40</load_address>
         <run_address>0x6e40</run_address>
         <size>0x37</size>
         <input_file_ref idref="fl-6f"/>
      </object_component>
      <object_component id="oc-177">
         <name>.text:IRQ_setVecs</name>
         <load_address>0x6e78</load_address>
         <run_address>0x6e78</run_address>
         <size>0x37</size>
         <input_file_ref idref="fl-76"/>
      </object_component>
      <object_component id="oc-179">
         <name>.text:MCBSP_close</name>
         <load_address>0x6eb0</load_address>
         <run_address>0x6eb0</run_address>
         <size>0x36</size>
         <input_file_ref idref="fl-78"/>
      </object_component>
      <object_component id="oc-13">
         <name>.text</name>
         <load_address>0x6ee6</load_address>
         <run_address>0x6ee6</run_address>
         <size>0x34</size>
         <input_file_ref idref="fl-2a"/>
      </object_component>
      <object_component id="oc-8f">
         <name>.text</name>
         <load_address>0x6f1a</load_address>
         <run_address>0x6f1a</run_address>
         <size>0x2a</size>
         <input_file_ref idref="fl-2e"/>
      </object_component>
      <object_component id="oc-12e">
         <name>.text</name>
         <load_address>0x6f44</load_address>
         <run_address>0x6f44</run_address>
         <size>0x2a</size>
         <input_file_ref idref="fl-52"/>
      </object_component>
      <object_component id="oc-105">
         <name>.text</name>
         <load_address>0x6f6e</load_address>
         <run_address>0x6f6e</run_address>
         <size>0x23</size>
         <input_file_ref idref="fl-49"/>
      </object_component>
      <object_component id="oc-16c">
         <name>.text:GPT_stop12</name>
         <load_address>0x6f94</load_address>
         <run_address>0x6f94</run_address>
         <size>0x22</size>
         <input_file_ref idref="fl-6b"/>
      </object_component>
      <object_component id="oc-69">
         <name>.text</name>
         <load_address>0x6fb6</load_address>
         <run_address>0x6fb6</run_address>
         <size>0x22</size>
         <input_file_ref idref="fl-10"/>
      </object_component>
      <object_component id="oc-74">
         <name>.text:retain</name>
         <load_address>0x6fd8</load_address>
         <run_address>0x6fd8</run_address>
         <size>0x22</size>
         <input_file_ref idref="fl-11"/>
      </object_component>
      <object_component id="oc-16b">
         <name>.text:GPT_start12</name>
         <load_address>0x6ffc</load_address>
         <run_address>0x6ffc</run_address>
         <size>0x21</size>
         <input_file_ref idref="fl-6a"/>
      </object_component>
      <object_component id="oc-163">
         <name>.text:GPIO_pinDirection</name>
         <load_address>0x7020</load_address>
         <run_address>0x7020</run_address>
         <size>0x1f</size>
         <input_file_ref idref="fl-62"/>
      </object_component>
      <object_component id="oc-167">
         <name>.text:GPIO_pinWrite</name>
         <load_address>0x7040</load_address>
         <run_address>0x7040</run_address>
         <size>0x1f</size>
         <input_file_ref idref="fl-66"/>
      </object_component>
      <object_component id="oc-f3">
         <name>.text</name>
         <load_address>0x705f</load_address>
         <run_address>0x705f</run_address>
         <size>0x1a</size>
         <input_file_ref idref="fl-45"/>
      </object_component>
      <object_component id="oc-166">
         <name>.text:GPIO_pinRead</name>
         <load_address>0x707c</load_address>
         <run_address>0x707c</run_address>
         <size>0x14</size>
         <input_file_ref idref="fl-65"/>
      </object_component>
      <object_component id="oc-b7">
         <name>.text</name>
         <load_address>0x7090</load_address>
         <run_address>0x7090</run_address>
         <size>0x14</size>
         <input_file_ref idref="fl-37"/>
      </object_component>
      <object_component id="oc-164">
         <name>.text:GPIO_pinEnable</name>
         <load_address>0x70a4</load_address>
         <run_address>0x70a4</run_address>
         <size>0x13</size>
         <input_file_ref idref="fl-63"/>
      </object_component>
      <object_component id="oc-a4">
         <name>.text</name>
         <load_address>0x70b7</load_address>
         <run_address>0x70b7</run_address>
         <size>0x13</size>
         <input_file_ref idref="fl-33"/>
      </object_component>
      <object_component id="oc-c4">
         <name>.text</name>
         <load_address>0x70ca</load_address>
         <run_address>0x70ca</run_address>
         <size>0x12</size>
         <input_file_ref idref="fl-3a"/>
      </object_component>
      <object_component id="oc-112">
         <name>.text</name>
         <load_address>0x70dc</load_address>
         <run_address>0x70dc</run_address>
         <size>0x10</size>
         <input_file_ref idref="fl-4c"/>
      </object_component>
      <object_component id="oc-173">
         <name>.text:IRQ_globalDisable</name>
         <load_address>0x70ec</load_address>
         <run_address>0x70ec</run_address>
         <size>0xf</size>
         <input_file_ref idref="fl-72"/>
      </object_component>
      <object_component id="oc-174">
         <name>.text:IRQ_globalEnable</name>
         <load_address>0x70fc</load_address>
         <run_address>0x70fc</run_address>
         <size>0xf</size>
         <input_file_ref idref="fl-73"/>
      </object_component>
      <object_component id="oc-15b">
         <name>.text:_CSL_init</name>
         <load_address>0x710c</load_address>
         <run_address>0x710c</run_address>
         <size>0xd</size>
         <input_file_ref idref="fl-5c"/>
      </object_component>
      <object_component id="oc-15d">
         <name>.text:CSL_init</name>
         <load_address>0x711c</load_address>
         <run_address>0x711c</run_address>
         <size>0xc</size>
         <input_file_ref idref="fl-5d"/>
      </object_component>
      <object_component id="oc-175">
         <name>.text:IRQ_globalRestore</name>
         <load_address>0x7128</load_address>
         <run_address>0x7128</run_address>
         <size>0xc</size>
         <input_file_ref idref="fl-74"/>
      </object_component>
      <object_component id="oc-97">
         <name>.text</name>
         <load_address>0x7134</load_address>
         <run_address>0x7134</run_address>
         <size>0xc</size>
         <input_file_ref idref="fl-30"/>
      </object_component>
      <object_component id="oc-157">
         <name>.text</name>
         <load_address>0x7140</load_address>
         <run_address>0x7140</run_address>
         <size>0xa</size>
         <input_file_ref idref="fl-5b"/>
      </object_component>
      <object_component id="oc-8c">
         <name>.text:CIO_breakpoint</name>
         <load_address>0x714a</load_address>
         <run_address>0x714a</run_address>
         <size>0x7</size>
         <input_file_ref idref="fl-2d"/>
      </object_component>
      <object_component id="oc-17b">
         <name>.text:MCBSP_read16</name>
         <load_address>0x7154</load_address>
         <run_address>0x7154</run_address>
         <size>0x7</size>
         <input_file_ref idref="fl-7a"/>
      </object_component>
      <object_component id="oc-17e">
         <name>.text:MCBSP_write16</name>
         <load_address>0x715c</load_address>
         <run_address>0x715c</run_address>
         <size>0x7</size>
         <input_file_ref idref="fl-7d"/>
      </object_component>
      <object_component id="oc-15c">
         <name>.text</name>
         <load_address>0x7164</load_address>
         <run_address>0x7164</run_address>
         <size>0x2</size>
         <input_file_ref idref="fl-5d"/>
      </object_component>
      <object_component id="oc-7c">
         <name>.stack</name>
         <load_address>0xe5c0</load_address>
         <run_address>0xe5c0</run_address>
         <size>0x0</size>
         <input_file_ref idref="fl-2a"/>
      </object_component>
      <object_component id="oc-1ab">
         <name>.stack</name>
         <load_address>0xe5c0</load_address>
         <run_address>0xe5c0</run_address>
         <size>0x0</size>
      </object_component>
      <object_component id="oc-189">
         <name>.sysstack</name>
         <load_address>0xd000</load_address>
         <run_address>0xd000</run_address>
         <size>0x0</size>
         <input_file_ref idref="fl-2a"/>
      </object_component>
      <object_component id="oc-1ad">
         <name>.sysstack</name>
         <load_address>0xd000</load_address>
         <run_address>0xd000</run_address>
         <size>0x0</size>
      </object_component>
      <object_component id="oc-182">
         <name>.csldata:DMA_data</name>
         <load_address>0x7d80</load_address>
         <run_address>0x7d80</run_address>
         <size>0xfc</size>
         <input_file_ref idref="fl-80"/>
      </object_component>
      <object_component id="oc-188">
         <name>.csldata:MCBSP_data</name>
         <load_address>0x7e7c</load_address>
         <run_address>0x7e7c</run_address>
         <size>0xcc</size>
         <input_file_ref idref="fl-83"/>
      </object_component>
      <object_component id="oc-15f">
         <name>.csldata:SYS_data</name>
         <load_address>0x7f48</load_address>
         <run_address>0x7f48</run_address>
         <size>0x44</size>
         <input_file_ref idref="fl-5e"/>
      </object_component>
      <object_component id="oc-184">
         <name>.csldata:GPIO_data</name>
         <load_address>0x7f8c</load_address>
         <run_address>0x7f8c</run_address>
         <size>0x40</size>
         <input_file_ref idref="fl-81"/>
      </object_component>
      <object_component id="oc-186">
         <name>.csldata:GPT_data</name>
         <load_address>0x7fcc</load_address>
         <run_address>0x7fcc</run_address>
         <size>0x10</size>
         <input_file_ref idref="fl-82"/>
      </object_component>
      <object_component id="oc-de">
         <name>.bss</name>
         <load_address>0x7180</load_address>
         <run_address>0x7180</run_address>
         <size>0x232</size>
         <input_file_ref idref="fl-40"/>
      </object_component>
      <object_component id="oc-147">
         <name>.bss</name>
         <load_address>0x73b2</load_address>
         <run_address>0x73b2</run_address>
         <size>0x2</size>
         <input_file_ref idref="fl-58"/>
      </object_component>
      <object_component id="oc-4b">
         <name>.bss</name>
         <load_address>0x73b4</load_address>
         <run_address>0x73b4</run_address>
         <size>0x214</size>
         <input_file_ref idref="fl-b"/>
      </object_component>
      <object_component id="oc-124">
         <name>.bss</name>
         <load_address>0x75c8</load_address>
         <run_address>0x75c8</run_address>
         <size>0x1a0</size>
         <input_file_ref idref="fl-50"/>
      </object_component>
      <object_component id="oc-fc">
         <name>.bss</name>
         <load_address>0x7768</load_address>
         <run_address>0x7768</run_address>
         <size>0xe2</size>
         <input_file_ref idref="fl-47"/>
      </object_component>
      <object_component id="oc-42">
         <name>.bss</name>
         <load_address>0x784c</load_address>
         <run_address>0x784c</run_address>
         <size>0x54</size>
         <input_file_ref idref="fl-a"/>
      </object_component>
      <object_component id="oc-71">
         <name>.bss</name>
         <load_address>0x78a0</load_address>
         <run_address>0x78a0</run_address>
         <size>0x24</size>
         <input_file_ref idref="fl-11"/>
      </object_component>
      <object_component id="oc-6a">
         <name>.bss</name>
         <load_address>0x78c4</load_address>
         <run_address>0x78c4</run_address>
         <size>0x14</size>
         <input_file_ref idref="fl-10"/>
      </object_component>
      <object_component id="oc-1b">
         <name>.bss</name>
         <load_address>0x78d8</load_address>
         <run_address>0x78d8</run_address>
         <size>0x10</size>
         <input_file_ref idref="fl-3"/>
      </object_component>
      <object_component id="oc-b1">
         <name>.bss</name>
         <load_address>0x78e8</load_address>
         <run_address>0x78e8</run_address>
         <size>0x10</size>
         <input_file_ref idref="fl-36"/>
      </object_component>
      <object_component id="oc-14d">
         <name>.bss</name>
         <load_address>0x78f8</load_address>
         <run_address>0x78f8</run_address>
         <size>0xc</size>
         <input_file_ref idref="fl-59"/>
      </object_component>
      <object_component id="oc-c5">
         <name>.bss</name>
         <load_address>0x7904</load_address>
         <run_address>0x7904</run_address>
         <size>0x8</size>
         <input_file_ref idref="fl-3a"/>
      </object_component>
      <object_component id="oc-89">
         <name>.bss</name>
         <load_address>0x790c</load_address>
         <run_address>0x790c</run_address>
         <size>0x8</size>
         <input_file_ref idref="fl-2d"/>
      </object_component>
      <object_component id="oc-5e">
         <name>.bss</name>
         <load_address>0x7914</load_address>
         <run_address>0x7914</run_address>
         <size>0x6</size>
         <input_file_ref idref="fl-e"/>
      </object_component>
      <object_component id="oc-2b">
         <name>.bss</name>
         <load_address>0x791c</load_address>
         <run_address>0x791c</run_address>
         <size>0x4</size>
         <input_file_ref idref="fl-6"/>
      </object_component>
      <object_component id="oc-18d">
         <name>.const:__ctypes_</name>
         <load_address>0xe000</load_address>
         <run_address>0xe000</run_address>
         <size>0x202</size>
         <input_file_ref idref="fl-3f"/>
      </object_component>
      <object_component id="oc-cd">
         <name>.const:.string</name>
         <load_address>0xe204</load_address>
         <run_address>0xe204</run_address>
         <size>0x48</size>
         <input_file_ref idref="fl-3b"/>
      </object_component>
      <object_component id="oc-33">
         <name>.const:.string</name>
         <load_address>0xe24c</load_address>
         <run_address>0xe24c</run_address>
         <size>0x3a</size>
         <input_file_ref idref="fl-7"/>
      </object_component>
      <object_component id="oc-18b">
         <name>.const:_$P$T0$1</name>
         <load_address>0xe286</load_address>
         <run_address>0xe286</run_address>
         <size>0x36</size>
         <input_file_ref idref="fl-6"/>
      </object_component>
      <object_component id="oc-b4">
         <name>.const</name>
         <load_address>0xe2bc</load_address>
         <run_address>0xe2bc</run_address>
         <size>0x28</size>
         <input_file_ref idref="fl-36"/>
      </object_component>
      <object_component id="oc-32">
         <name>.const</name>
         <load_address>0xe2e4</load_address>
         <run_address>0xe2e4</run_address>
         <size>0x1c</size>
         <input_file_ref idref="fl-7"/>
      </object_component>
      <object_component id="oc-cc">
         <name>.const</name>
         <load_address>0xe300</load_address>
         <run_address>0xe300</run_address>
         <size>0x18</size>
         <input_file_ref idref="fl-3b"/>
      </object_component>
      <object_component id="oc-18a">
         <name>.const:_$P$T0$1</name>
         <load_address>0xe318</load_address>
         <run_address>0xe318</run_address>
         <size>0x14</size>
         <input_file_ref idref="fl-4"/>
      </object_component>
      <object_component id="oc-18c">
         <name>.const:_initial_approx$1</name>
         <load_address>0xe32c</load_address>
         <run_address>0xe32c</run_address>
         <size>0x10</size>
         <input_file_ref idref="fl-2c"/>
      </object_component>
      <object_component id="oc-4f">
         <name>.const</name>
         <load_address>0xe33c</load_address>
         <run_address>0xe33c</run_address>
         <size>0x10</size>
         <input_file_ref idref="fl-b"/>
      </object_component>
      <object_component id="oc-120">
         <name>.const</name>
         <load_address>0xe34c</load_address>
         <run_address>0xe34c</run_address>
         <size>0x10</size>
         <input_file_ref idref="fl-4f"/>
      </object_component>
      <object_component id="oc-10f">
         <name>.const</name>
         <load_address>0xe35c</load_address>
         <run_address>0xe35c</run_address>
         <size>0xc</size>
         <input_file_ref idref="fl-4b"/>
      </object_component>
      <object_component id="oc-bd">
         <name>.const</name>
         <load_address>0xe368</load_address>
         <run_address>0xe368</run_address>
         <size>0x8</size>
         <input_file_ref idref="fl-38"/>
      </object_component>
      <object_component id="oc-ec">
         <name>.const:.string</name>
         <load_address>0xe370</load_address>
         <run_address>0xe370</run_address>
         <size>0x4</size>
         <input_file_ref idref="fl-43"/>
      </object_component>
      <object_component id="oc-9d">
         <name>.const</name>
         <load_address>0xe374</load_address>
         <run_address>0xe374</run_address>
         <size>0x4</size>
         <input_file_ref idref="fl-31"/>
      </object_component>
      <object_component id="oc-150">
         <name>.sysmem</name>
         <uninitialized>true</uninitialized>
         <run_address>0xc000</run_address>
         <size>0x0</size>
         <input_file_ref idref="fl-59"/>
      </object_component>
      <object_component id="oc-1ac">
         <name>.sysmem</name>
         <uninitialized>true</uninitialized>
         <run_address>0xc000</run_address>
         <size>0x0</size>
      </object_component>
      <object_component id="oc-181">
         <name>.cinit</name>
         <load_address>0x7920</load_address>
         <run_address>0x7920</run_address>
         <size>0x102</size>
         <input_file_ref idref="fl-80"/>
      </object_component>
      <object_component id="oc-187">
         <name>.cinit</name>
         <load_address>0x7a22</load_address>
         <run_address>0x7a22</run_address>
         <size>0xd2</size>
         <input_file_ref idref="fl-83"/>
      </object_component>
      <object_component id="oc-44">
         <name>.cinit</name>
         <load_address>0x7af4</load_address>
         <run_address>0x7af4</run_address>
         <size>0x60</size>
         <input_file_ref idref="fl-a"/>
      </object_component>
      <object_component id="oc-fe">
         <name>.cinit</name>
         <load_address>0x7b54</load_address>
         <run_address>0x7b54</run_address>
         <size>0x5a</size>
         <input_file_ref idref="fl-47"/>
      </object_component>
      <object_component id="oc-e0">
         <name>.cinit</name>
         <load_address>0x7bae</load_address>
         <run_address>0x7bae</run_address>
         <size>0x54</size>
         <input_file_ref idref="fl-40"/>
      </object_component>
      <object_component id="oc-15e">
         <name>.cinit</name>
         <load_address>0x7c02</load_address>
         <run_address>0x7c02</run_address>
         <size>0x4a</size>
         <input_file_ref idref="fl-5e"/>
      </object_component>
      <object_component id="oc-183">
         <name>.cinit</name>
         <load_address>0x7c4c</load_address>
         <run_address>0x7c4c</run_address>
         <size>0x46</size>
         <input_file_ref idref="fl-81"/>
      </object_component>
      <object_component id="oc-73">
         <name>.cinit</name>
         <load_address>0x7c92</load_address>
         <run_address>0x7c92</run_address>
         <size>0x2e</size>
         <input_file_ref idref="fl-11"/>
      </object_component>
      <object_component id="oc-4d">
         <name>.cinit</name>
         <load_address>0x7cc0</load_address>
         <run_address>0x7cc0</run_address>
         <size>0x1a</size>
         <input_file_ref idref="fl-b"/>
      </object_component>
      <object_component id="oc-6c">
         <name>.cinit</name>
         <load_address>0x7cda</load_address>
         <run_address>0x7cda</run_address>
         <size>0x1a</size>
         <input_file_ref idref="fl-10"/>
      </object_component>
      <object_component id="oc-60">
         <name>.cinit</name>
         <load_address>0x7cf4</load_address>
         <run_address>0x7cf4</run_address>
         <size>0x18</size>
         <input_file_ref idref="fl-e"/>
      </object_component>
      <object_component id="oc-185">
         <name>.cinit</name>
         <load_address>0x7d0c</load_address>
         <run_address>0x7d0c</run_address>
         <size>0x16</size>
         <input_file_ref idref="fl-82"/>
      </object_component>
      <object_component id="oc-b3">
         <name>.cinit</name>
         <load_address>0x7d22</load_address>
         <run_address>0x7d22</run_address>
         <size>0x16</size>
         <input_file_ref idref="fl-36"/>
      </object_component>
      <object_component id="oc-c7">
         <name>.cinit</name>
         <load_address>0x7d38</load_address>
         <run_address>0x7d38</run_address>
         <size>0x14</size>
         <input_file_ref idref="fl-3a"/>
      </object_component>
      <object_component id="oc-8b">
         <name>.cinit</name>
         <load_address>0x7d4c</load_address>
         <run_address>0x7d4c</run_address>
         <size>0x14</size>
         <input_file_ref idref="fl-2d"/>
      </object_component>
      <object_component id="oc-149">
         <name>.cinit</name>
         <load_address>0x7d60</load_address>
         <run_address>0x7d60</run_address>
         <size>0x8</size>
         <input_file_ref idref="fl-58"/>
      </object_component>
      <object_component id="oc-14f">
         <name>.cinit</name>
         <load_address>0x7d68</load_address>
         <run_address>0x7d68</run_address>
         <size>0x8</size>
         <input_file_ref idref="fl-59"/>
      </object_component>
      <object_component id="oc-12a">
         <name>.cio</name>
         <load_address>0xe380</load_address>
         <run_address>0xe380</run_address>
         <size>0x240</size>
         <input_file_ref idref="fl-51"/>
      </object_component>
      <object_component id="oc-45">
         <name>dmaMem</name>
         <load_address>0x8000</load_address>
         <run_address>0x8000</run_address>
         <size>0x4000</size>
         <input_file_ref idref="fl-a"/>
      </object_component>
      <object_component id="oc-14">
         <name>vectors</name>
         <load_address>0xc0</load_address>
         <run_address>0xc0</run_address>
         <size>0x100</size>
         <input_file_ref idref="fl-39"/>
      </object_component>
      <object_component id="oc-38">
         <name>vectors</name>
         <load_address>0x1c0</load_address>
         <run_address>0x1c0</run_address>
         <size>0xc0</size>
         <input_file_ref idref="fl-8"/>
      </object_component>
      <object_component id="oc-16">
         <name>.debug_info</name>
         <load_address>0x0</load_address>
         <run_address>0x0</run_address>
         <size>0x8b0</size>
         <input_file_ref idref="fl-2"/>
      </object_component>
      <object_component id="oc-1c">
         <name>.debug_info</name>
         <load_address>0x8b0</load_address>
         <run_address>0x8b0</run_address>
         <size>0xb73</size>
         <input_file_ref idref="fl-3"/>
      </object_component>
      <object_component id="oc-21">
         <name>.debug_info</name>
         <load_address>0x1423</load_address>
         <run_address>0x1423</run_address>
         <size>0x9ff</size>
         <input_file_ref idref="fl-4"/>
      </object_component>
      <object_component id="oc-26">
         <name>.debug_info</name>
         <load_address>0x1e22</load_address>
         <run_address>0x1e22</run_address>
         <size>0xb6d</size>
         <input_file_ref idref="fl-5"/>
      </object_component>
      <object_component id="oc-2c">
         <name>.debug_info</name>
         <load_address>0x298f</load_address>
         <run_address>0x298f</run_address>
         <size>0x10d0</size>
         <input_file_ref idref="fl-6"/>
      </object_component>
      <object_component id="oc-31">
         <name>.debug_info</name>
         <load_address>0x3a5f</load_address>
         <run_address>0x3a5f</run_address>
         <size>0x831</size>
         <input_file_ref idref="fl-7"/>
      </object_component>
      <object_component id="oc-39">
         <name>.debug_info</name>
         <load_address>0x4290</load_address>
         <run_address>0x4290</run_address>
         <size>0xd8</size>
         <input_file_ref idref="fl-8"/>
      </object_component>
      <object_component id="oc-3d">
         <name>.debug_info</name>
         <load_address>0x4368</load_address>
         <run_address>0x4368</run_address>
         <size>0xa29</size>
         <input_file_ref idref="fl-9"/>
      </object_component>
      <object_component id="oc-43">
         <name>.debug_info</name>
         <load_address>0x4d91</load_address>
         <run_address>0x4d91</run_address>
         <size>0x1426</size>
         <input_file_ref idref="fl-a"/>
      </object_component>
      <object_component id="oc-4c">
         <name>.debug_info</name>
         <load_address>0x61b7</load_address>
         <run_address>0x61b7</run_address>
         <size>0xd75</size>
         <input_file_ref idref="fl-b"/>
      </object_component>
      <object_component id="oc-54">
         <name>.debug_info</name>
         <load_address>0x6f2c</load_address>
         <run_address>0x6f2c</run_address>
         <size>0x6f2</size>
         <input_file_ref idref="fl-c"/>
      </object_component>
      <object_component id="oc-59">
         <name>.debug_info</name>
         <load_address>0x761e</load_address>
         <run_address>0x761e</run_address>
         <size>0xb35</size>
         <input_file_ref idref="fl-d"/>
      </object_component>
      <object_component id="oc-5f">
         <name>.debug_info</name>
         <load_address>0x8153</load_address>
         <run_address>0x8153</run_address>
         <size>0xbe3</size>
         <input_file_ref idref="fl-e"/>
      </object_component>
      <object_component id="oc-65">
         <name>.debug_info</name>
         <load_address>0x8d36</load_address>
         <run_address>0x8d36</run_address>
         <size>0xfbd</size>
         <input_file_ref idref="fl-f"/>
      </object_component>
      <object_component id="oc-6b">
         <name>.debug_info</name>
         <load_address>0x9cf3</load_address>
         <run_address>0x9cf3</run_address>
         <size>0x68a</size>
         <input_file_ref idref="fl-10"/>
      </object_component>
      <object_component id="oc-72">
         <name>.debug_info</name>
         <load_address>0xa37d</load_address>
         <run_address>0xa37d</run_address>
         <size>0xcf1</size>
         <input_file_ref idref="fl-11"/>
      </object_component>
      <object_component id="oc-79">
         <name>.debug_info</name>
         <load_address>0xb06e</load_address>
         <run_address>0xb06e</run_address>
         <size>0x5ab</size>
         <input_file_ref idref="fl-29"/>
      </object_component>
      <object_component id="oc-7d">
         <name>.debug_info</name>
         <load_address>0xb619</load_address>
         <run_address>0xb619</run_address>
         <size>0xe8</size>
         <input_file_ref idref="fl-2a"/>
      </object_component>
      <object_component id="oc-81">
         <name>.debug_info</name>
         <load_address>0xb701</load_address>
         <run_address>0xb701</run_address>
         <size>0x81f</size>
         <input_file_ref idref="fl-2b"/>
      </object_component>
      <object_component id="oc-85">
         <name>.debug_info</name>
         <load_address>0xbf20</load_address>
         <run_address>0xbf20</run_address>
         <size>0x7e8</size>
         <input_file_ref idref="fl-2c"/>
      </object_component>
      <object_component id="oc-8a">
         <name>.debug_info</name>
         <load_address>0xc708</load_address>
         <run_address>0xc708</run_address>
         <size>0x5fb</size>
         <input_file_ref idref="fl-2d"/>
      </object_component>
      <object_component id="oc-90">
         <name>.debug_info</name>
         <load_address>0xcd03</load_address>
         <run_address>0xcd03</run_address>
         <size>0x4cf</size>
         <input_file_ref idref="fl-2e"/>
      </object_component>
      <object_component id="oc-94">
         <name>.debug_info</name>
         <load_address>0xd1d2</load_address>
         <run_address>0xd1d2</run_address>
         <size>0x534</size>
         <input_file_ref idref="fl-2f"/>
      </object_component>
      <object_component id="oc-98">
         <name>.debug_info</name>
         <load_address>0xd706</load_address>
         <run_address>0xd706</run_address>
         <size>0x4cf</size>
         <input_file_ref idref="fl-30"/>
      </object_component>
      <object_component id="oc-9c">
         <name>.debug_info</name>
         <load_address>0xdbd5</load_address>
         <run_address>0xdbd5</run_address>
         <size>0x549</size>
         <input_file_ref idref="fl-31"/>
      </object_component>
      <object_component id="oc-a1">
         <name>.debug_info</name>
         <load_address>0xe11e</load_address>
         <run_address>0xe11e</run_address>
         <size>0x53e</size>
         <input_file_ref idref="fl-32"/>
      </object_component>
      <object_component id="oc-a5">
         <name>.debug_info</name>
         <load_address>0xe65c</load_address>
         <run_address>0xe65c</run_address>
         <size>0xbd</size>
         <input_file_ref idref="fl-33"/>
      </object_component>
      <object_component id="oc-a9">
         <name>.debug_info</name>
         <load_address>0xe719</load_address>
         <run_address>0xe719</run_address>
         <size>0x55b</size>
         <input_file_ref idref="fl-34"/>
      </object_component>
      <object_component id="oc-ad">
         <name>.debug_info</name>
         <load_address>0xec74</load_address>
         <run_address>0xec74</run_address>
         <size>0x76c</size>
         <input_file_ref idref="fl-35"/>
      </object_component>
      <object_component id="oc-b2">
         <name>.debug_info</name>
         <load_address>0xf3e0</load_address>
         <run_address>0xf3e0</run_address>
         <size>0x6ef</size>
         <input_file_ref idref="fl-36"/>
      </object_component>
      <object_component id="oc-b8">
         <name>.debug_info</name>
         <load_address>0xfacf</load_address>
         <run_address>0xfacf</run_address>
         <size>0x4de</size>
         <input_file_ref idref="fl-37"/>
      </object_component>
      <object_component id="oc-bc">
         <name>.debug_info</name>
         <load_address>0xffad</load_address>
         <run_address>0xffad</run_address>
         <size>0x521</size>
         <input_file_ref idref="fl-38"/>
      </object_component>
      <object_component id="oc-c1">
         <name>.debug_info</name>
         <load_address>0x104ce</load_address>
         <run_address>0x104ce</run_address>
         <size>0xbc</size>
         <input_file_ref idref="fl-39"/>
      </object_component>
      <object_component id="oc-c6">
         <name>.debug_info</name>
         <load_address>0x1058a</load_address>
         <run_address>0x1058a</run_address>
         <size>0x5bc</size>
         <input_file_ref idref="fl-3a"/>
      </object_component>
      <object_component id="oc-cb">
         <name>.debug_info</name>
         <load_address>0x10b46</load_address>
         <run_address>0x10b46</run_address>
         <size>0x27bd</size>
         <input_file_ref idref="fl-3b"/>
      </object_component>
      <object_component id="oc-d1">
         <name>.debug_info</name>
         <load_address>0x13303</load_address>
         <run_address>0x13303</run_address>
         <size>0x586</size>
         <input_file_ref idref="fl-3c"/>
      </object_component>
      <object_component id="oc-d5">
         <name>.debug_info</name>
         <load_address>0x13889</load_address>
         <run_address>0x13889</run_address>
         <size>0x5a4</size>
         <input_file_ref idref="fl-3d"/>
      </object_component>
      <object_component id="oc-d9">
         <name>.debug_info</name>
         <load_address>0x13e2d</load_address>
         <run_address>0x13e2d</run_address>
         <size>0xcd</size>
         <input_file_ref idref="fl-3e"/>
      </object_component>
      <object_component id="oc-dc">
         <name>.debug_info</name>
         <load_address>0x13efa</load_address>
         <run_address>0x13efa</run_address>
         <size>0x498</size>
         <input_file_ref idref="fl-3f"/>
      </object_component>
      <object_component id="oc-df">
         <name>.debug_info</name>
         <load_address>0x14392</load_address>
         <run_address>0x14392</run_address>
         <size>0x57e</size>
         <input_file_ref idref="fl-40"/>
      </object_component>
      <object_component id="oc-e3">
         <name>.debug_info</name>
         <load_address>0x14910</load_address>
         <run_address>0x14910</run_address>
         <size>0x534</size>
         <input_file_ref idref="fl-41"/>
      </object_component>
      <object_component id="oc-e7">
         <name>.debug_info</name>
         <load_address>0x14e44</load_address>
         <run_address>0x14e44</run_address>
         <size>0x6aa</size>
         <input_file_ref idref="fl-42"/>
      </object_component>
      <object_component id="oc-eb">
         <name>.debug_info</name>
         <load_address>0x154ee</load_address>
         <run_address>0x154ee</run_address>
         <size>0x942</size>
         <input_file_ref idref="fl-43"/>
      </object_component>
      <object_component id="oc-f0">
         <name>.debug_info</name>
         <load_address>0x15e30</load_address>
         <run_address>0x15e30</run_address>
         <size>0x4d2</size>
         <input_file_ref idref="fl-44"/>
      </object_component>
      <object_component id="oc-f4">
         <name>.debug_info</name>
         <load_address>0x16302</load_address>
         <run_address>0x16302</run_address>
         <size>0x680</size>
         <input_file_ref idref="fl-45"/>
      </object_component>
      <object_component id="oc-f8">
         <name>.debug_info</name>
         <load_address>0x16982</load_address>
         <run_address>0x16982</run_address>
         <size>0x7d4</size>
         <input_file_ref idref="fl-46"/>
      </object_component>
      <object_component id="oc-fd">
         <name>.debug_info</name>
         <load_address>0x17156</load_address>
         <run_address>0x17156</run_address>
         <size>0x144b</size>
         <input_file_ref idref="fl-47"/>
      </object_component>
      <object_component id="oc-102">
         <name>.debug_info</name>
         <load_address>0x185a1</load_address>
         <run_address>0x185a1</run_address>
         <size>0x5ad</size>
         <input_file_ref idref="fl-48"/>
      </object_component>
      <object_component id="oc-106">
         <name>.debug_info</name>
         <load_address>0x18b4e</load_address>
         <run_address>0x18b4e</run_address>
         <size>0x574</size>
         <input_file_ref idref="fl-49"/>
      </object_component>
      <object_component id="oc-10a">
         <name>.debug_info</name>
         <load_address>0x190c2</load_address>
         <run_address>0x190c2</run_address>
         <size>0xd1</size>
         <input_file_ref idref="fl-4a"/>
      </object_component>
      <object_component id="oc-10e">
         <name>.debug_info</name>
         <load_address>0x19193</load_address>
         <run_address>0x19193</run_address>
         <size>0x50c</size>
         <input_file_ref idref="fl-4b"/>
      </object_component>
      <object_component id="oc-113">
         <name>.debug_info</name>
         <load_address>0x1969f</load_address>
         <run_address>0x1969f</run_address>
         <size>0x4b7</size>
         <input_file_ref idref="fl-4c"/>
      </object_component>
      <object_component id="oc-117">
         <name>.debug_info</name>
         <load_address>0x19b56</load_address>
[...]
         <name>_printf</name>
         <value>0x6bb8</value>
         <object_component_ref idref="oc-ac"/>
      </symbol>
      <symbol id="sm-2c0">
         <name>_sin</name>
         <value>0x3f21</value>
         <object_component_ref idref="oc-b0"/>
      </symbol>
      <symbol id="sm-2ca">
         <name>__subd</name>
         <value>0x7090</value>
         <object_component_ref idref="oc-b7"/>
      </symbol>
      <symbol id="sm-2d6">
         <name>__trunc</name>
         <value>0x6d82</value>
         <object_component_ref idref="oc-bb"/>
      </symbol>
      <symbol id="sm-2e0">
         <name>_Reset</name>
         <value>0xc0</value>
         <object_component_ref idref="oc-14"/>
      </symbol>
      <symbol id="sm-2ee">
         <name>__unlock</name>
         <value>0x7908</value>
         <object_component_ref idref="oc-c5"/>
      </symbol>
      <symbol id="sm-2ef">
         <name>__lock</name>
         <value>0x7904</value>
         <object_component_ref idref="oc-c5"/>
      </symbol>
      <symbol id="sm-2f0">
         <name>__register_lock</name>
         <value>0x70d2</value>
         <object_component_ref idref="oc-c4"/>
      </symbol>
      <symbol id="sm-2f1">
         <name>__nop</name>
         <value>0x70da</value>
         <object_component_ref idref="oc-c4"/>
      </symbol>
      <symbol id="sm-2f2">
         <name>__register_unlock</name>
         <value>0x70ca</value>
         <object_component_ref idref="oc-c4"/>
      </symbol>
      <symbol id="sm-304">
         <name>__printfi</name>
         <value>0x1662</value>
         <object_component_ref idref="oc-ca"/>
      </symbol>
      <symbol id="sm-30e">
         <name>__args_main</name>
         <value>0x6ca4</value>
         <object_component_ref idref="oc-d0"/>
      </symbol>
      <symbol id="sm-30f">
         <name>__TI_args_main</name>
         <value>0x1</value>
      </symbol>
      <symbol id="sm-319">
         <name>_atoi</name>
         <value>0x6b06</value>
         <object_component_ref idref="oc-d4"/>
      </symbol>
      <symbol id="sm-321">
         <name>_auto_init</name>
         <value>0x6c57</value>
         <object_component_ref idref="oc-d8"/>
      </symbol>
      <symbol id="sm-329">
         <name>__ctypes_</name>
         <value>0xe000</value>
         <object_component_ref idref="oc-18d"/>
      </symbol>
      <symbol id="sm-333">
         <name>__tmpnams</name>
         <value>0x7270</value>
         <object_component_ref idref="oc-de"/>
      </symbol>
      <symbol id="sm-334">
         <name>__ft_end</name>
         <value>0x73b0</value>
         <object_component_ref idref="oc-de"/>
      </symbol>
      <symbol id="sm-335">
         <name>__ftable</name>
         <value>0x7180</value>
         <object_component_ref idref="oc-de"/>
      </symbol>
      <symbol id="sm-340">
         <name>__divul</name>
         <value>0x6256</value>
         <object_component_ref idref="oc-e2"/>
      </symbol>
      <symbol id="sm-34a">
         <name>_putchar</name>
         <value>0x6247</value>
         <object_component_ref idref="oc-e6"/>
      </symbol>
      <symbol id="sm-34b">
         <name>_putc</name>
         <value>0x61b0</value>
         <object_component_ref idref="oc-e6"/>
      </symbol>
      <symbol id="sm-34c">
         <name>_fputc</name>
         <value>0x61b0</value>
         <object_component_ref idref="oc-e6"/>
      </symbol>
      <symbol id="sm-35a">
         <name>_puts</name>
         <value>0x4fa8</value>
         <object_component_ref idref="oc-ea"/>
      </symbol>
      <symbol id="sm-35b">
         <name>_fputs</name>
         <value>0x4e73</value>
         <object_component_ref idref="oc-ea"/>
      </symbol>
      <symbol id="sm-365">
         <name>__frcmpyd</name>
         <value>0x6576</value>
         <object_component_ref idref="oc-ef"/>
      </symbol>
      <symbol id="sm-36f">
         <name>___isinf</name>
         <value>0x705f</value>
         <object_component_ref idref="oc-f3"/>
      </symbol>
      <symbol id="sm-379">
         <name>__divull</name>
         <value>0x376e</value>
         <object_component_ref idref="oc-f7"/>
      </symbol>
      <symbol id="sm-37a">
         <name>__mpylli</name>
         <value>0x36b6</value>
         <object_component_ref idref="oc-f7"/>
      </symbol>
      <symbol id="sm-37b">
         <name>__remlli</name>
         <value>0x3687</value>
         <object_component_ref idref="oc-f7"/>
      </symbol>
      <symbol id="sm-37c">
         <name>__divlli</name>
         <value>0x3862</value>
         <object_component_ref idref="oc-f7"/>
      </symbol>
      <symbol id="sm-37d">
         <name>__remull</name>
         <value>0x3639</value>
         <object_component_ref idref="oc-f7"/>
      </symbol>
      <symbol id="sm-38f">
         <name>_add_device</name>
         <value>0x22be</value>
         <object_component_ref idref="oc-fb"/>
      </symbol>
      <symbol id="sm-390">
         <name>_rename</name>
         <value>0x1fe0</value>
         <object_component_ref idref="oc-fb"/>
      </symbol>
      <symbol id="sm-391">
         <name>_read</name>
         <value>0x206f</value>
         <object_component_ref idref="oc-fb"/>
      </symbol>
      <symbol id="sm-392">
         <name>_unlink</name>
         <value>0x1fad</value>
         <object_component_ref idref="oc-fb"/>
      </symbol>
      <symbol id="sm-393">
         <name>_remove_device</name>
         <value>0x2039</value>
         <object_component_ref idref="oc-fb"/>
      </symbol>
      <symbol id="sm-394">
         <name>_open</name>
         <value>0x211d</value>
         <object_component_ref idref="oc-fb"/>
      </symbol>
      <symbol id="sm-395">
         <name>_find_registered_device</name>
         <value>0x2242</value>
         <object_component_ref idref="oc-fb"/>
      </symbol>
      <symbol id="sm-396">
         <name>_lseek</name>
         <value>0x21dc</value>
         <object_component_ref idref="oc-fb"/>
      </symbol>
      <symbol id="sm-397">
         <name>_close</name>
         <value>0x224b</value>
         <object_component_ref idref="oc-fb"/>
      </symbol>
      <symbol id="sm-398">
         <name>_write</name>
         <value>0x1e6b</value>
         <object_component_ref idref="oc-fb"/>
      </symbol>
      <symbol id="sm-3a2">
         <name>_ltoa</name>
         <value>0x6402</value>
         <object_component_ref idref="oc-101"/>
      </symbol>
      <symbol id="sm-3ad">
         <name>_memccpy</name>
         <value>0x6f6e</value>
         <object_component_ref idref="oc-105"/>
      </symbol>
      <symbol id="sm-3b5">
         <name>_memcpy</name>
         <value>0x6dc3</value>
         <object_component_ref idref="oc-109"/>
      </symbol>
      <symbol id="sm-3c1">
         <name>_modf</name>
         <value>0x5e25</value>
         <object_component_ref idref="oc-10d"/>
      </symbol>
      <symbol id="sm-3cb">
         <name>__negd</name>
         <value>0x70dc</value>
         <object_component_ref idref="oc-112"/>
      </symbol>
      <symbol id="sm-3d5">
         <name>__remli</name>
         <value>0x6cef</value>
         <object_component_ref idref="oc-116"/>
      </symbol>
      <symbol id="sm-3e0">
         <name>__remul</name>
         <value>0x66d2</value>
         <object_component_ref idref="oc-11a"/>
      </symbol>
      <symbol id="sm-3ec">
         <name>__nround</name>
         <value>0x6aa7</value>
         <object_component_ref idref="oc-11e"/>
      </symbol>
      <symbol id="sm-3f8">
         <name>_HOSTopen</name>
         <value>0x26b9</value>
         <object_component_ref idref="oc-123"/>
      </symbol>
      <symbol id="sm-3f9">
         <name>_HOSTread</name>
         <value>0x262c</value>
         <object_component_ref idref="oc-123"/>
      </symbol>
      <symbol id="sm-3fa">
         <name>_HOSTtime</name>
         <value>0x2520</value>
         <object_component_ref idref="oc-123"/>
      </symbol>
      <symbol id="sm-3fb">
         <name>_getenv</name>
         <value>0x23ae</value>
         <object_component_ref idref="oc-123"/>
      </symbol>
      <symbol id="sm-3fc">
         <name>_HOSTrename</name>
         <value>0x257e</value>
         <object_component_ref idref="oc-123"/>
      </symbol>
      <symbol id="sm-3fd">
         <name>_HOSTclock</name>
         <value>0x2878</value>
         <object_component_ref idref="oc-123"/>
      </symbol>
      <symbol id="sm-3fe">
         <name>_HOSTwrite</name>
         <value>0x2429</value>
         <object_component_ref idref="oc-123"/>
      </symbol>
      <symbol id="sm-3ff">
         <name>_HOSTlseek</name>
         <value>0x2758</value>
         <object_component_ref idref="oc-123"/>
      </symbol>
      <symbol id="sm-400">
         <name>_HOSTunlink</name>
         <value>0x24b6</value>
         <object_component_ref idref="oc-123"/>
      </symbol>
      <symbol id="sm-401">
         <name>_HOSTclose</name>
         <value>0x280d</value>
         <object_component_ref idref="oc-123"/>
      </symbol>
      <symbol id="sm-413">
         <name>C$$IO$$</name>
         <value>0x5f99</value>
         <object_component_ref idref="oc-12b"/>
      </symbol>
      <symbol id="sm-414">
         <name>__CIOBUF_</name>
         <value>0xe380</value>
         <object_component_ref idref="oc-12a"/>
      </symbol>
      <symbol id="sm-415">
         <name>_readmsg</name>
         <value>0x68fe</value>
         <object_component_ref idref="oc-128"/>
      </symbol>
      <symbol id="sm-416">
         <name>_writemsg</name>
         <value>0x5ee4</value>
         <object_component_ref idref="oc-12b"/>
      </symbol>
      <symbol id="sm-41e">
         <name>__remu</name>
         <value>0x6f59</value>
         <object_component_ref idref="oc-12e"/>
      </symbol>
      <symbol id="sm-41f">
         <name>__divu</name>
         <value>0x6f44</value>
         <object_component_ref idref="oc-12e"/>
      </symbol>
      <symbol id="sm-420">
         <name>I$$UMOD</name>
         <value>0x6f59</value>
         <object_component_ref idref="oc-12e"/>
      </symbol>
      <symbol id="sm-421">
         <name>I$$UDIV</name>
         <value>0x6f44</value>
         <object_component_ref idref="oc-12e"/>
      </symbol>
      <symbol id="sm-42b">
         <name>__rd_ok</name>
         <value>0x5a9c</value>
         <object_component_ref idref="oc-132"/>
      </symbol>
      <symbol id="sm-42c">
         <name>__wrt_ok</name>
         <value>0x5a1c</value>
         <object_component_ref idref="oc-132"/>
      </symbol>
      <symbol id="sm-436">
         <name>__divli</name>
         <value>0x6d3a</value>
         <object_component_ref idref="oc-136"/>
      </symbol>
      <symbol id="sm-440">
         <name>__doflush</name>
         <value>0x5d63</value>
         <object_component_ref idref="oc-13a"/>
      </symbol>
      <symbol id="sm-441">
         <name>_fflush</name>
         <value>0x5dcc</value>
         <object_component_ref idref="oc-13a"/>
      </symbol>
      <symbol id="sm-44b">
         <name>_fseek</name>
         <value>0x696b</value>
         <object_component_ref idref="oc-13e"/>
      </symbol>
      <symbol id="sm-455">
         <name>_setvbuf</name>
         <value>0x5936</value>
         <object_component_ref idref="oc-142"/>
      </symbol>
      <symbol id="sm-464">
         <name>__cleanup</name>
         <value>0x3278</value>
         <object_component_ref idref="oc-146"/>
      </symbol>
      <symbol id="sm-465">
         <name>_fopen</name>
         <value>0x339b</value>
         <object_component_ref idref="oc-146"/>
      </symbol>
      <symbol id="sm-466">
         <name>_freopen</name>
         <value>0x32d2</value>
         <object_component_ref idref="oc-146"/>
      </symbol>
      <symbol id="sm-476">
         <name>__sys_memory</name>
         <value>0xc000</value>
         <object_component_ref idref="oc-150"/>
      </symbol>
      <symbol id="sm-477">
         <name>_chkheap</name>
         <value>0x2d5d</value>
         <object_component_ref idref="oc-14c"/>
      </symbol>
      <symbol id="sm-478">
         <name>_realloc</name>
         <value>0x2afc</value>
         <object_component_ref idref="oc-14c"/>
      </symbol>
      <symbol id="sm-479">
         <name>_free_memory</name>
         <value>0x2d07</value>
         <object_component_ref idref="oc-14c"/>
      </symbol>
      <symbol id="sm-47a">
         <name>_max_free</name>
         <value>0x2cad</value>
         <object_component_ref idref="oc-14c"/>
      </symbol>
      <symbol id="sm-47b">
         <name>_free</name>
         <value>0x28d6</value>
         <object_component_ref idref="oc-14c"/>
      </symbol>
      <symbol id="sm-47c">
         <name>_calloc</name>
         <value>0x2d65</value>
         <object_component_ref idref="oc-14c"/>
      </symbol>
      <symbol id="sm-47d">
         <name>_malloc</name>
         <value>0x2a07</value>
         <object_component_ref idref="oc-14c"/>
      </symbol>
      <symbol id="sm-47e">
         <name>_minit</name>
         <value>0x29a2</value>
         <object_component_ref idref="oc-14c"/>
      </symbol>
      <symbol id="sm-488">
         <name>_fclose</name>
         <value>0x64fb</value>
         <object_component_ref idref="oc-153"/>
      </symbol>
      <symbol id="sm-492">
         <name>_remove</name>
         <value>0x7140</value>
         <object_component_ref idref="oc-157"/>
      </symbol>
      <symbol id="sm-496">
         <name>__CSL_init</name>
         <value>0x710c</value>
         <object_component_ref idref="oc-15b"/>
      </symbol>
      <symbol id="sm-49c">
         <name>_CSL5502_LIB_</name>
         <value>0x7164</value>
         <object_component_ref idref="oc-15c"/>
      </symbol>
      <symbol id="sm-49d">
         <name>_CSL_init</name>
         <value>0x711c</value>
         <object_component_ref idref="oc-15d"/>
      </symbol>
      <symbol id="sm-4a3">
         <name>_CSL_SysData</name>
         <value>0x7f48</value>
         <object_component_ref idref="oc-15f"/>
      </symbol>
      <symbol id="sm-4a7">
         <name>_DMA_config</name>
         <value>0x5638</value>
         <object_component_ref idref="oc-160"/>
      </symbol>
      <symbol id="sm-4ac">
         <name>_DMA_open</name>
         <value>0x5bd4</value>
         <object_component_ref idref="oc-161"/>
      </symbol>
      <symbol id="sm-4b0">
         <name>_DMA_reset</name>
         <value>0x4300</value>
         <object_component_ref idref="oc-162"/>
      </symbol>
      <symbol id="sm-4b4">
         <name>_GPIO_pinDirection</name>
         <value>0x7020</value>
         <object_component_ref idref="oc-163"/>
      </symbol>
      <symbol id="sm-4b8">
         <name>_GPIO_pinEnable</name>
         <value>0x70a4</value>
         <object_component_ref idref="oc-164"/>
      </symbol>
      <symbol id="sm-4bc">
         <name>_GPIO_open</name>
         <value>0x6c08</value>
         <object_component_ref idref="oc-165"/>
      </symbol>
      <symbol id="sm-4c0">
         <name>_GPIO_pinRead</name>
         <value>0x707c</value>
         <object_component_ref idref="oc-166"/>
      </symbol>
      <symbol id="sm-4c4">
         <name>_GPIO_pinWrite</name>
         <value>0x7040</value>
         <object_component_ref idref="oc-167"/>
      </symbol>
      <symbol id="sm-4c8">
         <name>_GPT_config</name>
         <value>0x6480</value>
         <object_component_ref idref="oc-168"/>
      </symbol>
      <symbol id="sm-4cd">
         <name>_GPT_open</name>
         <value>0x5ca0</value>
         <object_component_ref idref="oc-169"/>
      </symbol>
      <symbol id="sm-4d1">
         <name>_GPT_reset</name>
         <value>0x5afc</value>
         <object_component_ref idref="oc-16a"/>
      </symbol>
      <symbol id="sm-4d5">
         <name>_GPT_start12</name>
         <value>0x6ffc</value>
         <object_component_ref idref="oc-16b"/>
      </symbol>
      <symbol id="sm-4d9">
         <name>_GPT_stop12</name>
         <value>0x6f94</value>
         <object_component_ref idref="oc-16c"/>
      </symbol>
      <symbol id="sm-4dd">
         <name>_I2C_config</name>
         <value>0x6660</value>
         <object_component_ref idref="oc-16d"/>
      </symbol>
      <symbol id="sm-4e5">
         <name>_I2C_read</name>
         <value>0x4fd8</value>
         <object_component_ref idref="oc-16e"/>
      </symbol>
      <symbol id="sm-4ef">
         <name>_I2C_write</name>
         <value>0x49ec</value>
         <object_component_ref idref="oc-16f"/>
      </symbol>
      <symbol id="sm-4f3">
         <name>_IRQ_clear</name>
         <value>0x6e40</value>
         <object_component_ref idref="oc-170"/>
      </symbol>
      <symbol id="sm-4f7">
         <name>_IRQ_disable</name>
         <value>0x6744</value>
         <object_component_ref idref="oc-171"/>
      </symbol>
      <symbol id="sm-4fb">
         <name>_IRQ_enable</name>
         <value>0x69d8</value>
         <object_component_ref idref="oc-172"/>
      </symbol>
      <symbol id="sm-4ff">
         <name>_IRQ_globalDisable</name>
         <value>0x70ec</value>
         <object_component_ref idref="oc-173"/>
      </symbol>
      <symbol id="sm-503">
         <name>_IRQ_globalEnable</name>
         <value>0x70fc</value>
         <object_component_ref idref="oc-174"/>
      </symbol>
      <symbol id="sm-507">
         <name>_IRQ_globalRestore</name>
         <value>0x7128</value>
         <object_component_ref idref="oc-175"/>
      </symbol>
      <symbol id="sm-50b">
         <name>_IRQ_plug</name>
         <value>0x62f7</value>
         <object_component_ref idref="oc-176"/>
      </symbol>
      <symbol id="sm-50f">
         <name>_IRQ_setVecs</name>
         <value>0x6e78</value>
         <object_component_ref idref="oc-177"/>
      </symbol>
      <symbol id="sm-513">
         <name>_MCBSP_config</name>
         <value>0x5508</value>
         <object_component_ref idref="oc-178"/>
      </symbol>
      <symbol id="sm-517">
         <name>_MCBSP_close</name>
         <value>0x6eb0</value>
         <object_component_ref idref="oc-179"/>
      </symbol>
      <symbol id="sm-51c">
         <name>_MCBSP_open</name>
         <value>0x5848</value>
         <object_component_ref idref="oc-17a"/>
      </symbol>
      <symbol id="sm-520">
         <name>_MCBSP_read16</name>
         <value>0x7154</value>
         <object_component_ref idref="oc-17b"/>
      </symbol>
      <symbol id="sm-524">
         <name>_MCBSP_reset</name>
         <value>0x33d8</value>
         <object_component_ref idref="oc-17c"/>
      </symbol>
      <symbol id="sm-528">
         <name>_MCBSP_start</name>
         <value>0x6380</value>
         <object_component_ref idref="oc-17d"/>
      </symbol>
      <symbol id="sm-52c">
         <name>_MCBSP_write16</name>
         <value>0x715c</value>
         <object_component_ref idref="oc-17e"/>
      </symbol>
      <symbol id="sm-530">
         <name>_PLL_config</name>
         <value>0x6058</value>
         <object_component_ref idref="oc-17f"/>
      </symbol>
      <symbol id="sm-534">
         <name>_PLL_setFreq</name>
         <value>0x6108</value>
         <object_component_ref idref="oc-180"/>
      </symbol>
      <symbol id="sm-53a">
         <name>_CSL_DmaData</name>
         <value>0x7d80</value>
         <object_component_ref idref="oc-182"/>
      </symbol>
      <symbol id="sm-540">
         <name>_CSL_GpioData</name>
         <value>0x7f8c</value>
         <object_component_ref idref="oc-184"/>
      </symbol>
      <symbol id="sm-546">
         <name>_CSL_GptData</name>
         <value>0x7fcc</value>
         <object_component_ref idref="oc-186"/>
      </symbol>
      <symbol id="sm-54c">
         <name>_CSL_McbspData</name>
         <value>0x7e7c</value>
         <object_component_ref idref="oc-188"/>
      </symbol>
   </symbol_table>
</link_info>
