******************************************************************************
              TMS320C55x Linker PC v4.4.1                      
******************************************************************************
>> Linked Sun Nov 23 21:36:43 2025

OUTPUT FILE NAME:   <TempoReal_Tremolo_Flanger_Reverb.out>
ENTRY POINT SYMBOL: "_c_int00"  address: 0000743a


MEMORY CONFIGURATION

         name            origin    length      used     unused   attr    fill
                        (bytes)   (bytes)    (bytes)   (bytes)
----------------------  --------  ---------  --------  --------  ----  --------
PAGE 0:
  MMR                   00000000   000000c0  00000000  000000c0  RWIX
  BTRSVD                000000c0   00000240  000001c0  00000080  RWIX
  DARAM                 00000300   0000fb00  0000ea2a  000010d6  RWIX
  VECS                  0000fe00   00000200  00000000  00000200  RWIX
  CE0                   00010000   003f0000  00001f70  003ee090  RWIX
  CE1                   00400000   00400000  00000000  00400000  RWIX
  CE2                   00800000   00400000  00000000  00400000  RWIX
  CE3                   00c00000   003f8000  00000000  003f8000  RWIX
  PDROM                 00ff8000   00008000  00000000  00008000  R IX

PAGE 2:
  IOPORT                00000000   00020000  00000000  00020000  RWI 


SECTION ALLOCATION MAP
(Addresses surrounded by []'s are displayed for convenience only!)

output                                                          attributes/
section   page  orgn(bytes) orgn(words) len(bytes) len(words)   input sections
--------  ----  ----------- ----------- ---------- ----------   --------------
vectors      0     000000c0  [ 00000060 ] 000001c0          *   
                   000000c0  [ 00000060 ] 00000100          *   rts55x.lib : vectors.obj (vectors)
                   000001c0  [ 000000e0 ] 000000c0          *   vector.obj (vectors)

.text        0     00000300  [ 00000180 ] 000073bc          *   
                   00000300  [ 00000180 ] 000015a4          *   rts55x.lib : _printfi.obj (.text)
                   000018a4  [ 00000c52 ] 000005c7          *   oled.obj (.text)
                   00001e6b  [ 00000f35+] 00000543          *   rts55x.lib : lowlev.obj (.text)
                   000023ae  [ 000011d7 ] 00000528          *              : trgdrv.obj (.text)
                   000028d6  [ 0000146b ] 00000516          *   reverb.obj (.text)
                   00002dec  [ 000016f6 ] 000004b5          *   rts55x.lib : memory.obj (.text)
                   000032a1  [ 00001950+] 000003cc          *              : divd.obj (.text)
                   0000366d  [ 00001b36+] 0000027f          *              : fopen.obj (.text)
                   000038ec  [ 00001c76 ] 00000261          *   csl5502x.lib : mcbsp_rst.obj (.text:MCBSP_reset)
                   00003b4d  [ 00001da6+] 0000025e          *   rts55x.lib : llmpy.obj (.text)
                   00003dab  [ 00001ed5+] 0000025a          *              : addd.obj (.text)
                   00004005  [ 00002002+] 0000024e          *   effects.obj (.text)
                   00004253  [ 00002129+] 0000020c          *   ezdsp5502_gpio.obj (.text)
                   0000445f  [ 0000222f+] 000001f2          *   rts55x.lib : sin.obj (.text)
                   00004651  [ 00002328+] 000001ea          *              : cmpd.obj (.text)
                   0000483b  [ 0000241d+] 000001ce          *   dma.obj (.text:retain)
                   00004a09  [ 00002504+] 00000002          *   rts55x.lib : vectors.obj (.text)
                   00004a0b  [ 00002505 ] 00000001          *   --HOLE-- [fill = 20]
                   00004a0c  [ 00002506 ] 000001ca          *   csl5502x.lib : dma_reset.obj (.text:DMA_reset)
                   00004bd6  [ 000025eb ] 000001b8          *   aic3204.obj (.text)
                   00004d8e  [ 000026c7 ] 00000198          *   dma.obj (.text)
                   00004f26  [ 00002793 ] 00000002          *   vector.obj (.text)
                   00004f28  [ 00002794 ] 0000018e          *   csl5502x.lib : i2c_write.obj (.text:I2C_write)
                   000050b6  [ 0000285b ] 0000018b          *   lcd.obj (.text)
                   00005241  [ 00002920+] 00000164          *   main.obj (.text)
                   000053a5  [ 000029d2+] 00000163          *   rts55x.lib : fputs.obj (.text)
                   00005508  [ 00002a84 ] 0000015d          *   csl5502x.lib : i2c_read.obj (.text:I2C_read)
                   00005665  [ 00002b32+] 0000015a          *   timer.obj (.text)
                   000057bf  [ 00002bdf+] 0000014e          *   ezdsp5502_i2cgpio.obj (.text)
                   0000590d  [ 00002c86+] 0000014c          *   rts55x.lib : mpyd.obj (.text)
                   00005a59  [ 00002d2c ] 00000003          *   --HOLE-- [fill = 20]
                   00005a5c  [ 00002d2e ] 00000130          *   csl5502x.lib : mcbsp_cfg.obj (.text:MCBSP_config)
                   00005b8c  [ 00002dc6 ] 0000010e          *                : dma_cfg.obj (.text:DMA_config)
                   00005c9a  [ 00002e4d ] 000000ff          *   tremolo.obj (.text)
                   00005d99  [ 00002ecc ] 00000003          *   --HOLE-- [fill = 20]
                   00005d9c  [ 00002ece ] 000000ee          *   csl5502x.lib : mcbsp_open.obj (.text:MCBSP_open)
                   00005e8a  [ 00002f45 ] 000000e6          *   rts55x.lib : setvbuf.obj (.text)
                   00005f70  [ 00002fb8 ] 000000dd          *              : _io_perm.obj (.text)
                   0000604d  [ 00003026 ] 00000003          *   --HOLE-- [fill = 20]
                   00006050  [ 00003028 ] 000000d5          *   csl5502x.lib : gpt_rstt.obj (.text:GPT_reset)
                   00006125  [ 00003092 ] 00000003          *   --HOLE-- [fill = 20]
                   00006128  [ 00003094 ] 000000cb          *                : dma_open.obj (.text:DMA_open)
                   000061f3  [ 000030f9 ] 00000001          *   --HOLE-- [fill = 20]
                   000061f4  [ 000030fa ] 000000c3          *                : gpt_open.obj (.text:GPT_open)
                   000062b7  [ 0000315b+] 000000c2          *   rts55x.lib : fflush.obj (.text)
                   00006379  [ 000031bc+] 000000bf          *              : modf.obj (.text)
                   00006438  [ 0000321c ] 000000ba          *              : trgmsg.obj (.text:CIO_breakpoint)
                   000064f2  [ 00003279 ] 000000ba          *   ezdsp5502_mcbsp.obj (.text)
                   000065ac  [ 000032d6 ] 000000ae          *   csl5502x.lib : pll_cfg.obj (.text:PLL_config)
                   0000665a  [ 0000332d ] 00000002          *   --HOLE-- [fill = 20]
                   0000665c  [ 0000332e ] 000000a8          *                : pll_setfrq.obj (.text)
                   00006704  [ 00003382 ] 000000a6          *   rts55x.lib : fputc.obj (.text)
                   000067aa  [ 000033d5 ] 000000a1          *              : divul.obj (.text)
                   0000684b  [ 00003425+] 00000089          *   csl5502x.lib : irq_pluga.obj (.text)
                   000068d4  [ 0000346a ] 00000082          *                : mcbsp_start.obj (.text:MCBSP_start)
                   00006956  [ 000034ab ] 0000007d          *   rts55x.lib : ltoa.obj (.text)
                   000069d3  [ 000034e9 ] 00000001          *   --HOLE-- [fill = 20]
                   000069d4  [ 000034ea ] 0000007b          *   csl5502x.lib : gpt_cfg.obj (.text:GPT_config)
                   00006a4f  [ 00003527+] 0000007b          *   rts55x.lib : fclose.obj (.text)
                   00006aca  [ 00003565 ] 00000076          *              : frcmpyd.obj (.text)
                   00006b40  [ 000035a0 ] 00000073          *              : frcmpyd_div.obj (.text)
                   00006bb3  [ 000035d9 ] 00000001          *   --HOLE-- [fill = 20]
                   00006bb4  [ 000035da ] 00000072          *   csl5502x.lib : i2c_cfg.obj (.text:I2C_config)
                   00006c26  [ 00003613 ] 00000072          *   rts55x.lib : remul.obj (.text)
                   00006c98  [ 0000364c ] 0000006f          *   csl5502x.lib : irq_disa.obj (.text:IRQ_disable)
                   00006d07  [ 00003683+] 0000006f          *   ezdsp5502.obj (.text)
                   00006d76  [ 000036bb ] 0000006f          *   rts55x.lib : fixdli.obj (.text)
                   00006de5  [ 000036f2+] 0000006d          *   ezdsp5502_i2c.obj (.text)
                   00006e52  [ 00003729 ] 0000006d          *   rts55x.lib : trgmsg.obj (.text)
                   00006ebf  [ 0000375f+] 0000006b          *              : fseek.obj (.text)
                   00006f2a  [ 00003795 ] 00000002          *   --HOLE-- [fill = 20]
                   00006f2c  [ 00003796 ] 00000068          *   csl5502x.lib : irq_enab.obj (.text:IRQ_enable)
                   00006f94  [ 000037ca ] 00000067          *   rts55x.lib : fltlid.obj (.text)
                   00006ffb  [ 000037fd+] 0000005f          *              : round.obj (.text)
                   0000705a  [ 0000382d ] 0000005c          *              : atoi.obj (.text)
                   000070b6  [ 0000385b ] 00000056          *   i2cgpio.obj (.text)
                   0000710c  [ 00003886 ] 00000050          *   rts55x.lib : printf.obj (.text)
                   0000715c  [ 000038ae ] 0000004f          *   csl5502x.lib : gpio_open.obj (.text:GPIO_open)
                   000071ab  [ 000038d5+] 0000004d          *   rts55x.lib : autoinit.obj (.text)
                   000071f8  [ 000038fc ] 0000004b          *              : args_main.obj (.text)
                   00007243  [ 00003921+] 0000004b          *              : remli.obj (.text)
                   0000728e  [ 00003947 ] 00000048          *              : divli.obj (.text)
                   000072d6  [ 0000396b ] 00000041          *              : trunc.obj (.text)
                   00007317  [ 0000398b+] 0000003f          *              : memcpy.obj (.text)
                   00007356  [ 000039ab ] 0000003e          *              : exit.obj (.text)
                   00007394  [ 000039ca ] 00000037          *   csl5502x.lib : irq_clear.obj (.text:IRQ_clear)
                   000073cb  [ 000039e5 ] 00000001          *   --HOLE-- [fill = 20]
                   000073cc  [ 000039e6 ] 00000037          *                : irq_setvecs.obj (.text:IRQ_setVecs)
                   00007403  [ 00003a01 ] 00000001          *   --HOLE-- [fill = 20]
                   00007404  [ 00003a02 ] 00000036          *                : mcbsp_cls.obj (.text:MCBSP_close)
                   0000743a  [ 00003a1d ] 00000034          *   rts55x.lib : boot.obj (.text)
                   0000746e  [ 00003a37 ] 0000002a          *              : fixdi.obj (.text)
                   00007498  [ 00003a4c ] 0000002a          *              : udiv.obj (.text)
                   000074c2  [ 00003a61 ] 00000023          *              : memccpy.obj (.text)
                   000074e5  [ 00003a72 ] 00000003          *   --HOLE-- [fill = 20]
                   000074e8  [ 00003a74 ] 00000022          *   csl5502x.lib : gpt_stpgp12.obj (.text:GPT_stop12)
                   0000750a  [ 00003a85 ] 00000022          *   pll.obj (.text)
                   0000752c  [ 00003a96 ] 00000022          *   timer.obj (.text:retain)
                   0000754e  [ 00003aa7 ] 00000002          *   --HOLE-- [fill = 20]
                   00007550  [ 00003aa8 ] 00000021          *   csl5502x.lib : gpt_start12.obj (.text:GPT_start12)
                   00007571  [ 00003ab8 ] 00000003          *   --HOLE-- [fill = 20]
                   00007574  [ 00003aba ] 0000001f          *                : gpio_dir.obj (.text:GPIO_pinDirection)
                   00007593  [ 00003ac9 ] 00000001          *   --HOLE-- [fill = 20]
                   00007594  [ 00003aca ] 0000001f          *                : gpio_write.obj (.text:GPIO_pinWrite)
                   000075b3  [ 00003ad9+] 0000001a          *   rts55x.lib : isinf.obj (.text)
                   000075cd  [ 00003ae6 ] 00000003          *   --HOLE-- [fill = 20]
                   000075d0  [ 00003ae8 ] 00000014          *   csl5502x.lib : gpio_read.obj (.text:GPIO_pinRead)
                   000075e4  [ 00003af2 ] 00000014          *   rts55x.lib : subd.obj (.text)
                   000075f8  [ 00003afc ] 00000013          *   csl5502x.lib : gpio_enab.obj (.text:GPIO_pinEnable)
                   0000760b  [ 00003b05+] 00000013          *   rts55x.lib : lmpy.obj (.text)
                   0000761e  [ 00003b0f ] 00000012          *              : _lock.obj (.text)
                   00007630  [ 00003b18 ] 00000010          *              : negd.obj (.text)
                   00007640  [ 00003b20 ] 0000000f          *   csl5502x.lib : irq_gdisab.obj (.text:IRQ_globalDisable)
                   0000764f  [ 00003b27 ] 00000001          *   --HOLE-- [fill = 20]
                   00007650  [ 00003b28 ] 0000000f          *                : irq_genab.obj (.text:IRQ_globalEnable)
                   0000765f  [ 00003b2f ] 00000001          *   --HOLE-- [fill = 20]
                   00007660  [ 00003b30 ] 0000000d          *                : _csl_init.obj (.text:_CSL_init)
                   0000766d  [ 00003b36 ] 00000003          *   --HOLE-- [fill = 20]
                   00007670  [ 00003b38 ] 0000000c          *                : csl.obj (.text:CSL_init)
                   0000767c  [ 00003b3e ] 0000000c          *                : irq_grest.obj (.text:IRQ_globalRestore)
                   00007688  [ 00003b44 ] 0000000c          *   rts55x.lib : fltid.obj (.text)
                   00007694  [ 00003b4a ] 0000000a          *              : remove.obj (.text)
                   0000769e  [ 00003b4f ] 00000007          *              : exit.obj (.text:CIO_breakpoint)
                   000076a5  [ 00003b52 ] 00000003          *   --HOLE-- [fill = 20]
                   000076a8  [ 00003b54 ] 00000007          *   csl5502x.lib : mcbsp_r16.obj (.text:MCBSP_read16)
                   000076af  [ 00003b57 ] 00000001          *   --HOLE-- [fill = 20]
                   000076b0  [ 00003b58 ] 00000007          *                : mcbsp_w16.obj (.text:MCBSP_write16)
                   000076b7  [ 00003b5b ] 00000001          *   --HOLE-- [fill = 20]
                   000076b8  [ 00003b5c ] 00000002          *                : csl.obj (.text)
                   000076ba  [ 00003b5d ] 00000002          *   --HOLE-- [fill = 20]

.data        0   [ 00000300 ]  00000180          *   00000000   

.pinit       0   [ 00000300 ]  00000180          *   00000000   

.bss         0   [ 000076c0 ]  00003b60          *   000003f6   
                 [ 000076c0 ]  00003b60          *   00000119   rts55x.lib : defs.obj (.bss) [fill = 00]
                 [ 000078f2 ]  00003c79          *   00000001              : fopen.obj (.bss) [fill = 00]
                 [ 000078f4 ]  00003c7a          *   0000010a   effects.obj (.bss) [fill = 00]
                 [ 00007b08 ]  00003d84          *   000000d0   rts55x.lib : trgdrv.obj (.bss) [fill = 00]
                 [ 00007ca8 ]  00003e54          *   00000071              : lowlev.obj (.bss) [fill = 00]
                 [ 00007d8a ]  00003ec5          *   00000001   --HOLE-- [fill = 00]
                 [ 00007d8c ]  00003ec6          *   0000002a   dma.obj (.bss) [fill = 00]
                 [ 00007de0 ]  00003ef0          *   00000026   reverb.obj (.bss) [fill = 00]
                 [ 00007e2c ]  00003f16          *   00000012   timer.obj (.bss) [fill = 00]
                 [ 00007e50 ]  00003f28          *   0000000a   pll.obj (.bss) [fill = 00]
                 [ 00007e64 ]  00003f32          *   00000008   ezdsp5502_gpio.obj (.bss) [fill = 00]
                 [ 00007e74 ]  00003f3a          *   00000008   rts55x.lib : sin.obj (.bss) [fill = 00]
                 [ 00007e84 ]  00003f42          *   00000006              : memory.obj (.bss) [fill = 00]
                 [ 00007e90 ]  00003f48          *   00000004              : _lock.obj (.bss) [fill = 00]
                 [ 00007e98 ]  00003f4c          *   00000004              : exit.obj (.bss) [fill = 00]
                 [ 00007ea0 ]  00003f50          *   00000003   main.obj (.bss) [fill = 00]
                 [ 00007ea6 ]  00003f53          *   00000001   --HOLE-- [fill = 00]
                 [ 00007ea8 ]  00003f54          *   00000002   ezdsp5502_mcbsp.obj (.bss) [fill = 00]

dmaMem       0   [ 00008000 ]  00004000          *   00002000   
                 [ 00008000 ]  00004000          *   00002000   dma.obj (dmaMem) [fill = 00]

.sysmem      0   [ 0000c000 ]  00006000          *   00000800   UNINITIALIZED
                 [ 0000c000 ]  00006000          *   00000800   --HOLE--

.sysstack 
*            0   [ 0000d000 ]  00006800          *   00000800   
                 [ 0000d000 ]  00006800          *   00000800   --HOLE-- [fill = 00]

.cinit       0   [ 0000e000 ]  00007000          *   00000229   
                 [ 0000e000 ]  00007000          *   00000081   csl5502x.lib : csl_dmadat.obj (.cinit)
                 [ 0000e102 ]  00007081          *   00000069                : csl_mcbspdat.obj (.cinit)
                 [ 0000e1d4 ]  000070ea          *   00000030   dma.obj (.cinit)
                 [ 0000e234 ]  0000711a          *   0000002d   rts55x.lib : lowlev.obj (.cinit)
                 [ 0000e28e ]  00007147          *   0000002a              : defs.obj (.cinit)
                 [ 0000e2e2 ]  00007171          *   00000025   csl5502x.lib : csl_csldat.obj (.cinit)
                 [ 0000e32c ]  00007196          *   00000023                : csl_gpiodat.obj (.cinit)
                 [ 0000e372 ]  000071b9          *   00000017   timer.obj (.cinit)
                 [ 0000e3a0 ]  000071d0          *   0000000d   effects.obj (.cinit)
                 [ 0000e3ba ]  000071dd          *   0000000d   pll.obj (.cinit)
                 [ 0000e3d4 ]  000071ea          *   0000000c   main.obj (.cinit)
                 [ 0000e3ec ]  000071f6          *   0000000b   csl5502x.lib : csl_gptdat.obj (.cinit)
                 [ 0000e402 ]  00007201          *   0000000b   rts55x.lib : sin.obj (.cinit)
                 [ 0000e418 ]  0000720c          *   0000000a              : _lock.obj (.cinit)
                 [ 0000e42c ]  00007216          *   0000000a              : exit.obj (.cinit)
                 [ 0000e440 ]  00007220          *   00000004              : fopen.obj (.cinit)
                 [ 0000e448 ]  00007224          *   00000004              : memory.obj (.cinit)
                 [ 0000e450 ]  00007228          *   00000001   --HOLE-- [fill = 0]

.const       0   [ 0000e460 ]  00007230          *   000001ca   
                 [ 0000e460 ]  00007230          *   00000101   rts55x.lib : ctype.obj (.const:__ctypes_)
                 [ 0000e662 ]  00007331          *   00000001   --HOLE-- [fill = 00]
                 [ 0000e664 ]  00007332          *   00000024              : _printfi.obj (.const:.string)
                 [ 0000e6ac ]  00007356          *   0000001d   tremolo.obj (.const:.string)
                 [ 0000e6e6 ]  00007373          *   0000001b   ezdsp5502_mcbsp.obj (.const:_$P$T0$1)
                 [ 0000e71c ]  0000738e          *   00000014   rts55x.lib : sin.obj (.const)
                 [ 0000e744 ]  000073a2          *   0000000e   effects.obj (.const)
                 [ 0000e760 ]  000073b0          *   0000000e   tremolo.obj (.const)
                 [ 0000e77c ]  000073be          *   0000000c   rts55x.lib : _printfi.obj (.const)
                 [ 0000e794 ]  000073ca          *   0000000a   ezdsp5502_i2c.obj (.const:_$P$T0$1)
                 [ 0000e7a8 ]  000073d4          *   00000008   rts55x.lib : divd.obj (.const:_initial_approx$1)
                 [ 0000e7b8 ]  000073dc          *   00000008   reverb.obj (.const)
                 [ 0000e7c8 ]  000073e4          *   00000008   rts55x.lib : round.obj (.const)
                 [ 0000e7d8 ]  000073ec          *   00000006              : modf.obj (.const)
                 [ 0000e7e4 ]  000073f2          *   00000004              : trunc.obj (.const)
                 [ 0000e7ec ]  000073f6          *   00000002              : fputs.obj (.const:.string)
                 [ 0000e7f0 ]  000073f8          *   00000002              : fltlid.obj (.const)

.csldata     0   [ 0000e800 ]  00007400          *   0000012e   
                 [ 0000e800 ]  00007400          *   0000007e   csl5502x.lib : csl_dmadat.obj (.csldata:DMA_data) [fill = 00]
                 [ 0000e8fc ]  0000747e          *   00000066                : csl_mcbspdat.obj (.csldata:MCBSP_data) [fill = 00]
                 [ 0000e9c8 ]  000074e4          *   00000022                : csl_csldat.obj (.csldata:SYS_data) [fill = 00]
                 [ 0000ea0c ]  00007506          *   00000020                : csl_gpiodat.obj (.csldata:GPIO_data) [fill = 00]
                 [ 0000ea4c ]  00007526          *   00000008                : csl_gptdat.obj (.csldata:GPT_data) [fill = 00]

.cio         0   [ 0000ea60 ]  00007530          *   00000120   
                 [ 0000ea60 ]  00007530          *   00000120   rts55x.lib : trgmsg.obj (.cio) [fill = 00]

.stack       0   [ 0000eca0 ]  00007650          *   00000100   
                 [ 0000eca0 ]  00007650          *   00000100   --HOLE-- [fill = 00]

effectsMem 
*            0   [ 00010000 ]  00008000          *   00000fb8   UNINITIALIZED
                 [ 00010000 ]  00008000          *   00000bb8   reverb.obj (effectsMem)
                 [ 00011770 ]  00008bb8          *   00000400   effects.obj (effectsMem)


GLOBAL SYMBOLS: SORTED ALPHABETICALLY BY Name 

abs. value/
byte addr   word addr   name
---------   ---------   ----
00000002                $TI_capability$C5500$CallingConvention
00000002                $TI_capability$C5500$MemoryModel
00000001                $TI_capability_requires_rev2
            00003b60    .bss
            00000180    .data
00000300                .text
0000769f                C$$EXIT
000064ed                C$$IO$$
0000760b                I$$LMPY
00007498                I$$UDIV
000074ad                I$$UMOD
00004bd6                _AIC3204_rset
000076b8                _CSL5502_LIB_
            00007400    _CSL_DmaData
            00007506    _CSL_GpioData
            00007526    _CSL_GptData
            0000747e    _CSL_McbspData
            000074e4    _CSL_SysData
00007670                _CSL_init
00005b8c                _DMA_config
00006128                _DMA_open
00004a0c                _DMA_reset
000043e4                _EZDSP5502_GPIO_getInput
00004253                _EZDSP5502_GPIO_init
000042ea                _EZDSP5502_GPIO_setDirection
00004367                _EZDSP5502_GPIO_setOutput
000057bf                _EZDSP5502_I2CGPIO_configLine
00005896                _EZDSP5502_I2CGPIO_read
00005812                _EZDSP5502_I2CGPIO_readLine
000058e3                _EZDSP5502_I2CGPIO_write
00005843                _EZDSP5502_I2CGPIO_writeLine
00006de5                _EZDSP5502_I2C_init
00006e2e                _EZDSP5502_I2C_read
00006e02                _EZDSP5502_I2C_reset
00006e0c                _EZDSP5502_I2C_write
00006536                _EZDSP5502_MCBSP_close
000064f2                _EZDSP5502_MCBSP_init
00006578                _EZDSP5502_MCBSP_read
00006548                _EZDSP5502_MCBSP_write
00006d5d                _EZDSP5502_init
00006d17                _EZDSP5502_wait
00006d4b                _EZDSP5502_waitusec
0000715c                _GPIO_open
00007574                _GPIO_pinDirection
000075f8                _GPIO_pinEnable
000075d0                _GPIO_pinRead
00007594                _GPIO_pinWrite
000069d4                _GPT_config
000061f4                _GPT_open
00006050                _GPT_reset
00007550                _GPT_start12
000074e8                _GPT_stop12
00002878                _HOSTclock
0000280d                _HOSTclose
00002758                _HOSTlseek
000026b9                _HOSTopen
0000262c                _HOSTread
0000257e                _HOSTrename
00002520                _HOSTtime
000024b6                _HOSTunlink
00002429                _HOSTwrite
00006bb4                _I2C_config
00005508                _I2C_read
00004f28                _I2C_write
00007394                _IRQ_clear
00006c98                _IRQ_disable
00006f2c                _IRQ_enable
00007640                _IRQ_globalDisable
00007650                _IRQ_globalEnable
0000767c                _IRQ_globalRestore
0000684b                _IRQ_plug
000073cc                _IRQ_setVecs
00007404                _MCBSP_close
00005a5c                _MCBSP_config
00005d9c                _MCBSP_open
000076a8                _MCBSP_read16
000038ec                _MCBSP_reset
000068d4                _MCBSP_start
000076b0                _MCBSP_write16
000065ac                _PLL_config
0000665c                _PLL_setFreq
000000c0                _Reset
            00004000    _RxBuffer
            00005000    _TxBuffer
000001c0                _VECSTART
            00007530    __CIOBUF_
00007660                __CSL_init
            00007750    __STACK_END
00000200                __STACK_SIZE
00001000                __SYSMEM_SIZE
00001000                __SYSSTACK_SIZE
00000001                __TI_args_main
ffffffff                ___binit__
            00003b60    ___bss__
ffffffff                ___c_args__
            00007000    ___cinit__
            00000180    ___data__
            00000180    ___edata__
            00003f56    ___end__
000076bc                ___etext__
000075b3                ___isinf
ffffffff                ___pinit__
00000300                ___text__
00003dab                __addd
000071f8                __args_main
0000378e                __cleanup
            00003f4c    __cleanup_ptr
000047e3                __cmpd
            00007230    __ctypes_
000032a1                __divd
0000728e                __divli
00003d76                __divlli
00007498                __divu
000067aa                __divul
00003c82                __divull
000062b7                __doflush
            00003f4e    __dtors_ptr
000047af                __eqld
0000746e                __fixdi
00006d76                __fixdli
00007688                __fltid
00006f94                __fltlid
00006aca                __frcmpyd
00006b40                __frcmpyd_div
            00003c78    __ft_end
            00003b60    __ftable
00004765                __geqd
0000471a                __gtrd
000046cd                __leqd
            00003f48    __lock
00004685                __lssd
0000590d                __mpyd
0000760b                __mpyli
00003bca                __mpylli
00007630                __negd
00004651                __neqd
0000762e                __nop
00006ffb                __nround
00001662                __printfi
00005ff0                __rd_ok
00007626                __register_lock
0000761e                __register_unlock
00007243                __remli
00003b9b                __remlli
000074ad                __remu
00006c26                __remul
00003b4d                __remull
            00007650    __stack
000075e4                __subd
            00006000    __sys_memory
            00006800    __sysstack
            00003bd8    __tmpnams
000072d6                __trunc
            00003f4a    __unlock
00005f70                __wrt_ok
0000769e                _abort
000022be                _add_device
            00003f54    _aicMcbsp
0000705a                _atoi
000071ab                _auto_init
0000743a                _c_int00
0000327b                _calloc
000056c6                _changeTimer
00005342                _checkSwitch
000052f9                _checkTimer
00003273                _chkheap
0000224b                _close
00004e09                _configAudioDma
000052a9                _configPort
            00003ecb    _currentEffect
            00003eca    _dmaPingPongFlag
0000483b                _dmaRxIsr
000049ed                _dmaTxIsr
00007356                _exit
00006a4f                _fclose
00006320                _fflush
00002242                _find_registered_device
000038b1                _fopen
00006704                _fputc
000053a5                _fputs
00002dec                _free
0000321d                _free_memory
000037e8                _freopen
00006ebf                _fseek
            00008bb8    _g_flangerBuffer
            00003c7a    _g_flangerWriteIndex
            00003d7b    _g_lfoIndex
            00003d7c    _g_lfoPhaseInc
            00003c7b    _g_lfoTable
            00003ef0    _g_reverb
000023ae                _getenv
0000752c                _gpt0Isr
            00003f18    _gpt12Evt_Id
            00003f32    _hGPIO_group0
            00003f34    _hGPIO_group1
            00003f36    _hGPIO_group2
            00003f38    _hGPIO_group3
00004c00                _initAIC3204
00004005                _initFlanger
000070b6                _initLed
0000750a                _initPLL
00002990                _initReverb
000040b0                _initReverbEffect
00005665                _initTimer0
00004097                _initTremoloEffect
            00003f50    _ledNum
000021dc                _lseek
00006956                _ltoa
00005251                _main
00002f1d                _malloc
000031c3                _max_free
000074c2                _memccpy
00007317                _memcpy
00002eb8                _minit
00006379                _modf
            00003f28    _myCfg
            00003f1c    _myGptCfg
            00003f1a    _myhGpt
000018a4                _oled_start
0000211d                _open
000050b6                _osd9616_init
000051b6                _osd9616_multiSend
00005196                _osd9616_send
00005204                _printLetter
0000710c                _printf
00004113                _processAudioFlanger
000040da                _processAudioLoopback
00002da2                _processAudioReverb
000041fe                _processAudioTremolo
00002c7d                _processReverbSample
00006704                _putc
0000679b                _putchar
000054da                _puts
0000206f                _read
00006e52                _readmsg
00003012                _realloc
00007694                _remove
00002039                _remove_device
00001fe0                _rename
00005cd6                _rounding16
00005e8a                _setvbuf
0000445f                _sin
00004ef0                _startAudioDma
000056b6                _startTimer0
00004f0e                _stopAudioDma
            00003f51    _sw1State
            00003f52    _sw2State
            00003f17    _timerFlag
            00003f16    _timerState
00005c9a                _tremoloInit
00005d1e                _tremoloProcess
00005d64                _tremoloSweep
00001fad                _unlink
000001c0                _vecs
00001e6b                _write
00006438                _writemsg
ffffffff                binit
            00007000    cinit
            00000180    edata
            00003f56    end
000076bc                etext
00004f26                no_isr
ffffffff                pinit


GLOBAL SYMBOLS: SORTED BY Symbol Address 

abs. value/
byte addr   word addr   name
---------   ---------   ----
00000001                $TI_capability_requires_rev2
00000001                __TI_args_main
00000002                $TI_capability$C5500$CallingConvention
00000002                $TI_capability$C5500$MemoryModel
000000c0                _Reset
000001c0                _VECSTART
000001c0                _vecs
00000200                __STACK_SIZE
            00000180    .data
00000300                .text
            00000180    ___data__
            00000180    ___edata__
00000300                ___text__
            00000180    edata
00001000                __SYSMEM_SIZE
00001000                __SYSSTACK_SIZE
00001662                __printfi
000018a4                _oled_start
00001e6b                _write
00001fad                _unlink
00001fe0                _rename
00002039                _remove_device
0000206f                _read
0000211d                _open
000021dc                _lseek
00002242                _find_registered_device
0000224b                _close
000022be                _add_device
000023ae                _getenv
00002429                _HOSTwrite
000024b6                _HOSTunlink
00002520                _HOSTtime
0000257e                _HOSTrename
0000262c                _HOSTread
000026b9                _HOSTopen
00002758                _HOSTlseek
0000280d                _HOSTclose
00002878                _HOSTclock
00002990                _initReverb
00002c7d                _processReverbSample
00002da2                _processAudioReverb
00002dec                _free
00002eb8                _minit
00002f1d                _malloc
00003012                _realloc
000031c3                _max_free
0000321d                _free_memory
00003273                _chkheap
0000327b                _calloc
000032a1                __divd
0000378e                __cleanup
000037e8                _freopen
000038b1                _fopen
000038ec                _MCBSP_reset
00003b4d                __remull
00003b9b                __remlli
00003bca                __mpylli
00003c82                __divull
00003d76                __divlli
00003dab                __addd
00004005                _initFlanger
00004097                _initTremoloEffect
000040b0                _initReverbEffect
000040da                _processAudioLoopback
00004113                _processAudioFlanger
000041fe                _processAudioTremolo
00004253                _EZDSP5502_GPIO_init
000042ea                _EZDSP5502_GPIO_setDirection
00004367                _EZDSP5502_GPIO_setOutput
000043e4                _EZDSP5502_GPIO_getInput
0000445f                _sin
00004651                __neqd
00004685                __lssd
000046cd                __leqd
0000471a                __gtrd
00004765                __geqd
000047af                __eqld
000047e3                __cmpd
0000483b                _dmaRxIsr
000049ed                _dmaTxIsr
00004a0c                _DMA_reset
00004bd6                _AIC3204_rset
00004c00                _initAIC3204
00004e09                _configAudioDma
00004ef0                _startAudioDma
00004f0e                _stopAudioDma
00004f26                no_isr
00004f28                _I2C_write
000050b6                _osd9616_init
00005196                _osd9616_send
000051b6                _osd9616_multiSend
00005204                _printLetter
00005251                _main
000052a9                _configPort
000052f9                _checkTimer
00005342                _checkSwitch
000053a5                _fputs
000054da                _puts
00005508                _I2C_read
00005665                _initTimer0
000056b6                _startTimer0
000056c6                _changeTimer
000057bf                _EZDSP5502_I2CGPIO_configLine
00005812                _EZDSP5502_I2CGPIO_readLine
00005843                _EZDSP5502_I2CGPIO_writeLine
00005896                _EZDSP5502_I2CGPIO_read
000058e3                _EZDSP5502_I2CGPIO_write
0000590d                __mpyd
00005a5c                _MCBSP_config
00005b8c                _DMA_config
00005c9a                _tremoloInit
00005cd6                _rounding16
00005d1e                _tremoloProcess
00005d64                _tremoloSweep
00005d9c                _MCBSP_open
00005e8a                _setvbuf
00005f70                __wrt_ok
00005ff0                __rd_ok
00006050                _GPT_reset
00006128                _DMA_open
000061f4                _GPT_open
000062b7                __doflush
00006320                _fflush
00006379                _modf
00006438                _writemsg
000064ed                C$$IO$$
000064f2                _EZDSP5502_MCBSP_init
00006536                _EZDSP5502_MCBSP_close
00006548                _EZDSP5502_MCBSP_write
00006578                _EZDSP5502_MCBSP_read
000065ac                _PLL_config
0000665c                _PLL_setFreq
00006704                _fputc
00006704                _putc
0000679b                _putchar
000067aa                __divul
0000684b                _IRQ_plug
000068d4                _MCBSP_start
00006956                _ltoa
000069d4                _GPT_config
00006a4f                _fclose
00006aca                __frcmpyd
00006b40                __frcmpyd_div
00006bb4                _I2C_config
00006c26                __remul
00006c98                _IRQ_disable
00006d17                _EZDSP5502_wait
00006d4b                _EZDSP5502_waitusec
00006d5d                _EZDSP5502_init
00006d76                __fixdli
00006de5                _EZDSP5502_I2C_init
00006e02                _EZDSP5502_I2C_reset
00006e0c                _EZDSP5502_I2C_write
00006e2e                _EZDSP5502_I2C_read
00006e52                _readmsg
00006ebf                _fseek
00006f2c                _IRQ_enable
00006f94                __fltlid
00006ffb                __nround
0000705a                _atoi
000070b6                _initLed
0000710c                _printf
0000715c                _GPIO_open
000071ab                _auto_init
000071f8                __args_main
00007243                __remli
0000728e                __divli
000072d6                __trunc
00007317                _memcpy
00007356                _exit
00007394                _IRQ_clear
000073cc                _IRQ_setVecs
00007404                _MCBSP_close
0000743a                _c_int00
0000746e                __fixdi
00007498                I$$UDIV
00007498                __divu
000074ad                I$$UMOD
000074ad                __remu
000074c2                _memccpy
000074e8                _GPT_stop12
0000750a                _initPLL
0000752c                _gpt0Isr
00007550                _GPT_start12
00007574                _GPIO_pinDirection
00007594                _GPIO_pinWrite
000075b3                ___isinf
000075d0                _GPIO_pinRead
000075e4                __subd
000075f8                _GPIO_pinEnable
0000760b                I$$LMPY
0000760b                __mpyli
0000761e                __register_unlock
00007626                __register_lock
0000762e                __nop
00007630                __negd
00007640                _IRQ_globalDisable
00007650                _IRQ_globalEnable
00007660                __CSL_init
00007670                _CSL_init
0000767c                _IRQ_globalRestore
00007688                __fltid
00007694                _remove
0000769e                _abort
0000769f                C$$EXIT
000076a8                _MCBSP_read16
000076b0                _MCBSP_write16
000076b8                _CSL5502_LIB_
000076bc                ___etext__
000076bc                etext
            00003b60    .bss
            00003b60    ___bss__
            00003b60    __ftable
            00003bd8    __tmpnams
            00003c78    __ft_end
            00003c7a    _g_flangerWriteIndex
            00003c7b    _g_lfoTable
            00003d7b    _g_lfoIndex
            00003d7c    _g_lfoPhaseInc
            00003eca    _dmaPingPongFlag
            00003ecb    _currentEffect
            00003ef0    _g_reverb
            00003f16    _timerState
            00003f17    _timerFlag
            00003f18    _gpt12Evt_Id
            00003f1a    _myhGpt
            00003f1c    _myGptCfg
            00003f28    _myCfg
            00003f32    _hGPIO_group0
            00003f34    _hGPIO_group1
            00003f36    _hGPIO_group2
            00003f38    _hGPIO_group3
            00003f48    __lock
            00003f4a    __unlock
            00003f4c    __cleanup_ptr
            00003f4e    __dtors_ptr
            00003f50    _ledNum
            00003f51    _sw1State
            00003f52    _sw2State
            00003f54    _aicMcbsp
            00003f56    ___end__
            00003f56    end
            00004000    _RxBuffer
            00005000    _TxBuffer
            00006000    __sys_memory
            00006800    __sysstack
            00007000    ___cinit__
            00007000    cinit
            00007230    __ctypes_
            00007400    _CSL_DmaData
            0000747e    _CSL_McbspData
            000074e4    _CSL_SysData
            00007506    _CSL_GpioData
            00007526    _CSL_GptData
            00007530    __CIOBUF_
            00007650    __stack
            00007750    __STACK_END
            00008bb8    _g_flangerBuffer
ffffffff                ___binit__
ffffffff                ___c_args__
ffffffff                ___pinit__
ffffffff                binit
ffffffff                pinit

[263 symbols]
