<?xml version="1.0"?>
<link_info>
   <banner>TMS320C55x Linker PC v4.4.1</banner>
   <copyright>Copyright (c) 1996-2012 Texas Instruments Incorporated</copyright>
   <link_time>0x6923c3ee</link_time>
   <output_file>Teste_AUDIO.out</output_file>
   <entry_point>
      <name>_c_int00</name>
      <address>0x3c3a</address>
   </entry_point>
   <input_file_list>
      <input_file id="fl-2">
         <path>.\</path>
         <kind>object</kind>
         <file>ezdsp5502.obj</file>
         <name>ezdsp5502.obj</name>
      </input_file>
      <input_file id="fl-3">
         <path>.\</path>
         <kind>object</kind>
         <file>ezdsp5502_gpio.obj</file>
         <name>ezdsp5502_gpio.obj</name>
      </input_file>
      <input_file id="fl-4">
         <path>.\</path>
         <kind>object</kind>
         <file>ezdsp5502_i2c.obj</file>
         <name>ezdsp5502_i2c.obj</name>
      </input_file>
      <input_file id="fl-5">
         <path>.\</path>
         <kind>object</kind>
         <file>ezdsp5502_i2cgpio.obj</file>
         <name>ezdsp5502_i2cgpio.obj</name>
      </input_file>
      <input_file id="fl-6">
         <path>.\</path>
         <kind>object</kind>
         <file>ezdsp5502_mcbsp.obj</file>
         <name>ezdsp5502_mcbsp.obj</name>
      </input_file>
      <input_file id="fl-7">
         <path>.\src\</path>
         <kind>object</kind>
         <file>aic3204.obj</file>
         <name>aic3204.obj</name>
      </input_file>
      <input_file id="fl-8">
         <path>.\src\</path>
         <kind>object</kind>
         <file>dma.obj</file>
         <name>dma.obj</name>
      </input_file>
      <input_file id="fl-9">
         <path>.\src\</path>
         <kind>object</kind>
         <file>effects.obj</file>
         <name>effects.obj</name>
      </input_file>
      <input_file id="fl-a">
         <path>.\src\</path>
         <kind>object</kind>
         <file>i2cgpio.obj</file>
         <name>i2cgpio.obj</name>
      </input_file>
      <input_file id="fl-b">
         <path>.\src\</path>
         <kind>object</kind>
         <file>lcd.obj</file>
         <name>lcd.obj</name>
      </input_file>
      <input_file id="fl-c">
         <path>.\src\</path>
         <kind>object</kind>
         <file>main.obj</file>
         <name>main.obj</name>
      </input_file>
      <input_file id="fl-d">
         <path>.\src\</path>
         <kind>object</kind>
         <file>oled.obj</file>
         <name>oled.obj</name>
      </input_file>
      <input_file id="fl-e">
         <path>.\src\</path>
         <kind>object</kind>
         <file>pll.obj</file>
         <name>pll.obj</name>
      </input_file>
      <input_file id="fl-f">
         <path>.\src\</path>
         <kind>object</kind>
         <file>timer.obj</file>
         <name>timer.obj</name>
      </input_file>
      <input_file id="fl-10">
         <path>.\src\</path>
         <kind>object</kind>
         <file>vector.obj</file>
         <name>vector.obj</name>
      </input_file>
      <input_file id="fl-28">
         <path>C:\ti\ccs1270\ccs\tools\compiler\c5500_4.4.1\lib\</path>
         <kind>archive</kind>
         <file>rts55x.lib</file>
         <name>addd.obj</name>
      </input_file>
      <input_file id="fl-29">
         <path>C:\ti\ccs1270\ccs\tools\compiler\c5500_4.4.1\lib\</path>
         <kind>archive</kind>
         <file>rts55x.lib</file>
         <name>boot.obj</name>
      </input_file>
      <input_file id="fl-2a">
         <path>C:\ti\ccs1270\ccs\tools\compiler\c5500_4.4.1\lib\</path>
         <kind>archive</kind>
         <file>rts55x.lib</file>
         <name>cmpd.obj</name>
      </input_file>
      <input_file id="fl-2b">
         <path>C:\ti\ccs1270\ccs\tools\compiler\c5500_4.4.1\lib\</path>
         <kind>archive</kind>
         <file>rts55x.lib</file>
         <name>divd.obj</name>
      </input_file>
      <input_file id="fl-2c">
         <path>C:\ti\ccs1270\ccs\tools\compiler\c5500_4.4.1\lib\</path>
         <kind>archive</kind>
         <file>rts55x.lib</file>
         <name>exit.obj</name>
      </input_file>
      <input_file id="fl-2d">
         <path>C:\ti\ccs1270\ccs\tools\compiler\c5500_4.4.1\lib\</path>
         <kind>archive</kind>
         <file>rts55x.lib</file>
         <name>fixdi.obj</name>
      </input_file>
      <input_file id="fl-2e">
         <path>C:\ti\ccs1270\ccs\tools\compiler\c5500_4.4.1\lib\</path>
         <kind>archive</kind>
         <file>rts55x.lib</file>
         <name>fixdli.obj</name>
      </input_file>
      <input_file id="fl-2f">
         <path>C:\ti\ccs1270\ccs\tools\compiler\c5500_4.4.1\lib\</path>
         <kind>archive</kind>
         <file>rts55x.lib</file>
         <name>fltid.obj</name>
      </input_file>
      <input_file id="fl-30">
         <path>C:\ti\ccs1270\ccs\tools\compiler\c5500_4.4.1\lib\</path>
         <kind>archive</kind>
         <file>rts55x.lib</file>
         <name>fltlid.obj</name>
      </input_file>
      <input_file id="fl-31">
         <path>C:\ti\ccs1270\ccs\tools\compiler\c5500_4.4.1\lib\</path>
         <kind>archive</kind>
         <file>rts55x.lib</file>
         <name>fltuld.obj</name>
      </input_file>
      <input_file id="fl-32">
         <path>C:\ti\ccs1270\ccs\tools\compiler\c5500_4.4.1\lib\</path>
         <kind>archive</kind>
         <file>rts55x.lib</file>
         <name>frcmpyd_div.obj</name>
      </input_file>
      <input_file id="fl-33">
         <path>C:\ti\ccs1270\ccs\tools\compiler\c5500_4.4.1\lib\</path>
         <kind>archive</kind>
         <file>rts55x.lib</file>
         <name>lmpy.obj</name>
      </input_file>
      <input_file id="fl-34">
         <path>C:\ti\ccs1270\ccs\tools\compiler\c5500_4.4.1\lib\</path>
         <kind>archive</kind>
         <file>rts55x.lib</file>
         <name>mpyd.obj</name>
      </input_file>
      <input_file id="fl-35">
         <path>C:\ti\ccs1270\ccs\tools\compiler\c5500_4.4.1\lib\</path>
         <kind>archive</kind>
         <file>rts55x.lib</file>
         <name>sin.obj</name>
      </input_file>
      <input_file id="fl-36">
         <path>C:\ti\ccs1270\ccs\tools\compiler\c5500_4.4.1\lib\</path>
         <kind>archive</kind>
         <file>rts55x.lib</file>
         <name>subd.obj</name>
      </input_file>
      <input_file id="fl-37">
         <path>C:\ti\ccs1270\ccs\tools\compiler\c5500_4.4.1\lib\</path>
         <kind>archive</kind>
         <file>rts55x.lib</file>
         <name>trunc.obj</name>
      </input_file>
      <input_file id="fl-38">
         <path>C:\ti\ccs1270\ccs\tools\compiler\c5500_4.4.1\lib\</path>
         <kind>archive</kind>
         <file>rts55x.lib</file>
         <name>vectors.obj</name>
      </input_file>
      <input_file id="fl-39">
         <path>C:\ti\ccs1270\ccs\tools\compiler\c5500_4.4.1\lib\</path>
         <kind>archive</kind>
         <file>rts55x.lib</file>
         <name>_lock.obj</name>
      </input_file>
      <input_file id="fl-3a">
         <path>C:\ti\ccs1270\ccs\tools\compiler\c5500_4.4.1\lib\</path>
         <kind>archive</kind>
         <file>rts55x.lib</file>
         <name>args_main.obj</name>
      </input_file>
      <input_file id="fl-3b">
         <path>C:\ti\ccs1270\ccs\tools\compiler\c5500_4.4.1\lib\</path>
         <kind>archive</kind>
         <file>rts55x.lib</file>
         <name>autoinit.obj</name>
      </input_file>
      <input_file id="fl-3c">
         <path>C:\ti\ccs1270\ccs\tools\compiler\c5500_4.4.1\lib\</path>
         <kind>archive</kind>
         <file>rts55x.lib</file>
         <name>frcmpyd.obj</name>
      </input_file>
      <input_file id="fl-3d">
         <path>C:\ti\ccs1270\ccs\tools\compiler\c5500_4.4.1\lib\</path>
         <kind>archive</kind>
         <file>rts55x.lib</file>
         <name>modf.obj</name>
      </input_file>
      <input_file id="fl-3e">
         <path>C:\ti\ccs1270\ccs\tools\compiler\c5500_4.4.1\lib\</path>
         <kind>archive</kind>
         <file>rts55x.lib</file>
         <name>negd.obj</name>
      </input_file>
      <input_file id="fl-3f">
         <path>C:\ti\ccs1270\ccs\tools\compiler\c5500_4.4.1\lib\</path>
         <kind>archive</kind>
         <file>rts55x.lib</file>
         <name>round.obj</name>
      </input_file>
      <input_file id="fl-40">
         <path>C:\Users\FabioM\Desktop\Faculdade UFBA\Semestre 2025.2\Laboratorio 3\ezdsp5502_v1\C55xxCSL\lib\</path>
         <kind>archive</kind>
         <file>csl5502x.lib</file>
         <name>_csl_init.obj</name>
      </input_file>
      <input_file id="fl-41">
         <path>C:\Users\FabioM\Desktop\Faculdade UFBA\Semestre 2025.2\Laboratorio 3\ezdsp5502_v1\C55xxCSL\lib\</path>
         <kind>archive</kind>
         <file>csl5502x.lib</file>
         <name>csl.obj</name>
      </input_file>
      <input_file id="fl-42">
         <path>C:\Users\FabioM\Desktop\Faculdade UFBA\Semestre 2025.2\Laboratorio 3\ezdsp5502_v1\C55xxCSL\lib\</path>
         <kind>archive</kind>
         <file>csl5502x.lib</file>
         <name>csl_csldat.obj</name>
      </input_file>
      <input_file id="fl-43">
         <path>C:\Users\FabioM\Desktop\Faculdade UFBA\Semestre 2025.2\Laboratorio 3\ezdsp5502_v1\C55xxCSL\lib\</path>
         <kind>archive</kind>
         <file>csl5502x.lib</file>
         <name>dma_cfg.obj</name>
      </input_file>
      <input_file id="fl-44">
         <path>C:\Users\FabioM\Desktop\Faculdade UFBA\Semestre 2025.2\Laboratorio 3\ezdsp5502_v1\C55xxCSL\lib\</path>
         <kind>archive</kind>
         <file>csl5502x.lib</file>
         <name>dma_open.obj</name>
      </input_file>
      <input_file id="fl-45">
         <path>C:\Users\FabioM\Desktop\Faculdade UFBA\Semestre 2025.2\Laboratorio 3\ezdsp5502_v1\C55xxCSL\lib\</path>
         <kind>archive</kind>
         <file>csl5502x.lib</file>
         <name>dma_reset.obj</name>
      </input_file>
      <input_file id="fl-46">
         <path>C:\Users\FabioM\Desktop\Faculdade UFBA\Semestre 2025.2\Laboratorio 3\ezdsp5502_v1\C55xxCSL\lib\</path>
         <kind>archive</kind>
         <file>csl5502x.lib</file>
         <name>gpio_dir.obj</name>
      </input_file>
      <input_file id="fl-47">
         <path>C:\Users\FabioM\Desktop\Faculdade UFBA\Semestre 2025.2\Laboratorio 3\ezdsp5502_v1\C55xxCSL\lib\</path>
         <kind>archive</kind>
         <file>csl5502x.lib</file>
         <name>gpio_enab.obj</name>
      </input_file>
      <input_file id="fl-48">
         <path>C:\Users\FabioM\Desktop\Faculdade UFBA\Semestre 2025.2\Laboratorio 3\ezdsp5502_v1\C55xxCSL\lib\</path>
         <kind>archive</kind>
         <file>csl5502x.lib</file>
         <name>gpio_open.obj</name>
      </input_file>
      <input_file id="fl-49">
         <path>C:\Users\FabioM\Desktop\Faculdade UFBA\Semestre 2025.2\Laboratorio 3\ezdsp5502_v1\C55xxCSL\lib\</path>
         <kind>archive</kind>
         <file>csl5502x.lib</file>
         <name>gpio_read.obj</name>
      </input_file>
      <input_file id="fl-4a">
         <path>C:\Users\FabioM\Desktop\Faculdade UFBA\Semestre 2025.2\Laboratorio 3\ezdsp5502_v1\C55xxCSL\lib\</path>
         <kind>archive</kind>
         <file>csl5502x.lib</file>
         <name>gpio_write.obj</name>
      </input_file>
      <input_file id="fl-4b">
         <path>C:\Users\FabioM\Desktop\Faculdade UFBA\Semestre 2025.2\Laboratorio 3\ezdsp5502_v1\C55xxCSL\lib\</path>
         <kind>archive</kind>
         <file>csl5502x.lib</file>
         <name>gpt_cfg.obj</name>
      </input_file>
      <input_file id="fl-4c">
         <path>C:\Users\FabioM\Desktop\Faculdade UFBA\Semestre 2025.2\Laboratorio 3\ezdsp5502_v1\C55xxCSL\lib\</path>
         <kind>archive</kind>
         <file>csl5502x.lib</file>
         <name>gpt_open.obj</name>
      </input_file>
      <input_file id="fl-4d">
         <path>C:\Users\FabioM\Desktop\Faculdade UFBA\Semestre 2025.2\Laboratorio 3\ezdsp5502_v1\C55xxCSL\lib\</path>
         <kind>archive</kind>
         <file>csl5502x.lib</file>
         <name>gpt_rstt.obj</name>
      </input_file>
      <input_file id="fl-4e">
         <path>C:\Users\FabioM\Desktop\Faculdade UFBA\Semestre 2025.2\Laboratorio 3\ezdsp5502_v1\C55xxCSL\lib\</path>
         <kind>archive</kind>
         <file>csl5502x.lib</file>
         <name>gpt_start12.obj</name>
      </input_file>
      <input_file id="fl-4f">
         <path>C:\Users\FabioM\Desktop\Faculdade UFBA\Semestre 2025.2\Laboratorio 3\ezdsp5502_v1\C55xxCSL\lib\</path>
         <kind>archive</kind>
         <file>csl5502x.lib</file>
         <name>gpt_stpgp12.obj</name>
      </input_file>
      <input_file id="fl-50">
         <path>C:\Users\FabioM\Desktop\Faculdade UFBA\Semestre 2025.2\Laboratorio 3\ezdsp5502_v1\C55xxCSL\lib\</path>
         <kind>archive</kind>
         <file>csl5502x.lib</file>
         <name>i2c_cfg.obj</name>
      </input_file>
      <input_file id="fl-51">
         <path>C:\Users\FabioM\Desktop\Faculdade UFBA\Semestre 2025.2\Laboratorio 3\ezdsp5502_v1\C55xxCSL\lib\</path>
         <kind>archive</kind>
         <file>csl5502x.lib</file>
         <name>i2c_read.obj</name>
      </input_file>
      <input_file id="fl-52">
         <path>C:\Users\FabioM\Desktop\Faculdade UFBA\Semestre 2025.2\Laboratorio 3\ezdsp5502_v1\C55xxCSL\lib\</path>
         <kind>archive</kind>
         <file>csl5502x.lib</file>
         <name>i2c_write.obj</name>
      </input_file>
      <input_file id="fl-53">
         <path>C:\Users\FabioM\Desktop\Faculdade UFBA\Semestre 2025.2\Laboratorio 3\ezdsp5502_v1\C55xxCSL\lib\</path>
         <kind>archive</kind>
         <file>csl5502x.lib</file>
         <name>irq_clear.obj</name>
      </input_file>
      <input_file id="fl-54">
         <path>C:\Users\FabioM\Desktop\Faculdade UFBA\Semestre 2025.2\Laboratorio 3\ezdsp5502_v1\C55xxCSL\lib\</path>
         <kind>archive</kind>
         <file>csl5502x.lib</file>
         <name>irq_disa.obj</name>
      </input_file>
      <input_file id="fl-55">
         <path>C:\Users\FabioM\Desktop\Faculdade UFBA\Semestre 2025.2\Laboratorio 3\ezdsp5502_v1\C55xxCSL\lib\</path>
         <kind>archive</kind>
         <file>csl5502x.lib</file>
         <name>irq_enab.obj</name>
      </input_file>
      <input_file id="fl-56">
         <path>C:\Users\FabioM\Desktop\Faculdade UFBA\Semestre 2025.2\Laboratorio 3\ezdsp5502_v1\C55xxCSL\lib\</path>
         <kind>archive</kind>
         <file>csl5502x.lib</file>
         <name>irq_gdisab.obj</name>
      </input_file>
      <input_file id="fl-57">
         <path>C:\Users\FabioM\Desktop\Faculdade UFBA\Semestre 2025.2\Laboratorio 3\ezdsp5502_v1\C55xxCSL\lib\</path>
         <kind>archive</kind>
         <file>csl5502x.lib</file>
         <name>irq_genab.obj</name>
      </input_file>
      <input_file id="fl-58">
         <path>C:\Users\FabioM\Desktop\Faculdade UFBA\Semestre 2025.2\Laboratorio 3\ezdsp5502_v1\C55xxCSL\lib\</path>
         <kind>archive</kind>
         <file>csl5502x.lib</file>
         <name>irq_grest.obj</name>
      </input_file>
      <input_file id="fl-59">
         <path>C:\Users\FabioM\Desktop\Faculdade UFBA\Semestre 2025.2\Laboratorio 3\ezdsp5502_v1\C55xxCSL\lib\</path>
         <kind>archive</kind>
         <file>csl5502x.lib</file>
         <name>irq_pluga.obj</name>
      </input_file>
      <input_file id="fl-5a">
         <path>C:\Users\FabioM\Desktop\Faculdade UFBA\Semestre 2025.2\Laboratorio 3\ezdsp5502_v1\C55xxCSL\lib\</path>
         <kind>archive</kind>
         <file>csl5502x.lib</file>
         <name>irq_setvecs.obj</name>
      </input_file>
      <input_file id="fl-5b">
         <path>C:\Users\FabioM\Desktop\Faculdade UFBA\Semestre 2025.2\Laboratorio 3\ezdsp5502_v1\C55xxCSL\lib\</path>
         <kind>archive</kind>
         <file>csl5502x.lib</file>
         <name>mcbsp_cfg.obj</name>
      </input_file>
      <input_file id="fl-5c">
         <path>C:\Users\FabioM\Desktop\Faculdade UFBA\Semestre 2025.2\Laboratorio 3\ezdsp5502_v1\C55xxCSL\lib\</path>
         <kind>archive</kind>
         <file>csl5502x.lib</file>
         <name>mcbsp_cls.obj</name>
      </input_file>
      <input_file id="fl-5d">
         <path>C:\Users\FabioM\Desktop\Faculdade UFBA\Semestre 2025.2\Laboratorio 3\ezdsp5502_v1\C55xxCSL\lib\</path>
         <kind>archive</kind>
         <file>csl5502x.lib</file>
         <name>mcbsp_open.obj</name>
      </input_file>
      <input_file id="fl-5e">
         <path>C:\Users\FabioM\Desktop\Faculdade UFBA\Semestre 2025.2\Laboratorio 3\ezdsp5502_v1\C55xxCSL\lib\</path>
         <kind>archive</kind>
         <file>csl5502x.lib</file>
         <name>mcbsp_r16.obj</name>
      </input_file>
      <input_file id="fl-5f">
         <path>C:\Users\FabioM\Desktop\Faculdade UFBA\Semestre 2025.2\Laboratorio 3\ezdsp5502_v1\C55xxCSL\lib\</path>
         <kind>archive</kind>
         <file>csl5502x.lib</file>
         <name>mcbsp_rst.obj</name>
      </input_file>
      <input_file id="fl-60">
         <path>C:\Users\FabioM\Desktop\Faculdade UFBA\Semestre 2025.2\Laboratorio 3\ezdsp5502_v1\C55xxCSL\lib\</path>
         <kind>archive</kind>
         <file>csl5502x.lib</file>
         <name>mcbsp_start.obj</name>
      </input_file>
      <input_file id="fl-61">
         <path>C:\Users\FabioM\Desktop\Faculdade UFBA\Semestre 2025.2\Laboratorio 3\ezdsp5502_v1\C55xxCSL\lib\</path>
         <kind>archive</kind>
         <file>csl5502x.lib</file>
         <name>mcbsp_w16.obj</name>
      </input_file>
      <input_file id="fl-62">
         <path>C:\Users\FabioM\Desktop\Faculdade UFBA\Semestre 2025.2\Laboratorio 3\ezdsp5502_v1\C55xxCSL\lib\</path>
         <kind>archive</kind>
         <file>csl5502x.lib</file>
         <name>pll_cfg.obj</name>
      </input_file>
      <input_file id="fl-63">
         <path>C:\Users\FabioM\Desktop\Faculdade UFBA\Semestre 2025.2\Laboratorio 3\ezdsp5502_v1\C55xxCSL\lib\</path>
         <kind>archive</kind>
         <file>csl5502x.lib</file>
         <name>pll_setfrq.obj</name>
      </input_file>
      <input_file id="fl-64">
         <path>C:\Users\FabioM\Desktop\Faculdade UFBA\Semestre 2025.2\Laboratorio 3\ezdsp5502_v1\C55xxCSL\lib\</path>
         <kind>archive</kind>
         <file>csl5502x.lib</file>
         <name>csl_dmadat.obj</name>
      </input_file>
      <input_file id="fl-65">
         <path>C:\Users\FabioM\Desktop\Faculdade UFBA\Semestre 2025.2\Laboratorio 3\ezdsp5502_v1\C55xxCSL\lib\</path>
         <kind>archive</kind>
         <file>csl5502x.lib</file>
         <name>csl_gpiodat.obj</name>
      </input_file>
      <input_file id="fl-66">
         <path>C:\Users\FabioM\Desktop\Faculdade UFBA\Semestre 2025.2\Laboratorio 3\ezdsp5502_v1\C55xxCSL\lib\</path>
         <kind>archive</kind>
         <file>csl5502x.lib</file>
         <name>csl_gptdat.obj</name>
      </input_file>
      <input_file id="fl-67">
         <path>C:\Users\FabioM\Desktop\Faculdade UFBA\Semestre 2025.2\Laboratorio 3\ezdsp5502_v1\C55xxCSL\lib\</path>
         <kind>archive</kind>
         <file>csl5502x.lib</file>
         <name>csl_mcbspdat.obj</name>
      </input_file>
   </input_file_list>
   <object_component_list>
      <object_component id="oc-57">
         <name>.text</name>
         <load_address>0x300</load_address>
         <run_address>0x300</run_address>
         <size>0x5c7</size>
         <input_file_ref idref="fl-d"/>
      </object_component>
      <object_component id="oc-7c">
         <name>.text</name>
         <load_address>0x8c7</load_address>
         <run_address>0x8c7</run_address>
         <size>0x3cc</size>
         <input_file_ref idref="fl-2b"/>
      </object_component>
      <object_component id="oc-3e">
         <name>.text</name>
         <load_address>0xc93</load_address>
         <run_address>0xc93</run_address>
         <size>0x339</size>
         <input_file_ref idref="fl-9"/>
      </object_component>
      <object_component id="oc-fe">
         <name>.text:MCBSP_reset</name>
         <load_address>0xfcc</load_address>
         <run_address>0xfcc</run_address>
         <size>0x261</size>
         <input_file_ref idref="fl-5f"/>
      </object_component>
      <object_component id="oc-70">
         <name>.text</name>
         <load_address>0x122d</load_address>
         <run_address>0x122d</run_address>
         <size>0x25a</size>
         <input_file_ref idref="fl-28"/>
      </object_component>
      <object_component id="oc-1a">
         <name>.text</name>
         <load_address>0x1487</load_address>
         <run_address>0x1487</run_address>
         <size>0x20c</size>
         <input_file_ref idref="fl-3"/>
      </object_component>
      <object_component id="oc-a9">
         <name>.text</name>
         <load_address>0x1693</load_address>
         <run_address>0x1693</run_address>
         <size>0x1f2</size>
         <input_file_ref idref="fl-35"/>
      </object_component>
      <object_component id="oc-78">
         <name>.text</name>
         <load_address>0x1885</load_address>
         <run_address>0x1885</run_address>
         <size>0x1ea</size>
         <input_file_ref idref="fl-2a"/>
      </object_component>
      <object_component id="oc-3a">
         <name>.text:retain</name>
         <load_address>0x1a6f</load_address>
         <run_address>0x1a6f</run_address>
         <size>0x1db</size>
         <input_file_ref idref="fl-8"/>
      </object_component>
      <object_component id="oc-b9">
         <name>.text</name>
         <load_address>0x1c4a</load_address>
         <run_address>0x1c4a</run_address>
         <size>0x2</size>
         <input_file_ref idref="fl-38"/>
      </object_component>
      <object_component id="oc-e4">
         <name>.text:DMA_reset</name>
         <load_address>0x1c4c</load_address>
         <run_address>0x1c4c</run_address>
         <size>0x1ca</size>
         <input_file_ref idref="fl-45"/>
      </object_component>
      <object_component id="oc-30">
         <name>.text</name>
         <load_address>0x1e16</load_address>
         <run_address>0x1e16</run_address>
         <size>0x1b8</size>
         <input_file_ref idref="fl-7"/>
      </object_component>
      <object_component id="oc-35">
         <name>.text</name>
         <load_address>0x1fce</load_address>
         <run_address>0x1fce</run_address>
         <size>0x1b5</size>
         <input_file_ref idref="fl-8"/>
      </object_component>
      <object_component id="oc-f1">
         <name>.text:I2C_write</name>
         <load_address>0x2184</load_address>
         <run_address>0x2184</run_address>
         <size>0x18e</size>
         <input_file_ref idref="fl-52"/>
      </object_component>
      <object_component id="oc-4b">
         <name>.text</name>
         <load_address>0x2312</load_address>
         <run_address>0x2312</run_address>
         <size>0x18b</size>
         <input_file_ref idref="fl-b"/>
      </object_component>
      <object_component id="oc-63">
         <name>.text</name>
         <load_address>0x249d</load_address>
         <run_address>0x249d</run_address>
         <size>0x16e</size>
         <input_file_ref idref="fl-f"/>
      </object_component>
      <object_component id="oc-f0">
         <name>.text:I2C_read</name>
         <load_address>0x260c</load_address>
         <run_address>0x260c</run_address>
         <size>0x15d</size>
         <input_file_ref idref="fl-51"/>
      </object_component>
      <object_component id="oc-25">
         <name>.text</name>
         <load_address>0x2769</load_address>
         <run_address>0x2769</run_address>
         <size>0x14e</size>
         <input_file_ref idref="fl-5"/>
      </object_component>
      <object_component id="oc-a5">
         <name>.text</name>
         <load_address>0x28b7</load_address>
         <run_address>0x28b7</run_address>
         <size>0x14c</size>
         <input_file_ref idref="fl-34"/>
      </object_component>
      <object_component id="oc-50">
         <name>.text</name>
         <load_address>0x2a03</load_address>
         <run_address>0x2a03</run_address>
         <size>0x13c</size>
         <input_file_ref idref="fl-c"/>
      </object_component>
      <object_component id="oc-fa">
         <name>.text:MCBSP_config</name>
         <load_address>0x2b40</load_address>
         <run_address>0x2b40</run_address>
         <size>0x130</size>
         <input_file_ref idref="fl-5b"/>
      </object_component>
      <object_component id="oc-e2">
         <name>.text:DMA_config</name>
         <load_address>0x2c70</load_address>
         <run_address>0x2c70</run_address>
         <size>0x10e</size>
         <input_file_ref idref="fl-43"/>
      </object_component>
      <object_component id="oc-6b">
         <name>.text</name>
         <load_address>0x2d7e</load_address>
         <run_address>0x2d7e</run_address>
         <size>0x2</size>
         <input_file_ref idref="fl-10"/>
      </object_component>
      <object_component id="oc-fc">
         <name>.text:MCBSP_open</name>
         <load_address>0x2d80</load_address>
         <run_address>0x2d80</run_address>
         <size>0xee</size>
         <input_file_ref idref="fl-5d"/>
      </object_component>
      <object_component id="oc-ec">
         <name>.text:GPT_reset</name>
         <load_address>0x2e70</load_address>
         <run_address>0x2e70</run_address>
         <size>0xd5</size>
         <input_file_ref idref="fl-4d"/>
      </object_component>
      <object_component id="oc-e3">
         <name>.text:DMA_open</name>
         <load_address>0x2f48</load_address>
         <run_address>0x2f48</run_address>
         <size>0xcb</size>
         <input_file_ref idref="fl-44"/>
      </object_component>
      <object_component id="oc-eb">
         <name>.text:GPT_open</name>
         <load_address>0x3014</load_address>
         <run_address>0x3014</run_address>
         <size>0xc3</size>
         <input_file_ref idref="fl-4c"/>
      </object_component>
      <object_component id="oc-cf">
         <name>.text</name>
         <load_address>0x30d7</load_address>
         <run_address>0x30d7</run_address>
         <size>0xbf</size>
         <input_file_ref idref="fl-3d"/>
      </object_component>
      <object_component id="oc-2a">
         <name>.text</name>
         <load_address>0x3196</load_address>
         <run_address>0x3196</run_address>
         <size>0xba</size>
         <input_file_ref idref="fl-6"/>
      </object_component>
      <object_component id="oc-101">
         <name>.text:PLL_config</name>
         <load_address>0x3250</load_address>
         <run_address>0x3250</run_address>
         <size>0xae</size>
         <input_file_ref idref="fl-62"/>
      </object_component>
      <object_component id="oc-102">
         <name>.text</name>
         <load_address>0x3300</load_address>
         <run_address>0x3300</run_address>
         <size>0xa8</size>
         <input_file_ref idref="fl-63"/>
      </object_component>
      <object_component id="oc-f8">
         <name>.text</name>
         <load_address>0x33a8</load_address>
         <run_address>0x33a8</run_address>
         <size>0x89</size>
         <input_file_ref idref="fl-59"/>
      </object_component>
      <object_component id="oc-ff">
         <name>.text:MCBSP_start</name>
         <load_address>0x3434</load_address>
         <run_address>0x3434</run_address>
         <size>0x82</size>
         <input_file_ref idref="fl-60"/>
      </object_component>
      <object_component id="oc-ea">
         <name>.text:GPT_config</name>
         <load_address>0x34b8</load_address>
         <run_address>0x34b8</run_address>
         <size>0x7b</size>
         <input_file_ref idref="fl-4b"/>
      </object_component>
      <object_component id="oc-cb">
         <name>.text</name>
         <load_address>0x3533</load_address>
         <run_address>0x3533</run_address>
         <size>0x76</size>
         <input_file_ref idref="fl-3c"/>
      </object_component>
      <object_component id="oc-9d">
         <name>.text</name>
         <load_address>0x35a9</load_address>
         <run_address>0x35a9</run_address>
         <size>0x73</size>
         <input_file_ref idref="fl-32"/>
      </object_component>
      <object_component id="oc-ef">
         <name>.text:I2C_config</name>
         <load_address>0x361c</load_address>
         <run_address>0x361c</run_address>
         <size>0x72</size>
         <input_file_ref idref="fl-50"/>
      </object_component>
      <object_component id="oc-f3">
         <name>.text:IRQ_disable</name>
         <load_address>0x3690</load_address>
         <run_address>0x3690</run_address>
         <size>0x6f</size>
         <input_file_ref idref="fl-54"/>
      </object_component>
      <object_component id="oc-15">
         <name>.text</name>
         <load_address>0x36ff</load_address>
         <run_address>0x36ff</run_address>
         <size>0x6f</size>
         <input_file_ref idref="fl-2"/>
      </object_component>
      <object_component id="oc-8b">
         <name>.text</name>
         <load_address>0x376e</load_address>
         <run_address>0x376e</run_address>
         <size>0x6f</size>
         <input_file_ref idref="fl-2e"/>
      </object_component>
      <object_component id="oc-20">
         <name>.text</name>
         <load_address>0x37dd</load_address>
         <run_address>0x37dd</run_address>
         <size>0x6d</size>
         <input_file_ref idref="fl-4"/>
      </object_component>
      <object_component id="oc-f4">
         <name>.text:IRQ_enable</name>
         <load_address>0x384c</load_address>
         <run_address>0x384c</run_address>
         <size>0x68</size>
         <input_file_ref idref="fl-55"/>
      </object_component>
      <object_component id="oc-93">
         <name>.text</name>
         <load_address>0x38b4</load_address>
         <run_address>0x38b4</run_address>
         <size>0x67</size>
         <input_file_ref idref="fl-30"/>
      </object_component>
      <object_component id="oc-d8">
         <name>.text</name>
         <load_address>0x391b</load_address>
         <run_address>0x391b</run_address>
         <size>0x5f</size>
         <input_file_ref idref="fl-3f"/>
      </object_component>
      <object_component id="oc-98">
         <name>.text</name>
         <load_address>0x397a</load_address>
         <run_address>0x397a</run_address>
         <size>0x5b</size>
         <input_file_ref idref="fl-31"/>
      </object_component>
      <object_component id="oc-46">
         <name>.text</name>
         <load_address>0x39d5</load_address>
         <run_address>0x39d5</run_address>
         <size>0x56</size>
         <input_file_ref idref="fl-a"/>
      </object_component>
      <object_component id="oc-e7">
         <name>.text:GPIO_open</name>
         <load_address>0x3a2c</load_address>
         <run_address>0x3a2c</run_address>
         <size>0x4f</size>
         <input_file_ref idref="fl-48"/>
      </object_component>
      <object_component id="oc-c7">
         <name>.text</name>
         <load_address>0x3a7b</load_address>
         <run_address>0x3a7b</run_address>
         <size>0x4d</size>
         <input_file_ref idref="fl-3b"/>
      </object_component>
      <object_component id="oc-c3">
         <name>.text</name>
         <load_address>0x3ac8</load_address>
         <run_address>0x3ac8</run_address>
         <size>0x4b</size>
         <input_file_ref idref="fl-3a"/>
      </object_component>
      <object_component id="oc-b4">
         <name>.text</name>
         <load_address>0x3b13</load_address>
         <run_address>0x3b13</run_address>
         <size>0x41</size>
         <input_file_ref idref="fl-37"/>
      </object_component>
      <object_component id="oc-80">
         <name>.text</name>
         <load_address>0x3b54</load_address>
         <run_address>0x3b54</run_address>
         <size>0x3e</size>
         <input_file_ref idref="fl-2c"/>
      </object_component>
      <object_component id="oc-f2">
         <name>.text:IRQ_clear</name>
         <load_address>0x3b94</load_address>
         <run_address>0x3b94</run_address>
         <size>0x37</size>
         <input_file_ref idref="fl-53"/>
      </object_component>
      <object_component id="oc-f9">
         <name>.text:IRQ_setVecs</name>
         <load_address>0x3bcc</load_address>
         <run_address>0x3bcc</run_address>
         <size>0x37</size>
         <input_file_ref idref="fl-5a"/>
      </object_component>
      <object_component id="oc-fb">
         <name>.text:MCBSP_close</name>
         <load_address>0x3c04</load_address>
         <run_address>0x3c04</run_address>
         <size>0x36</size>
         <input_file_ref idref="fl-5c"/>
      </object_component>
      <object_component id="oc-13">
         <name>.text</name>
         <load_address>0x3c3a</load_address>
         <run_address>0x3c3a</run_address>
         <size>0x34</size>
         <input_file_ref idref="fl-29"/>
      </object_component>
      <object_component id="oc-87">
         <name>.text</name>
         <load_address>0x3c6e</load_address>
         <run_address>0x3c6e</run_address>
         <size>0x2a</size>
         <input_file_ref idref="fl-2d"/>
      </object_component>
      <object_component id="oc-ee">
         <name>.text:GPT_stop12</name>
         <load_address>0x3c98</load_address>
         <run_address>0x3c98</run_address>
         <size>0x22</size>
         <input_file_ref idref="fl-4f"/>
      </object_component>
      <object_component id="oc-5c">
         <name>.text</name>
         <load_address>0x3cba</load_address>
         <run_address>0x3cba</run_address>
         <size>0x22</size>
         <input_file_ref idref="fl-e"/>
      </object_component>
      <object_component id="oc-67">
         <name>.text:retain</name>
         <load_address>0x3cdc</load_address>
         <run_address>0x3cdc</run_address>
         <size>0x22</size>
         <input_file_ref idref="fl-f"/>
      </object_component>
      <object_component id="oc-ed">
         <name>.text:GPT_start12</name>
         <load_address>0x3d00</load_address>
         <run_address>0x3d00</run_address>
         <size>0x21</size>
         <input_file_ref idref="fl-4e"/>
      </object_component>
      <object_component id="oc-e5">
         <name>.text:GPIO_pinDirection</name>
         <load_address>0x3d24</load_address>
         <run_address>0x3d24</run_address>
         <size>0x1f</size>
         <input_file_ref idref="fl-46"/>
      </object_component>
      <object_component id="oc-e9">
         <name>.text:GPIO_pinWrite</name>
         <load_address>0x3d44</load_address>
         <run_address>0x3d44</run_address>
         <size>0x1f</size>
         <input_file_ref idref="fl-4a"/>
      </object_component>
      <object_component id="oc-e8">
         <name>.text:GPIO_pinRead</name>
         <load_address>0x3d64</load_address>
         <run_address>0x3d64</run_address>
         <size>0x14</size>
         <input_file_ref idref="fl-49"/>
      </object_component>
      <object_component id="oc-b0">
         <name>.text</name>
         <load_address>0x3d78</load_address>
         <run_address>0x3d78</run_address>
         <size>0x14</size>
         <input_file_ref idref="fl-36"/>
      </object_component>
      <object_component id="oc-e6">
         <name>.text:GPIO_pinEnable</name>
         <load_address>0x3d8c</load_address>
         <run_address>0x3d8c</run_address>
         <size>0x13</size>
         <input_file_ref idref="fl-47"/>
      </object_component>
      <object_component id="oc-a1">
         <name>.text</name>
         <load_address>0x3d9f</load_address>
         <run_address>0x3d9f</run_address>
         <size>0x13</size>
         <input_file_ref idref="fl-33"/>
      </object_component>
      <object_component id="oc-bd">
         <name>.text</name>
         <load_address>0x3db2</load_address>
         <run_address>0x3db2</run_address>
         <size>0x12</size>
         <input_file_ref idref="fl-39"/>
      </object_component>
      <object_component id="oc-d4">
         <name>.text</name>
         <load_address>0x3dc4</load_address>
         <run_address>0x3dc4</run_address>
         <size>0x10</size>
         <input_file_ref idref="fl-3e"/>
      </object_component>
      <object_component id="oc-f5">
         <name>.text:IRQ_globalDisable</name>
         <load_address>0x3dd4</load_address>
         <run_address>0x3dd4</run_address>
         <size>0xf</size>
         <input_file_ref idref="fl-56"/>
      </object_component>
      <object_component id="oc-f6">
         <name>.text:IRQ_globalEnable</name>
         <load_address>0x3de4</load_address>
         <run_address>0x3de4</run_address>
         <size>0xf</size>
         <input_file_ref idref="fl-57"/>
      </object_component>
      <object_component id="oc-dd">
         <name>.text:_CSL_init</name>
         <load_address>0x3df4</load_address>
         <run_address>0x3df4</run_address>
         <size>0xd</size>
         <input_file_ref idref="fl-40"/>
      </object_component>
      <object_component id="oc-df">
         <name>.text:CSL_init</name>
         <load_address>0x3e04</load_address>
         <run_address>0x3e04</run_address>
         <size>0xc</size>
         <input_file_ref idref="fl-41"/>
      </object_component>
      <object_component id="oc-f7">
         <name>.text:IRQ_globalRestore</name>
         <load_address>0x3e10</load_address>
         <run_address>0x3e10</run_address>
         <size>0xc</size>
         <input_file_ref idref="fl-58"/>
      </object_component>
      <object_component id="oc-8f">
         <name>.text</name>
         <load_address>0x3e1c</load_address>
         <run_address>0x3e1c</run_address>
         <size>0xc</size>
         <input_file_ref idref="fl-2f"/>
      </object_component>
      <object_component id="oc-84">
         <name>.text:CIO_breakpoint</name>
         <load_address>0x3e28</load_address>
         <run_address>0x3e28</run_address>
         <size>0x7</size>
         <input_file_ref idref="fl-2c"/>
      </object_component>
      <object_component id="oc-fd">
         <name>.text:MCBSP_read16</name>
         <load_address>0x3e30</load_address>
         <run_address>0x3e30</run_address>
         <size>0x7</size>
         <input_file_ref idref="fl-5e"/>
      </object_component>
      <object_component id="oc-100">
         <name>.text:MCBSP_write16</name>
         <load_address>0x3e38</load_address>
         <run_address>0x3e38</run_address>
         <size>0x7</size>
         <input_file_ref idref="fl-61"/>
      </object_component>
      <object_component id="oc-de">
         <name>.text</name>
         <load_address>0x3e40</load_address>
         <run_address>0x3e40</run_address>
         <size>0x2</size>
         <input_file_ref idref="fl-41"/>
      </object_component>
      <object_component id="oc-74">
         <name>.stack</name>
         <load_address>0x61e0</load_address>
         <run_address>0x61e0</run_address>
         <size>0x0</size>
         <input_file_ref idref="fl-29"/>
      </object_component>
      <object_component id="oc-12a">
         <name>.stack</name>
         <load_address>0x61e0</load_address>
         <run_address>0x61e0</run_address>
         <size>0x0</size>
      </object_component>
      <object_component id="oc-10b">
         <name>.sysstack</name>
         <load_address>0x3e60</load_address>
         <run_address>0x3e60</run_address>
         <size>0x0</size>
         <input_file_ref idref="fl-29"/>
      </object_component>
      <object_component id="oc-12b">
         <name>.sysstack</name>
         <load_address>0x3e60</load_address>
         <run_address>0x3e60</run_address>
         <size>0x0</size>
      </object_component>
      <object_component id="oc-104">
         <name>.csldata:DMA_data</name>
         <load_address>0x5f80</load_address>
         <run_address>0x5f80</run_address>
         <size>0xfc</size>
         <input_file_ref idref="fl-64"/>
      </object_component>
      <object_component id="oc-10a">
         <name>.csldata:MCBSP_data</name>
         <load_address>0x607c</load_address>
         <run_address>0x607c</run_address>
         <size>0xcc</size>
         <input_file_ref idref="fl-67"/>
      </object_component>
      <object_component id="oc-e1">
         <name>.csldata:SYS_data</name>
         <load_address>0x6148</load_address>
         <run_address>0x6148</run_address>
         <size>0x44</size>
         <input_file_ref idref="fl-42"/>
      </object_component>
      <object_component id="oc-106">
         <name>.csldata:GPIO_data</name>
         <load_address>0x618c</load_address>
         <run_address>0x618c</run_address>
         <size>0x40</size>
         <input_file_ref idref="fl-65"/>
      </object_component>
      <object_component id="oc-108">
         <name>.csldata:GPT_data</name>
         <load_address>0x61cc</load_address>
         <run_address>0x61cc</run_address>
         <size>0x10</size>
         <input_file_ref idref="fl-66"/>
      </object_component>
      <object_component id="oc-3f">
         <name>.bss</name>
         <load_address>0x5800</load_address>
         <run_address>0x5800</run_address>
         <size>0x30e</size>
         <input_file_ref idref="fl-9"/>
      </object_component>
      <object_component id="oc-36">
         <name>.bss</name>
         <load_address>0x5b10</load_address>
         <run_address>0x5b10</run_address>
         <size>0x56</size>
         <input_file_ref idref="fl-8"/>
      </object_component>
      <object_component id="oc-64">
         <name>.bss</name>
         <load_address>0x5b68</load_address>
         <run_address>0x5b68</run_address>
         <size>0x24</size>
         <input_file_ref idref="fl-f"/>
      </object_component>
      <object_component id="oc-5d">
         <name>.bss</name>
         <load_address>0x5b8c</load_address>
         <run_address>0x5b8c</run_address>
         <size>0x14</size>
         <input_file_ref idref="fl-e"/>
      </object_component>
      <object_component id="oc-1b">
         <name>.bss</name>
         <load_address>0x5ba0</load_address>
         <run_address>0x5ba0</run_address>
         <size>0x10</size>
         <input_file_ref idref="fl-3"/>
      </object_component>
      <object_component id="oc-aa">
         <name>.bss</name>
         <load_address>0x5bb0</load_address>
         <run_address>0x5bb0</run_address>
         <size>0x10</size>
         <input_file_ref idref="fl-35"/>
      </object_component>
      <object_component id="oc-be">
         <name>.bss</name>
         <load_address>0x5bc0</load_address>
         <run_address>0x5bc0</run_address>
         <size>0x8</size>
         <input_file_ref idref="fl-39"/>
      </object_component>
      <object_component id="oc-81">
         <name>.bss</name>
         <load_address>0x5bc8</load_address>
         <run_address>0x5bc8</run_address>
         <size>0x8</size>
         <input_file_ref idref="fl-2c"/>
      </object_component>
      <object_component id="oc-51">
         <name>.bss</name>
         <load_address>0x5bd0</load_address>
         <run_address>0x5bd0</run_address>
         <size>0x6</size>
         <input_file_ref idref="fl-c"/>
      </object_component>
      <object_component id="oc-2b">
         <name>.bss</name>
         <load_address>0x5bd8</load_address>
         <run_address>0x5bd8</run_address>
         <size>0x4</size>
         <input_file_ref idref="fl-6"/>
      </object_component>
      <object_component id="oc-10d">
         <name>.const:_$P$T0$1</name>
         <load_address>0x4e60</load_address>
         <run_address>0x4e60</run_address>
         <size>0x36</size>
         <input_file_ref idref="fl-6"/>
      </object_component>
      <object_component id="oc-42">
         <name>.const</name>
         <load_address>0x4e98</load_address>
         <run_address>0x4e98</run_address>
         <size>0x28</size>
         <input_file_ref idref="fl-9"/>
      </object_component>
      <object_component id="oc-ad">
         <name>.const</name>
         <load_address>0x4ec0</load_address>
         <run_address>0x4ec0</run_address>
         <size>0x28</size>
         <input_file_ref idref="fl-35"/>
      </object_component>
      <object_component id="oc-10c">
         <name>.const:_$P$T0$1</name>
         <load_address>0x4ee8</load_address>
         <run_address>0x4ee8</run_address>
         <size>0x14</size>
         <input_file_ref idref="fl-4"/>
      </object_component>
      <object_component id="oc-10e">
         <name>.const:_initial_approx$1</name>
         <load_address>0x4efc</load_address>
         <run_address>0x4efc</run_address>
         <size>0x10</size>
         <input_file_ref idref="fl-2b"/>
      </object_component>
      <object_component id="oc-da">
         <name>.const</name>
         <load_address>0x4f0c</load_address>
         <run_address>0x4f0c</run_address>
         <size>0x10</size>
         <input_file_ref idref="fl-3f"/>
      </object_component>
      <object_component id="oc-d1">
         <name>.const</name>
         <load_address>0x4f1c</load_address>
         <run_address>0x4f1c</run_address>
         <size>0xc</size>
         <input_file_ref idref="fl-3d"/>
      </object_component>
      <object_component id="oc-b6">
         <name>.const</name>
         <load_address>0x4f28</load_address>
         <run_address>0x4f28</run_address>
         <size>0x8</size>
         <input_file_ref idref="fl-37"/>
      </object_component>
      <object_component id="oc-95">
         <name>.const</name>
         <load_address>0x4f30</load_address>
         <run_address>0x4f30</run_address>
         <size>0x4</size>
         <input_file_ref idref="fl-30"/>
      </object_component>
      <object_component id="oc-9a">
         <name>.const</name>
         <load_address>0x4f34</load_address>
         <run_address>0x4f34</run_address>
         <size>0x4</size>
         <input_file_ref idref="fl-31"/>
      </object_component>
      <object_component id="oc-103">
         <name>.cinit</name>
         <load_address>0x5bdc</load_address>
         <run_address>0x5bdc</run_address>
         <size>0x102</size>
         <input_file_ref idref="fl-64"/>
      </object_component>
      <object_component id="oc-109">
         <name>.cinit</name>
         <load_address>0x5cde</load_address>
         <run_address>0x5cde</run_address>
         <size>0xd2</size>
         <input_file_ref idref="fl-67"/>
      </object_component>
      <object_component id="oc-38">
         <name>.cinit</name>
         <load_address>0x5db0</load_address>
         <run_address>0x5db0</run_address>
         <size>0x68</size>
         <input_file_ref idref="fl-8"/>
      </object_component>
      <object_component id="oc-e0">
         <name>.cinit</name>
         <load_address>0x5e18</load_address>
         <run_address>0x5e18</run_address>
         <size>0x4a</size>
         <input_file_ref idref="fl-42"/>
      </object_component>
      <object_component id="oc-105">
         <name>.cinit</name>
         <load_address>0x5e62</load_address>
         <run_address>0x5e62</run_address>
         <size>0x46</size>
         <input_file_ref idref="fl-65"/>
      </object_component>
      <object_component id="oc-66">
         <name>.cinit</name>
         <load_address>0x5ea8</load_address>
         <run_address>0x5ea8</run_address>
         <size>0x2e</size>
         <input_file_ref idref="fl-f"/>
      </object_component>
      <object_component id="oc-5f">
         <name>.cinit</name>
         <load_address>0x5ed6</load_address>
         <run_address>0x5ed6</run_address>
         <size>0x1a</size>
         <input_file_ref idref="fl-e"/>
      </object_component>
      <object_component id="oc-41">
         <name>.cinit</name>
         <load_address>0x5ef0</load_address>
         <run_address>0x5ef0</run_address>
         <size>0x18</size>
         <input_file_ref idref="fl-9"/>
      </object_component>
      <object_component id="oc-53">
         <name>.cinit</name>
         <load_address>0x5f08</load_address>
         <run_address>0x5f08</run_address>
         <size>0x18</size>
         <input_file_ref idref="fl-c"/>
      </object_component>
      <object_component id="oc-107">
         <name>.cinit</name>
         <load_address>0x5f20</load_address>
         <run_address>0x5f20</run_address>
         <size>0x16</size>
         <input_file_ref idref="fl-66"/>
      </object_component>
      <object_component id="oc-ac">
         <name>.cinit</name>
         <load_address>0x5f36</load_address>
         <run_address>0x5f36</run_address>
         <size>0x16</size>
         <input_file_ref idref="fl-35"/>
      </object_component>
      <object_component id="oc-c0">
         <name>.cinit</name>
         <load_address>0x5f4c</load_address>
         <run_address>0x5f4c</run_address>
         <size>0x14</size>
         <input_file_ref idref="fl-39"/>
      </object_component>
      <object_component id="oc-83">
         <name>.cinit</name>
         <load_address>0x5f60</load_address>
         <run_address>0x5f60</run_address>
         <size>0x14</size>
         <input_file_ref idref="fl-2c"/>
      </object_component>
      <object_component id="oc-39">
         <name>dmaMem</name>
         <load_address>0x5000</load_address>
         <run_address>0x5000</run_address>
         <size>0x800</size>
         <input_file_ref idref="fl-8"/>
      </object_component>
      <object_component id="oc-14">
         <name>vectors</name>
         <load_address>0xc0</load_address>
         <run_address>0xc0</run_address>
         <size>0x100</size>
         <input_file_ref idref="fl-38"/>
      </object_component>
      <object_component id="oc-6c">
         <name>vectors</name>
         <load_address>0x1c0</load_address>
         <run_address>0x1c0</run_address>
         <size>0xc0</size>
         <input_file_ref idref="fl-10"/>
      </object_component>
      <object_component id="oc-16">
         <name>.debug_info</name>
         <load_address>0x0</load_address>
         <run_address>0x0</run_address>
         <size>0x8a2</size>
         <input_file_ref idref="fl-2"/>
      </object_component>
      <object_component id="oc-1c">
         <name>.debug_info</name>
         <load_address>0x8a2</load_address>
         <run_address>0x8a2</run_address>
         <size>0xb65</size>
         <input_file_ref idref="fl-3"/>
      </object_component>
      <object_component id="oc-21">
         <name>.debug_info</name>
         <load_address>0x1407</load_address>
         <run_address>0x1407</run_address>
         <size>0x9f1</size>
         <input_file_ref idref="fl-4"/>
      </object_component>
      <object_component id="oc-26">
         <name>.debug_info</name>
         <load_address>0x1df8</load_address>
         <run_address>0x1df8</run_address>
         <size>0xb5f</size>
         <input_file_ref idref="fl-5"/>
      </object_component>
      <object_component id="oc-2c">
         <name>.debug_info</name>
         <load_address>0x2957</load_address>
         <run_address>0x2957</run_address>
         <size>0x10c2</size>
         <input_file_ref idref="fl-6"/>
      </object_component>
      <object_component id="oc-31">
         <name>.debug_info</name>
         <load_address>0x3a19</load_address>
         <run_address>0x3a19</run_address>
         <size>0xa1b</size>
         <input_file_ref idref="fl-7"/>
      </object_component>
      <object_component id="oc-37">
         <name>.debug_info</name>
         <load_address>0x4434</load_address>
         <run_address>0x4434</run_address>
         <size>0x146e</size>
         <input_file_ref idref="fl-8"/>
      </object_component>
      <object_component id="oc-40">
         <name>.debug_info</name>
         <load_address>0x58a2</load_address>
         <run_address>0x58a2</run_address>
         <size>0xf78</size>
         <input_file_ref idref="fl-9"/>
      </object_component>
      <object_component id="oc-47">
         <name>.debug_info</name>
         <load_address>0x681a</load_address>
         <run_address>0x681a</run_address>
         <size>0x6e4</size>
         <input_file_ref idref="fl-a"/>
      </object_component>
      <object_component id="oc-4c">
         <name>.debug_info</name>
         <load_address>0x6efe</load_address>
         <run_address>0x6efe</run_address>
         <size>0xb27</size>
         <input_file_ref idref="fl-b"/>
      </object_component>
      <object_component id="oc-52">
         <name>.debug_info</name>
         <load_address>0x7a25</load_address>
         <run_address>0x7a25</run_address>
         <size>0xb79</size>
         <input_file_ref idref="fl-c"/>
      </object_component>
      <object_component id="oc-58">
         <name>.debug_info</name>
         <load_address>0x859e</load_address>
         <run_address>0x859e</run_address>
         <size>0xfaf</size>
         <input_file_ref idref="fl-d"/>
      </object_component>
      <object_component id="oc-5e">
         <name>.debug_info</name>
         <load_address>0x954d</load_address>
         <run_address>0x954d</run_address>
         <size>0x67c</size>
         <input_file_ref idref="fl-e"/>
      </object_component>
      <object_component id="oc-65">
         <name>.debug_info</name>
         <load_address>0x9bc9</load_address>
         <run_address>0x9bc9</run_address>
         <size>0xce3</size>
         <input_file_ref idref="fl-f"/>
      </object_component>
      <object_component id="oc-6d">
         <name>.debug_info</name>
         <load_address>0xa8ac</load_address>
         <run_address>0xa8ac</run_address>
         <size>0xd2</size>
         <input_file_ref idref="fl-10"/>
      </object_component>
      <object_component id="oc-71">
         <name>.debug_info</name>
         <load_address>0xa97e</load_address>
         <run_address>0xa97e</run_address>
         <size>0x5ab</size>
         <input_file_ref idref="fl-28"/>
      </object_component>
      <object_component id="oc-75">
         <name>.debug_info</name>
         <load_address>0xaf29</load_address>
         <run_address>0xaf29</run_address>
         <size>0xe8</size>
         <input_file_ref idref="fl-29"/>
      </object_component>
      <object_component id="oc-79">
         <name>.debug_info</name>
         <load_address>0xb011</load_address>
         <run_address>0xb011</run_address>
         <size>0x81f</size>
         <input_file_ref idref="fl-2a"/>
      </object_component>
      <object_component id="oc-7d">
         <name>.debug_info</name>
         <load_address>0xb830</load_address>
         <run_address>0xb830</run_address>
         <size>0x7e8</size>
         <input_file_ref idref="fl-2b"/>
      </object_component>
      <object_component id="oc-82">
         <name>.debug_info</name>
         <load_address>0xc018</load_address>
         <run_address>0xc018</run_address>
         <size>0x5fb</size>
         <input_file_ref idref="fl-2c"/>
      </object_component>
      <object_component id="oc-88">
         <name>.debug_info</name>
         <load_address>0xc613</load_address>
         <run_address>0xc613</run_address>
         <size>0x4cf</size>
         <input_file_ref idref="fl-2d"/>
      </object_component>
      <object_component id="oc-8c">
         <name>.debug_info</name>
         <load_address>0xcae2</load_address>
         <run_address>0xcae2</run_address>
         <size>0x534</size>
         <input_file_ref idref="fl-2e"/>
      </object_component>
      <object_component id="oc-90">
         <name>.debug_info</name>
         <load_address>0xd016</load_address>
         <run_address>0xd016</run_address>
         <size>0x4cf</size>
         <input_file_ref idref="fl-2f"/>
      </object_component>
      <object_component id="oc-94">
         <name>.debug_info</name>
         <load_address>0xd4e5</load_address>
         <run_address>0xd4e5</run_address>
         <size>0x549</size>
         <input_file_ref idref="fl-30"/>
      </object_component>
      <object_component id="oc-99">
         <name>.debug_info</name>
         <load_address>0xda2e</load_address>
         <run_address>0xda2e</run_address>
         <size>0x549</size>
         <input_file_ref idref="fl-31"/>
      </object_component>
      <object_component id="oc-9e">
         <name>.debug_info</name>
         <load_address>0xdf77</load_address>
         <run_address>0xdf77</run_address>
         <size>0x53e</size>
         <input_file_ref idref="fl-32"/>
      </object_component>
      <object_component id="oc-a2">
         <name>.debug_info</name>
         <load_address>0xe4b5</load_address>
         <run_address>0xe4b5</run_address>
         <size>0xbd</size>
         <input_file_ref idref="fl-33"/>
      </object_component>
      <object_component id="oc-a6">
         <name>.debug_info</name>
         <load_address>0xe572</load_address>
         <run_address>0xe572</run_address>
         <size>0x55b</size>
         <input_file_ref idref="fl-34"/>
      </object_component>
      <object_component id="oc-ab">
         <name>.debug_info</name>
         <load_address>0xeacd</load_address>
         <run_address>0xeacd</run_address>
         <size>0x6ef</size>
         <input_file_ref idref="fl-35"/>
      </object_component>
      <object_component id="oc-b1">
         <name>.debug_info</name>
         <load_address>0xf1bc</load_address>
         <run_address>0xf1bc</run_address>
         <size>0x4de</size>
         <input_file_ref idref="fl-36"/>
      </object_component>
      <object_component id="oc-b5">
         <name>.debug_info</name>
         <load_address>0xf69a</load_address>
         <run_address>0xf69a</run_address>
         <size>0x521</size>
         <input_file_ref idref="fl-37"/>
      </object_component>
      <object_component id="oc-ba">
         <name>.debug_info</name>
         <load_address>0xfbbb</load_address>
         <run_address>0xfbbb</run_address>
         <size>0xbc</size>
         <input_file_ref idref="fl-38"/>
      </object_component>
      <object_component id="oc-bf">
         <name>.debug_info</name>
         <load_address>0xfc77</load_address>
         <run_address>0xfc77</run_address>
         <size>0x5bc</size>
         <input_file_ref idref="fl-39"/>
      </object_component>
      <object_component id="oc-c4">
         <name>.debug_info</name>
         <load_address>0x10233</load_address>
         <run_address>0x10233</run_address>
         <size>0x586</size>
         <input_file_ref idref="fl-3a"/>
      </object_component>
      <object_component id="oc-c8">
         <name>.debug_info</name>
         <load_address>0x107b9</load_address>
         <run_address>0x107b9</run_address>
         <size>0xcd</size>
         <input_file_ref idref="fl-3b"/>
      </object_component>
      <object_component id="oc-cc">
         <name>.debug_info</name>
         <load_address>0x10886</load_address>
         <run_address>0x10886</run_address>
         <size>0x4d2</size>
         <input_file_ref idref="fl-3c"/>
      </object_component>
      <object_component id="oc-d0">
         <name>.debug_info</name>
         <load_address>0x10d58</load_address>
         <run_address>0x10d58</run_address>
         <size>0x50c</size>
         <input_file_ref idref="fl-3d"/>
      </object_component>
      <object_component id="oc-d5">
         <name>.debug_info</name>
         <load_address>0x11264</load_address>
         <run_address>0x11264</run_address>
         <size>0x4b7</size>
         <input_file_ref idref="fl-3e"/>
      </object_component>
      <object_component id="oc-d9">
         <name>.debug_info</name>
         <load_address>0x1171b</load_address>
         <run_address>0x1171b</run_address>
         <size>0x52e</size>
         <input_file_ref idref="fl-3f"/>
      </object_component>
      <object_component id="oc-12d">
         <name>.debug_info</name>
         <load_address>0x11c49</load_address>
         <run_address>0x11c49</run_address>
         <size>0x6e</size>
      </object_component>
      <object_component id="oc-17">
         <name>.debug_frame</name>
         <load_address>0x0</load_address>
         <run_address>0x0</run_address>
         <size>0x138</size>
         <input_file_ref idref="fl-2"/>
      </object_component>
      <object_component id="oc-1d">
         <name>.debug_frame</name>
         <load_address>0x138</load_address>
         <run_address>0x138</run_address>
         <size>0x13c</size>
         <input_file_ref idref="fl-3"/>
      </object_component>
      <object_component id="oc-22">
         <name>.debug_frame</name>
         <load_address>0x274</load_address>
         <run_address>0x274</run_address>
         <size>0x132</size>
         <input_file_ref idref="fl-4"/>
      </object_component>
      <object_component id="oc-27">
         <name>.debug_frame</name>
         <load_address>0x3a6</load_address>
         <run_address>0x3a6</run_address>
         <size>0x157</size>
         <input_file_ref idref="fl-5"/>
      </object_component>
      <object_component id="oc-2d">
         <name>.debug_frame</name>
         <load_address>0x4fd</load_address>
         <run_address>0x4fd</run_address>
         <size>0x138</size>
         <input_file_ref idref="fl-6"/>
      </object_component>
      <object_component id="oc-32">
         <name>.debug_frame</name>
         <load_address>0x635</load_address>
         <run_address>0x635</run_address>
         <size>0x101</size>
         <input_file_ref idref="fl-7"/>
      </object_component>
      <object_component id="oc-3b">
         <name>.debug_frame</name>
         <load_address>0x736</load_address>
         <run_address>0x736</run_address>
         <size>0x329</size>
         <input_file_ref idref="fl-8"/>
      </object_component>
      <object_component id="oc-43">
         <name>.debug_frame</name>
         <load_address>0xa5f</load_address>
         <run_address>0xa5f</run_address>
         <size>0x192</size>
         <input_file_ref idref="fl-9"/>
      </object_component>
      <object_component id="oc-48">
         <name>.debug_frame</name>
         <load_address>0xbf1</load_address>
         <run_address>0xbf1</run_address>
         <size>0xe4</size>
         <input_file_ref idref="fl-a"/>
      </object_component>
      <object_component id="oc-4d">
         <name>.debug_frame</name>
         <load_address>0xcd5</load_address>
         <run_address>0xcd5</run_address>
         <size>0x13a</size>
         <input_file_ref idref="fl-b"/>
      </object_component>
      <object_component id="oc-54">
         <name>.debug_frame</name>
         <load_address>0xe0f</load_address>
         <run_address>0xe0f</run_address>
         <size>0x14d</size>
         <input_file_ref idref="fl-c"/>
      </object_component>
      <object_component id="oc-59">
         <name>.debug_frame</name>
         <load_address>0xf5c</load_address>
         <run_address>0xf5c</run_address>
         <size>0xe6</size>
         <input_file_ref idref="fl-d"/>
      </object_component>
      <object_component id="oc-60">
         <name>.debug_frame</name>
         <load_address>0x1042</load_address>
         <run_address>0x1042</run_address>
         <size>0xe4</size>
         <input_file_ref idref="fl-e"/>
      </object_component>
      <object_component id="oc-68">
         <name>.debug_frame</name>
         <load_address>0x1126</load_address>
         <run_address>0x1126</run_address>
         <size>0x13c</size>
         <input_file_ref idref="fl-f"/>
      </object_component>
      <object_component id="oc-18">
         <name>.debug_line</name>
         <load_address>0x0</load_address>
         <run_address>0x0</run_address>
         <size>0x112</size>
         <input_file_ref idref="fl-2"/>
      </object_component>
      <object_component id="oc-1e">
         <name>.debug_line</name>
         <load_address>0x112</load_address>
         <run_address>0x112</run_address>
         <size>0x144</size>
         <input_file_ref idref="fl-3"/>
      </object_component>
      <object_component id="oc-23">
         <name>.debug_line</name>
         <load_address>0x256</load_address>
         <run_address>0x256</run_address>
         <size>0xa0</size>
         <input_file_ref idref="fl-4"/>
      </object_component>
      <object_component id="oc-28">
         <name>.debug_line</name>
         <load_address>0x2f6</load_address>
         <run_address>0x2f6</run_address>
         <size>0xe7</size>
         <input_file_ref idref="fl-5"/>
      </object_component>
      <object_component id="oc-2e">
         <name>.debug_line</name>
         <load_address>0x3dd</load_address>
         <run_address>0x3dd</run_address>
         <size>0xc5</size>
         <input_file_ref idref="fl-6"/>
      </object_component>
      <object_component id="oc-33">
         <name>.debug_line</name>
         <load_address>0x4a2</load_address>
         <run_address>0x4a2</run_address>
         <size>0x8f</size>
         <input_file_ref idref="fl-7"/>
      </object_component>
      <object_component id="oc-3c">
         <name>.debug_line</name>
         <load_address>0x531</load_address>
         <run_address>0x531</run_address>
         <size>0x25f</size>
         <input_file_ref idref="fl-8"/>
      </object_component>
      <object_component id="oc-44">
         <name>.debug_line</name>
         <load_address>0x790</load_address>
         <run_address>0x790</run_address>
         <size>0x1ea</size>
         <input_file_ref idref="fl-9"/>
      </object_component>
      <object_component id="oc-49">
         <name>.debug_line</name>
         <load_address>0x97a</load_address>
         <run_address>0x97a</run_address>
         <size>0x4d</size>
         <input_file_ref idref="fl-a"/>
      </object_component>
      <object_component id="oc-4e">
         <name>.debug_line</name>
         <load_address>0x9c7</load_address>
         <run_address>0x9c7</run_address>
         <size>0xc8</size>
         <input_file_ref idref="fl-b"/>
      </object_component>
      <object_component id="oc-55">
         <name>.debug_line</name>
         <load_address>0xa8f</load_address>
         <run_address>0xa8f</run_address>
         <size>0xef</size>
         <input_file_ref idref="fl-c"/>
      </object_component>
      <object_component id="oc-5a">
         <name>.debug_line</name>
         <load_address>0xb7e</load_address>
         <run_address>0xb7e</run_address>
         <size>0x14c</size>
         <input_file_ref idref="fl-d"/>
      </object_component>
      <object_component id="oc-61">
         <name>.debug_line</name>
         <load_address>0xcca</load_address>
         <run_address>0xcca</run_address>
         <size>0x44</size>
         <input_file_ref idref="fl-e"/>
      </object_component>
      <object_component id="oc-69">
         <name>.debug_line</name>
         <load_address>0xd0e</load_address>
         <run_address>0xd0e</run_address>
         <size>0xad</size>
         <input_file_ref idref="fl-f"/>
      </object_component>
      <object_component id="oc-6e">
         <name>.debug_line</name>
         <load_address>0xdbb</load_address>
         <run_address>0xdbb</run_address>
         <size>0x3d</size>
         <input_file_ref idref="fl-10"/>
      </object_component>
      <object_component id="oc-72">
         <name>.debug_line</name>
         <load_address>0xdf8</load_address>
         <run_address>0xdf8</run_address>
         <size>0x5c</size>
         <input_file_ref idref="fl-28"/>
      </object_component>
      <object_component id="oc-76">
         <name>.debug_line</name>
         <load_address>0xe54</load_address>
         <run_address>0xe54</run_address>
         <size>0x54</size>
         <input_file_ref idref="fl-29"/>
      </object_component>
      <object_component id="oc-7a">
         <name>.debug_line</name>
         <load_address>0xea8</load_address>
         <run_address>0xea8</run_address>
         <size>0xad</size>
         <input_file_ref idref="fl-2a"/>
      </object_component>
      <object_component id="oc-7e">
         <name>.debug_line</name>
         <load_address>0xf55</load_address>
         <run_address>0xf55</run_address>
         <size>0x5b</size>
         <input_file_ref idref="fl-2b"/>
      </object_component>
      <object_component id="oc-85">
         <name>.debug_line</name>
         <load_address>0xfb0</load_address>
         <run_address>0xfb0</run_address>
         <size>0x51</size>
         <input_file_ref idref="fl-2c"/>
      </object_component>
      <object_component id="oc-89">
         <name>.debug_line</name>
         <load_address>0x1001</load_address>
         <run_address>0x1001</run_address>
         <size>0x3d</size>
         <input_file_ref idref="fl-2d"/>
      </object_component>
      <object_component id="oc-8d">
         <name>.debug_line</name>
         <load_address>0x103e</load_address>
         <run_address>0x103e</run_address>
         <size>0x3d</size>
         <input_file_ref idref="fl-2e"/>
      </object_component>
      <object_component id="oc-91">
         <name>.debug_line</name>
         <load_address>0x107b</load_address>
         <run_address>0x107b</run_address>
         <size>0x3d</size>
         <input_file_ref idref="fl-2f"/>
      </object_component>
      <object_component id="oc-96">
         <name>.debug_line</name>
         <load_address>0x10b8</load_address>
         <run_address>0x10b8</run_address>
         <size>0x44</size>
         <input_file_ref idref="fl-30"/>
      </object_component>
      <object_component id="oc-9b">
         <name>.debug_line</name>
         <load_address>0x10fc</load_address>
         <run_address>0x10fc</run_address>
         <size>0x44</size>
         <input_file_ref idref="fl-31"/>
      </object_component>
      <object_component id="oc-9f">
         <name>.debug_line</name>
         <load_address>0x1140</load_address>
         <run_address>0x1140</run_address>
         <size>0x40</size>
         <input_file_ref idref="fl-32"/>
      </object_component>
      <object_component id="oc-a3">
         <name>.debug_line</name>
         <load_address>0x1180</load_address>
         <run_address>0x1180</run_address>
         <size>0x3c</size>
         <input_file_ref idref="fl-33"/>
      </object_component>
      <object_component id="oc-a7">
         <name>.debug_line</name>
         <load_address>0x11bc</load_address>
         <run_address>0x11bc</run_address>
         <size>0x3c</size>
         <input_file_ref idref="fl-34"/>
      </object_component>
      <object_component id="oc-ae">
         <name>.debug_line</name>
         <load_address>0x11f8</load_address>
         <run_address>0x11f8</run_address>
         <size>0x54</size>
         <input_file_ref idref="fl-35"/>
      </object_component>
      <object_component id="oc-b2">
         <name>.debug_line</name>
         <load_address>0x124c</load_address>
         <run_address>0x124c</run_address>
         <size>0x37</size>
         <input_file_ref idref="fl-36"/>
      </object_component>
      <object_component id="oc-b7">
         <name>.debug_line</name>
         <load_address>0x1283</load_address>
         <run_address>0x1283</run_address>
         <size>0x38</size>
         <input_file_ref idref="fl-37"/>
      </object_component>
      <object_component id="oc-bb">
         <name>.debug_line</name>
         <load_address>0x12bb</load_address>
         <run_address>0x12bb</run_address>
         <size>0x37</size>
         <input_file_ref idref="fl-38"/>
      </object_component>
      <object_component id="oc-c1">
         <name>.debug_line</name>
         <load_address>0x12f2</load_address>
         <run_address>0x12f2</run_address>
         <size>0x57</size>
         <input_file_ref idref="fl-39"/>
      </object_component>
      <object_component id="oc-c5">
         <name>.debug_line</name>
         <load_address>0x1349</load_address>
         <run_address>0x1349</run_address>
         <size>0x41</size>
         <input_file_ref idref="fl-3a"/>
      </object_component>
      <object_component id="oc-c9">
         <name>.debug_line</name>
         <load_address>0x138a</load_address>
         <run_address>0x138a</run_address>
         <size>0x55</size>
         <input_file_ref idref="fl-3b"/>
      </object_component>
      <object_component id="oc-cd">
         <name>.debug_line</name>
         <load_address>0x13df</load_address>
         <run_address>0x13df</run_address>
         <size>0x3a</size>
         <input_file_ref idref="fl-3c"/>
      </object_component>
      <object_component id="oc-d2">
         <name>.debug_line</name>
         <load_address>0x1419</load_address>
         <run_address>0x1419</run_address>
         <size>0x3c</size>
         <input_file_ref idref="fl-3d"/>
      </object_component>
      <object_component id="oc-d6">
         <name>.debug_line</name>
         <load_address>0x1455</load_address>
         <run_address>0x1455</run_address>
         <size>0x37</size>
         <input_file_ref idref="fl-3e"/>
      </object_component>
      <object_component id="oc-db">
         <name>.debug_line</name>
         <load_address>0x148c</load_address>
         <run_address>0x148c</run_address>
         <size>0x3a</size>
         <input_file_ref idref="fl-3f"/>
      </object_component>
      <object_component id="oc-19">
         <name>.debug_abbrev</name>
         <load_address>0x0</load_address>
         <run_address>0x0</run_address>
         <size>0x158</size>
         <input_file_ref idref="fl-2"/>
      </object_component>
      <object_component id="oc-1f">
         <name>.debug_abbrev</name>
         <load_address>0x158</load_address>
         <run_address>0x158</run_address>
         <size>0xf5</size>
         <input_file_ref idref="fl-3"/>
      </object_component>
      <object_component id="oc-24">
         <name>.debug_abbrev</name>
         <load_address>0x24d</load_address>
         <run_address>0x24d</run_address>
         <size>0x112</size>
         <input_file_ref idref="fl-4"/>
      </object_component>
      <object_component id="oc-29">
         <name>.debug_abbrev</name>
         <load_address>0x35f</load_address>
         <run_address>0x35f</run_address>
         <size>0xe0</size>
         <input_file_ref idref="fl-5"/>
      </object_component>
      <object_component id="oc-2f">
         <name>.debug_abbrev</name>
         <load_address>0x43f</load_address>
         <run_address>0x43f</run_address>
         <size>0x147</size>
         <input_file_ref idref="fl-6"/>
      </object_component>
      <object_component id="oc-34">
         <name>.debug_abbrev</name>
         <load_address>0x586</load_address>
         <run_address>0x586</run_address>
         <size>0x105</size>
         <input_file_ref idref="fl-7"/>
      </object_component>
      <object_component id="oc-3d">
         <name>.debug_abbrev</name>
         <load_address>0x68b</load_address>
         <run_address>0x68b</run_address>
         <size>0x1c5</size>
         <input_file_ref idref="fl-8"/>
      </object_component>
      <object_component id="oc-45">
         <name>.debug_abbrev</name>
         <load_address>0x850</load_address>
         <run_address>0x850</run_address>
         <size>0x14f</size>
         <input_file_ref idref="fl-9"/>
      </object_component>
      <object_component id="oc-4a">
         <name>.debug_abbrev</name>
         <load_address>0x99f</load_address>
         <run_address>0x99f</run_address>
         <size>0x99</size>
         <input_file_ref idref="fl-a"/>
      </object_component>
      <object_component id="oc-4f">
         <name>.debug_abbrev</name>
         <load_address>0xa38</load_address>
         <run_address>0xa38</run_address>
         <size>0xef</size>
         <input_file_ref idref="fl-b"/>
      </object_component>
      <object_component id="oc-56">
         <name>.debug_abbrev</name>
         <load_address>0xb27</load_address>
         <run_address>0xb27</run_address>
         <size>0x135</size>
         <input_file_ref idref="fl-c"/>
      </object_component>
      <object_component id="oc-5b">
         <name>.debug_abbrev</name>
         <load_address>0xc5c</load_address>
         <run_address>0xc5c</run_address>
         <size>0xf1</size>
         <input_file_ref idref="fl-d"/>
      </object_component>
      <object_component id="oc-62">
         <name>.debug_abbrev</name>
         <load_address>0xd4d</load_address>
         <run_address>0xd4d</run_address>
         <size>0xc7</size>
         <input_file_ref idref="fl-e"/>
      </object_component>
      <object_component id="oc-6a">
         <name>.debug_abbrev</name>
         <load_address>0xe14</load_address>
         <run_address>0xe14</run_address>
         <size>0x134</size>
         <input_file_ref idref="fl-f"/>
      </object_component>
      <object_component id="oc-6f">
         <name>.debug_abbrev</name>
         <load_address>0xf48</load_address>
         <run_address>0xf48</run_address>
         <size>0x20</size>
         <input_file_ref idref="fl-10"/>
      </object_component>
      <object_component id="oc-73">
         <name>.debug_abbrev</name>
         <load_address>0xf68</load_address>
         <run_address>0xf68</run_address>
         <size>0xd4</size>
         <input_file_ref idref="fl-28"/>
      </object_component>
      <object_component id="oc-77">
         <name>.debug_abbrev</name>
         <load_address>0x103c</load_address>
         <run_address>0x103c</run_address>
         <size>0x3a</size>
         <input_file_ref idref="fl-29"/>
      </object_component>
      <object_component id="oc-7b">
         <name>.debug_abbrev</name>
         <load_address>0x1076</load_address>
         <run_address>0x1076</run_address>
         <size>0xb7</size>
         <input_file_ref idref="fl-2a"/>
      </object_component>
      <object_component id="oc-7f">
         <name>.debug_abbrev</name>
         <load_address>0x112d</load_address>
         <run_address>0x112d</run_address>
         <size>0x112</size>
         <input_file_ref idref="fl-2b"/>
      </object_component>
      <object_component id="oc-86">
         <name>.debug_abbrev</name>
         <load_address>0x123f</load_address>
         <run_address>0x123f</run_address>
         <size>0xf7</size>
         <input_file_ref idref="fl-2c"/>
      </object_component>
      <object_component id="oc-8a">
         <name>.debug_abbrev</name>
         <load_address>0x1336</load_address>
         <run_address>0x1336</run_address>
         <size>0x8f</size>
         <input_file_ref idref="fl-2d"/>
      </object_component>
      <object_component id="oc-8e">
         <name>.debug_abbrev</name>
         <load_address>0x13c5</load_address>
         <run_address>0x13c5</run_address>
         <size>0xb7</size>
         <input_file_ref idref="fl-2e"/>
      </object_component>
      <object_component id="oc-92">
         <name>.debug_abbrev</name>
         <load_address>0x147c</load_address>
         <run_address>0x147c</run_address>
         <size>0x8f</size>
         <input_file_ref idref="fl-2f"/>
      </object_component>
      <object_component id="oc-97">
         <name>.debug_abbrev</name>
         <load_address>0x150b</load_address>
         <run_address>0x150b</run_address>
         <size>0xc2</size>
         <input_file_ref idref="fl-30"/>
      </object_component>
      <object_component id="oc-9c">
         <name>.debug_abbrev</name>
         <load_address>0x15cd</load_address>
         <run_address>0x15cd</run_address>
         <size>0xc2</size>
         <input_file_ref idref="fl-31"/>
      </object_component>
      <object_component id="oc-a0">
         <name>.debug_abbrev</name>
         <load_address>0x168f</load_address>
         <run_address>0x168f</run_address>
         <size>0x9a</size>
         <input_file_ref idref="fl-32"/>
      </object_component>
      <object_component id="oc-a4">
         <name>.debug_abbrev</name>
         <load_address>0x1729</load_address>
         <run_address>0x1729</run_address>
         <size>0x38</size>
         <input_file_ref idref="fl-33"/>
      </object_component>
      <object_component id="oc-a8">
         <name>.debug_abbrev</name>
[...]
         <value>0x1c2e</value>
         <object_component_ref idref="oc-3a"/>
      </symbol>
      <symbol id="sm-f7">
         <name>_configAudioDma</name>
         <value>0x2059</value>
         <object_component_ref idref="oc-35"/>
      </symbol>
      <symbol id="sm-f8">
         <name>_currentEffect</name>
         <value>0x5b1a</value>
         <object_component_ref idref="oc-36"/>
      </symbol>
      <symbol id="sm-f9">
         <name>_stopAudioDma</name>
         <value>0x216b</value>
         <object_component_ref idref="oc-35"/>
      </symbol>
      <symbol id="sm-fa">
         <name>_RxBuffer</name>
         <value>0x5000</value>
         <object_component_ref idref="oc-39"/>
      </symbol>
      <symbol id="sm-fb">
         <name>_dmaRxIsr</name>
         <value>0x1a6f</value>
         <object_component_ref idref="oc-3a"/>
      </symbol>
      <symbol id="sm-fc">
         <name>_TxBuffer</name>
         <value>0x5400</value>
         <object_component_ref idref="oc-39"/>
      </symbol>
      <symbol id="sm-fd">
         <name>_dmaPingPongFlag</name>
         <value>0x5b18</value>
         <object_component_ref idref="oc-36"/>
      </symbol>
      <symbol id="sm-149">
         <name>_processAudioTremolo</name>
         <value>0xf79</value>
         <object_component_ref idref="oc-3e"/>
      </symbol>
      <symbol id="sm-14a">
         <name>_processAudioLoopback</name>
         <value>0xe29</value>
         <object_component_ref idref="oc-3e"/>
      </symbol>
      <symbol id="sm-14b">
         <name>_initEffect</name>
         <value>0xc93</value>
         <object_component_ref idref="oc-3e"/>
      </symbol>
      <symbol id="sm-14c">
         <name>_g_lfoIndex</name>
         <value>0x5b02</value>
         <object_component_ref idref="oc-3f"/>
      </symbol>
      <symbol id="sm-14d">
         <name>_tremoloProcess</name>
         <value>0xdd0</value>
         <object_component_ref idref="oc-3e"/>
      </symbol>
      <symbol id="sm-14e">
         <name>_cleanupEffect</name>
         <value>0xd67</value>
         <object_component_ref idref="oc-3e"/>
      </symbol>
      <symbol id="sm-14f">
         <name>_processAudioFlanger</name>
         <value>0xe62</value>
         <object_component_ref idref="oc-3e"/>
      </symbol>
      <symbol id="sm-150">
         <name>_g_lfoTable</name>
         <value>0x5a02</value>
         <object_component_ref idref="oc-3f"/>
      </symbol>
      <symbol id="sm-151">
         <name>_g_flangerWriteIndex</name>
         <value>0x5a00</value>
         <object_component_ref idref="oc-3f"/>
      </symbol>
      <symbol id="sm-152">
         <name>_g_tremolo</name>
         <value>0x5b04</value>
         <object_component_ref idref="oc-3f"/>
      </symbol>
      <symbol id="sm-153">
         <name>_tremoloSweep</name>
         <value>0xd7d</value>
         <object_component_ref idref="oc-3e"/>
      </symbol>
      <symbol id="sm-154">
         <name>_g_flangerBuffer</name>
         <value>0x5800</value>
         <object_component_ref idref="oc-3f"/>
      </symbol>
      <symbol id="sm-15e">
         <name>_initLed</name>
         <value>0x39d5</value>
         <object_component_ref idref="oc-46"/>
      </symbol>
      <symbol id="sm-16c">
         <name>_osd9616_init</name>
         <value>0x2312</value>
         <object_component_ref idref="oc-4b"/>
      </symbol>
      <symbol id="sm-16d">
         <name>_osd9616_multiSend</name>
         <value>0x2412</value>
         <object_component_ref idref="oc-4b"/>
      </symbol>
      <symbol id="sm-16e">
         <name>_osd9616_send</name>
         <value>0x23f2</value>
         <object_component_ref idref="oc-4b"/>
      </symbol>
      <symbol id="sm-16f">
         <name>_printLetter</name>
         <value>0x2460</value>
         <object_component_ref idref="oc-4b"/>
      </symbol>
      <symbol id="sm-18a">
         <name>_main</name>
         <value>0x2a03</value>
         <object_component_ref idref="oc-50"/>
      </symbol>
      <symbol id="sm-18b">
         <name>_ledNum</name>
         <value>0x5bd0</value>
         <object_component_ref idref="oc-51"/>
      </symbol>
      <symbol id="sm-18c">
         <name>_sw2State</name>
         <value>0x5bd4</value>
         <object_component_ref idref="oc-51"/>
      </symbol>
      <symbol id="sm-18d">
         <name>_sw1State</name>
         <value>0x5bd2</value>
         <object_component_ref idref="oc-51"/>
      </symbol>
      <symbol id="sm-18e">
         <name>_checkTimer</name>
         <value>0x2a8a</value>
         <object_component_ref idref="oc-50"/>
      </symbol>
      <symbol id="sm-18f">
         <name>_configPort</name>
         <value>0x2a3a</value>
         <object_component_ref idref="oc-50"/>
      </symbol>
      <symbol id="sm-190">
         <name>_checkSwitch</name>
         <value>0x2ad3</value>
         <object_component_ref idref="oc-50"/>
      </symbol>
      <symbol id="sm-1c6">
         <name>_oled_start</name>
         <value>0x300</value>
         <object_component_ref idref="oc-57"/>
      </symbol>
      <symbol id="sm-1d4">
         <name>_myCfg</name>
         <value>0x5b8c</value>
         <object_component_ref idref="oc-5d"/>
      </symbol>
      <symbol id="sm-1d5">
         <name>_initPLL</name>
         <value>0x3cba</value>
         <object_component_ref idref="oc-5c"/>
      </symbol>
      <symbol id="sm-1e7">
         <name>_myhGpt</name>
         <value>0x5b70</value>
         <object_component_ref idref="oc-64"/>
      </symbol>
      <symbol id="sm-1e8">
         <name>_gpt0Isr</name>
         <value>0x3cdc</value>
         <object_component_ref idref="oc-67"/>
      </symbol>
      <symbol id="sm-1e9">
         <name>_timerState</name>
         <value>0x5b68</value>
         <object_component_ref idref="oc-64"/>
      </symbol>
      <symbol id="sm-1ea">
         <name>_startTimer0</name>
         <value>0x2502</value>
         <object_component_ref idref="oc-63"/>
      </symbol>
      <symbol id="sm-1eb">
         <name>_initTimer0</name>
         <value>0x249d</value>
         <object_component_ref idref="oc-63"/>
      </symbol>
      <symbol id="sm-1ec">
         <name>_timerFlag</name>
         <value>0x5b6a</value>
         <object_component_ref idref="oc-64"/>
      </symbol>
      <symbol id="sm-1ed">
         <name>_changeTimer</name>
         <value>0x2512</value>
         <object_component_ref idref="oc-63"/>
      </symbol>
      <symbol id="sm-1ee">
         <name>_myGptCfg</name>
         <value>0x5b74</value>
         <object_component_ref idref="oc-64"/>
      </symbol>
      <symbol id="sm-1ef">
         <name>_gpt12Evt_Id</name>
         <value>0x5b6c</value>
         <object_component_ref idref="oc-64"/>
      </symbol>
      <symbol id="sm-210">
         <name>no_isr</name>
         <value>0x2d7e</value>
         <object_component_ref idref="oc-6b"/>
      </symbol>
      <symbol id="sm-211">
         <name>_VECSTART</name>
         <value>0x1c0</value>
         <object_component_ref idref="oc-6c"/>
      </symbol>
      <symbol id="sm-212">
         <name>_vecs</name>
         <value>0x1c0</value>
         <object_component_ref idref="oc-6c"/>
      </symbol>
      <symbol id="sm-21c">
         <name>__addd</name>
         <value>0x122d</value>
         <object_component_ref idref="oc-70"/>
      </symbol>
      <symbol id="sm-228">
         <name>__sysstack</name>
         <value>0x3e60</value>
         <object_component_ref idref="oc-10b"/>
      </symbol>
      <symbol id="sm-229">
         <name>_c_int00</name>
         <value>0x3c3a</value>
         <object_component_ref idref="oc-13"/>
      </symbol>
      <symbol id="sm-22a">
         <name>__stack</name>
         <value>0x61e0</value>
         <object_component_ref idref="oc-74"/>
      </symbol>
      <symbol id="sm-234">
         <name>__eqld</name>
         <value>0x19e3</value>
         <object_component_ref idref="oc-78"/>
      </symbol>
      <symbol id="sm-235">
         <name>__cmpd</name>
         <value>0x1a17</value>
         <object_component_ref idref="oc-78"/>
      </symbol>
      <symbol id="sm-236">
         <name>__neqd</name>
         <value>0x1885</value>
         <object_component_ref idref="oc-78"/>
      </symbol>
      <symbol id="sm-237">
         <name>__gtrd</name>
         <value>0x194e</value>
         <object_component_ref idref="oc-78"/>
      </symbol>
      <symbol id="sm-238">
         <name>__geqd</name>
         <value>0x1999</value>
         <object_component_ref idref="oc-78"/>
      </symbol>
      <symbol id="sm-239">
         <name>__leqd</name>
         <value>0x1901</value>
         <object_component_ref idref="oc-78"/>
      </symbol>
      <symbol id="sm-23a">
         <name>__lssd</name>
         <value>0x18b9</value>
         <object_component_ref idref="oc-78"/>
      </symbol>
      <symbol id="sm-246">
         <name>__divd</name>
         <value>0x8c7</value>
         <object_component_ref idref="oc-7c"/>
      </symbol>
      <symbol id="sm-256">
         <name>C$$EXIT</name>
         <value>0x3e29</value>
         <object_component_ref idref="oc-84"/>
      </symbol>
      <symbol id="sm-257">
         <name>_exit</name>
         <value>0x3b54</value>
         <object_component_ref idref="oc-80"/>
      </symbol>
      <symbol id="sm-258">
         <name>_abort</name>
         <value>0x3e28</value>
         <object_component_ref idref="oc-84"/>
      </symbol>
      <symbol id="sm-259">
         <name>__cleanup_ptr</name>
         <value>0x5bc8</value>
         <object_component_ref idref="oc-81"/>
      </symbol>
      <symbol id="sm-25a">
         <name>__dtors_ptr</name>
         <value>0x5bcc</value>
         <object_component_ref idref="oc-81"/>
      </symbol>
      <symbol id="sm-264">
         <name>__fixdi</name>
         <value>0x3c6e</value>
         <object_component_ref idref="oc-87"/>
      </symbol>
      <symbol id="sm-26e">
         <name>__fixdli</name>
         <value>0x376e</value>
         <object_component_ref idref="oc-8b"/>
      </symbol>
      <symbol id="sm-278">
         <name>__fltid</name>
         <value>0x3e1c</value>
         <object_component_ref idref="oc-8f"/>
      </symbol>
      <symbol id="sm-284">
         <name>__fltlid</name>
         <value>0x38b4</value>
         <object_component_ref idref="oc-93"/>
      </symbol>
      <symbol id="sm-290">
         <name>__fltuld</name>
         <value>0x397a</value>
         <object_component_ref idref="oc-98"/>
      </symbol>
      <symbol id="sm-29a">
         <name>__frcmpyd_div</name>
         <value>0x35a9</value>
         <object_component_ref idref="oc-9d"/>
      </symbol>
      <symbol id="sm-2a2">
         <name>__mpyli</name>
         <value>0x3d9f</value>
         <object_component_ref idref="oc-a1"/>
      </symbol>
      <symbol id="sm-2a3">
         <name>I$$LMPY</name>
         <value>0x3d9f</value>
         <object_component_ref idref="oc-a1"/>
      </symbol>
      <symbol id="sm-2ad">
         <name>__mpyd</name>
         <value>0x28b7</value>
         <object_component_ref idref="oc-a5"/>
      </symbol>
      <symbol id="sm-2be">
         <name>_sin</name>
         <value>0x1693</value>
         <object_component_ref idref="oc-a9"/>
      </symbol>
      <symbol id="sm-2c8">
         <name>__subd</name>
         <value>0x3d78</value>
         <object_component_ref idref="oc-b0"/>
      </symbol>
      <symbol id="sm-2d4">
         <name>__trunc</name>
         <value>0x3b13</value>
         <object_component_ref idref="oc-b4"/>
      </symbol>
      <symbol id="sm-2de">
         <name>_Reset</name>
         <value>0xc0</value>
         <object_component_ref idref="oc-14"/>
      </symbol>
      <symbol id="sm-2ec">
         <name>__unlock</name>
         <value>0x5bc4</value>
         <object_component_ref idref="oc-be"/>
      </symbol>
      <symbol id="sm-2ed">
         <name>__lock</name>
         <value>0x5bc0</value>
         <object_component_ref idref="oc-be"/>
      </symbol>
      <symbol id="sm-2ee">
         <name>__register_lock</name>
         <value>0x3dba</value>
         <object_component_ref idref="oc-bd"/>
      </symbol>
      <symbol id="sm-2ef">
         <name>__nop</name>
         <value>0x3dc2</value>
         <object_component_ref idref="oc-bd"/>
      </symbol>
      <symbol id="sm-2f0">
         <name>__register_unlock</name>
         <value>0x3db2</value>
         <object_component_ref idref="oc-bd"/>
      </symbol>
      <symbol id="sm-2fa">
         <name>__args_main</name>
         <value>0x3ac8</value>
         <object_component_ref idref="oc-c3"/>
      </symbol>
      <symbol id="sm-2fb">
         <name>__TI_args_main</name>
         <value>0x1</value>
      </symbol>
      <symbol id="sm-303">
         <name>_auto_init</name>
         <value>0x3a7b</value>
         <object_component_ref idref="oc-c7"/>
      </symbol>
      <symbol id="sm-30d">
         <name>__frcmpyd</name>
         <value>0x3533</value>
         <object_component_ref idref="oc-cb"/>
      </symbol>
      <symbol id="sm-319">
         <name>_modf</name>
         <value>0x30d7</value>
         <object_component_ref idref="oc-cf"/>
      </symbol>
      <symbol id="sm-323">
         <name>__negd</name>
         <value>0x3dc4</value>
         <object_component_ref idref="oc-d4"/>
      </symbol>
      <symbol id="sm-32f">
         <name>__nround</name>
         <value>0x391b</value>
         <object_component_ref idref="oc-d8"/>
      </symbol>
      <symbol id="sm-333">
         <name>__CSL_init</name>
         <value>0x3df4</value>
         <object_component_ref idref="oc-dd"/>
      </symbol>
      <symbol id="sm-339">
         <name>_CSL5502_LIB_</name>
         <value>0x3e40</value>
         <object_component_ref idref="oc-de"/>
      </symbol>
      <symbol id="sm-33a">
         <name>_CSL_init</name>
         <value>0x3e04</value>
         <object_component_ref idref="oc-df"/>
      </symbol>
      <symbol id="sm-340">
         <name>_CSL_SysData</name>
         <value>0x6148</value>
         <object_component_ref idref="oc-e1"/>
      </symbol>
      <symbol id="sm-344">
         <name>_DMA_config</name>
         <value>0x2c70</value>
         <object_component_ref idref="oc-e2"/>
      </symbol>
      <symbol id="sm-349">
         <name>_DMA_open</name>
         <value>0x2f48</value>
         <object_component_ref idref="oc-e3"/>
      </symbol>
      <symbol id="sm-34d">
         <name>_DMA_reset</name>
         <value>0x1c4c</value>
         <object_component_ref idref="oc-e4"/>
      </symbol>
      <symbol id="sm-351">
         <name>_GPIO_pinDirection</name>
         <value>0x3d24</value>
         <object_component_ref idref="oc-e5"/>
      </symbol>
      <symbol id="sm-355">
         <name>_GPIO_pinEnable</name>
         <value>0x3d8c</value>
         <object_component_ref idref="oc-e6"/>
      </symbol>
      <symbol id="sm-359">
         <name>_GPIO_open</name>
         <value>0x3a2c</value>
         <object_component_ref idref="oc-e7"/>
      </symbol>
      <symbol id="sm-35d">
         <name>_GPIO_pinRead</name>
         <value>0x3d64</value>
         <object_component_ref idref="oc-e8"/>
      </symbol>
      <symbol id="sm-361">
         <name>_GPIO_pinWrite</name>
         <value>0x3d44</value>
         <object_component_ref idref="oc-e9"/>
      </symbol>
      <symbol id="sm-365">
         <name>_GPT_config</name>
         <value>0x34b8</value>
         <object_component_ref idref="oc-ea"/>
      </symbol>
      <symbol id="sm-36a">
         <name>_GPT_open</name>
         <value>0x3014</value>
         <object_component_ref idref="oc-eb"/>
      </symbol>
      <symbol id="sm-36e">
         <name>_GPT_reset</name>
         <value>0x2e70</value>
         <object_component_ref idref="oc-ec"/>
      </symbol>
      <symbol id="sm-372">
         <name>_GPT_start12</name>
         <value>0x3d00</value>
         <object_component_ref idref="oc-ed"/>
      </symbol>
      <symbol id="sm-376">
         <name>_GPT_stop12</name>
         <value>0x3c98</value>
         <object_component_ref idref="oc-ee"/>
      </symbol>
      <symbol id="sm-37a">
         <name>_I2C_config</name>
         <value>0x361c</value>
         <object_component_ref idref="oc-ef"/>
      </symbol>
      <symbol id="sm-382">
         <name>_I2C_read</name>
         <value>0x260c</value>
         <object_component_ref idref="oc-f0"/>
      </symbol>
      <symbol id="sm-38c">
         <name>_I2C_write</name>
         <value>0x2184</value>
         <object_component_ref idref="oc-f1"/>
      </symbol>
      <symbol id="sm-390">
         <name>_IRQ_clear</name>
         <value>0x3b94</value>
         <object_component_ref idref="oc-f2"/>
      </symbol>
      <symbol id="sm-394">
         <name>_IRQ_disable</name>
         <value>0x3690</value>
         <object_component_ref idref="oc-f3"/>
      </symbol>
      <symbol id="sm-398">
         <name>_IRQ_enable</name>
         <value>0x384c</value>
         <object_component_ref idref="oc-f4"/>
      </symbol>
      <symbol id="sm-39c">
         <name>_IRQ_globalDisable</name>
         <value>0x3dd4</value>
         <object_component_ref idref="oc-f5"/>
      </symbol>
      <symbol id="sm-3a0">
         <name>_IRQ_globalEnable</name>
         <value>0x3de4</value>
         <object_component_ref idref="oc-f6"/>
      </symbol>
      <symbol id="sm-3a4">
         <name>_IRQ_globalRestore</name>
         <value>0x3e10</value>
         <object_component_ref idref="oc-f7"/>
      </symbol>
      <symbol id="sm-3a8">
         <name>_IRQ_plug</name>
         <value>0x33a8</value>
         <object_component_ref idref="oc-f8"/>
      </symbol>
      <symbol id="sm-3ac">
         <name>_IRQ_setVecs</name>
         <value>0x3bcc</value>
         <object_component_ref idref="oc-f9"/>
      </symbol>
      <symbol id="sm-3b0">
         <name>_MCBSP_config</name>
         <value>0x2b40</value>
         <object_component_ref idref="oc-fa"/>
      </symbol>
      <symbol id="sm-3b4">
         <name>_MCBSP_close</name>
         <value>0x3c04</value>
         <object_component_ref idref="oc-fb"/>
      </symbol>
      <symbol id="sm-3b9">
         <name>_MCBSP_open</name>
         <value>0x2d80</value>
         <object_component_ref idref="oc-fc"/>
      </symbol>
      <symbol id="sm-3bd">
         <name>_MCBSP_read16</name>
         <value>0x3e30</value>
         <object_component_ref idref="oc-fd"/>
      </symbol>
      <symbol id="sm-3c1">
         <name>_MCBSP_reset</name>
         <value>0xfcc</value>
         <object_component_ref idref="oc-fe"/>
      </symbol>
      <symbol id="sm-3c5">
         <name>_MCBSP_start</name>
         <value>0x3434</value>
         <object_component_ref idref="oc-ff"/>
      </symbol>
      <symbol id="sm-3c9">
         <name>_MCBSP_write16</name>
         <value>0x3e38</value>
         <object_component_ref idref="oc-100"/>
      </symbol>
      <symbol id="sm-3cd">
         <name>_PLL_config</name>
         <value>0x3250</value>
         <object_component_ref idref="oc-101"/>
      </symbol>
      <symbol id="sm-3d1">
         <name>_PLL_setFreq</name>
         <value>0x3300</value>
         <object_component_ref idref="oc-102"/>
      </symbol>
      <symbol id="sm-3d7">
         <name>_CSL_DmaData</name>
         <value>0x5f80</value>
         <object_component_ref idref="oc-104"/>
      </symbol>
      <symbol id="sm-3dd">
         <name>_CSL_GpioData</name>
         <value>0x618c</value>
         <object_component_ref idref="oc-106"/>
      </symbol>
      <symbol id="sm-3e3">
         <name>_CSL_GptData</name>
         <value>0x61cc</value>
         <object_component_ref idref="oc-108"/>
      </symbol>
      <symbol id="sm-3e9">
         <name>_CSL_McbspData</name>
         <value>0x607c</value>
         <object_component_ref idref="oc-10a"/>
      </symbol>
   </symbol_table>
</link_info>
